
> redux-forth@1.0.0 test /home/hmt/hmtgithub/redux-forth
> cross-env NODE_ENV=test karma start karma.config.js



 SMP  ⏱  
General output time took 1.87 secs

 SMP  ⏱  Loaders
babel-loader took 1.38 secs
  module count = 3
modules with no loaders took 0.156 secs
  module count = 17



[34mℹ[39m [90m｢wdm｣[39m: Hash: [1me30cc2fc05a9ae12cf0f[39m[22m
Version: webpack [1m4.41.0[39m[22m
Time: [1m472[39m[22mms
Built at: 2019-10-10 [1m17:21:10[39m[22m
                                     [1mAsset[39m[22m      [1mSize[39m[22m                                   [1mChunks[39m[22m  [1m[39m[22m           [1m[39m[22m[1mChunk Names[39m[22m
                                   [1m[32mmain.js[39m[22m  93.6 KiB                                     [1mmain[39m[22m  [1m[32m[emitted][39m[22m  main
            [1m[32msrc/main/javascript/scripts.js[39m[22m  93.6 KiB              [1msrc/main/javascript/scripts[39m[22m  [1m[32m[emitted][39m[22m  src/main/javascript/scripts
[1m[32msrc/test/javascript/feature/redux.steps.js[39m[22m  88.4 KiB  [1msrc/test/javascript/feature/redux.steps[39m[22m  [1m[32m[emitted][39m[22m  src/test/javascript/feature/redux.steps
Entrypoint [1mmain[39m[22m = [1m[32mmain.js[39m[22m
Entrypoint [1msrc/main/javascript/scripts[39m[22m = [1m[32msrc/main/javascript/scripts.js[39m[22m
Entrypoint [1msrc/test/javascript/feature/redux.steps[39m[22m = [1m[32msrc/test/javascript/feature/redux.steps.js[39m[22m
[[1m../node_modules/object-assign/index.js[39m[22m] 2.06 KiB {[1m[33msrc/test/javascript/feature/redux.steps[39m[22m}[1m[32m [built][39m[22m
[[1m../node_modules/prop-types/checkPropTypes.js[39m[22m] 3.69 KiB {[1m[33msrc/test/javascript/feature/redux.steps[39m[22m}[1m[32m [built][39m[22m
[[1m../node_modules/prop-types/lib/ReactPropTypesSecret.js[39m[22m] 314 bytes {[1m[33msrc/test/javascript/feature/redux.steps[39m[22m}[1m[32m [built][39m[22m
[[1m../node_modules/react/cjs/react.development.js[39m[22m] 73.3 KiB {[1m[33msrc/test/javascript/feature/redux.steps[39m[22m}[1m[32m [built][39m[22m
[[1m../node_modules/react/index.js[39m[22m] 190 bytes {[1m[33msrc/test/javascript/feature/redux.steps[39m[22m}[1m[32m [built][39m[22m
[[1m../node_modules/redux-logger/dist/redux-logger.js[39m[22m] 10.3 KiB {[1m[33mmain[39m[22m} {[1m[33msrc/main/javascript/scripts[39m[22m}[1m[32m [built][39m[22m
[[1m../node_modules/redux/es/redux.js[39m[22m] 23.5 KiB {[1m[33mmain[39m[22m} {[1m[33msrc/main/javascript/scripts[39m[22m}[1m[32m [built][39m[22m
[[1m../node_modules/symbol-observable/es/index.js[39m[22m] 403 bytes {[1m[33mmain[39m[22m} {[1m[33msrc/main/javascript/scripts[39m[22m}[1m[32m [built][39m[22m
[[1m../node_modules/symbol-observable/es/ponyfill.js[39m[22m] 333 bytes {[1m[33mmain[39m[22m} {[1m[33msrc/main/javascript/scripts[39m[22m}[1m[32m [built][39m[22m
[[1m../node_modules/webpack/buildin/global.js[39m[22m] 472 bytes {[1m[33mmain[39m[22m} {[1m[33msrc/main/javascript/scripts[39m[22m}[1m[32m [built][39m[22m
[[1m../node_modules/webpack/buildin/harmony-module.js[39m[22m] 573 bytes {[1m[33mmain[39m[22m} {[1m[33msrc/main/javascript/scripts[39m[22m}[1m[32m [built][39m[22m
[[1m./main/javascript/scripts.js[39m[22m] 50.1 KiB {[1m[33mmain[39m[22m} {[1m[33msrc/main/javascript/scripts[39m[22m}[1m[32m [built][39m[22m
[[1m./test/javascript/feature/redux.steps.js[39m[22m] 3.04 KiB {[1m[33msrc/test/javascript/feature/redux.steps[39m[22m}[1m[32m [built][39m[22m
[34mℹ[39m [90m｢wdm｣[39m: Compiled successfully.
[33m10 10 2019 17:21:10.252:WARN [karma]: [39mNo captured browser, open http://localhost:9877/
[32m10 10 2019 17:21:10.278:INFO [karma-server]: [39mKarma v4.3.0 server started at http://0.0.0.0:9877/
[32m10 10 2019 17:21:10.278:INFO [launcher]: [39mLaunching browsers ChromeHeadless with concurrency unlimited
[32m10 10 2019 17:21:10.284:INFO [launcher]: [39mStarting browser ChromeHeadless
[32m10 10 2019 17:21:10.754:INFO [HeadlessChrome 75.0.3770 (Linux 0.0.0)]: [39mConnected on socket 4ta1gwJQ12enaX1lAAAA with id 3355287
HeadlessChrome 75.0.3770 (Linux 0.0.0) LOG: [36m'%c prev state', 'color: #9E9E9E; font-weight: bold', Object{numberStack: [], dictionary: Object{}, displayStack: []}[39m

HeadlessChrome 75.0.3770 (Linux 0.0.0) LOG: [36m'%c action    ', 'color: #03A9F4; font-weight: bold', Object{type: 'CLEAR_INTEGER_STACK'}[39m

HeadlessChrome 75.0.3770 (Linux 0.0.0) LOG: [36m'%c next state', 'color: #4CAF50; font-weight: bold', Object{numberStack: [], dictionary: Object{}, displayStack: []}[39m

HeadlessChrome 75.0.3770 (Linux 0.0.0) LOG: [36m'%c prev state', 'color: #9E9E9E; font-weight: bold', Object{numberStack: [], dictionary: Object{}, displayStack: []}[39m

HeadlessChrome 75.0.3770 (Linux 0.0.0) LOG: [36m'%c action    ', 'color: #03A9F4; font-weight: bold', Object{type: 'CLEAR_DISPLAY_STACK'}[39m

HeadlessChrome 75.0.3770 (Linux 0.0.0) LOG: [36m'%c next state', 'color: #4CAF50; font-weight: bold', Object{numberStack: [], dictionary: Object{}, displayStack: []}[39m

HeadlessChrome 75.0.3770 (Linux 0.0.0) LOG: [36m'%c prev state', 'color: #9E9E9E; font-weight: bold', Object{numberStack: [], dictionary: Object{}, displayStack: []}[39m

HeadlessChrome 75.0.3770 (Linux 0.0.0) LOG: [36m'%c action    ', 'color: #03A9F4; font-weight: bold', Object{type: 2}[39m

HeadlessChrome 75.0.3770 (Linux 0.0.0) LOG: [36m'%c next state', 'color: #4CAF50; font-weight: bold', Object{numberStack: [], dictionary: Object{}, displayStack: []}[39m

HeadlessChrome 75.0.3770 (Linux 0.0.0) LOG: [36m'%c prev state', 'color: #9E9E9E; font-weight: bold', Object{numberStack: [], dictionary: Object{}, displayStack: []}[39m

HeadlessChrome 75.0.3770 (Linux 0.0.0) LOG: [36m'%c action    ', 'color: #03A9F4; font-weight: bold', Object{type: 3}[39m

HeadlessChrome 75.0.3770 (Linux 0.0.0) LOG: [36m'%c next state', 'color: #4CAF50; font-weight: bold', Object{numberStack: [], dictionary: Object{}, displayStack: []}[39m

HeadlessChrome 75.0.3770 (Linux 0.0.0) LOG: [36m'%c prev state', 'color: #9E9E9E; font-weight: bold', Object{numberStack: [], dictionary: Object{}, displayStack: []}[39m

HeadlessChrome 75.0.3770 (Linux 0.0.0) LOG: [36m'%c action    ', 'color: #03A9F4; font-weight: bold', Object{type: '*'}[39m

HeadlessChrome 75.0.3770 (Linux 0.0.0) LOG: [36m'%c next state', 'color: #4CAF50; font-weight: bold', Object{numberStack: [NaN], dictionary: Object{}, displayStack: []}[39m

HeadlessChrome 75.0.3770 (Linux 0.0.0) LOG: [36m'%c prev state', 'color: #9E9E9E; font-weight: bold', Object{numberStack: [NaN], dictionary: Object{}, displayStack: []}[39m

HeadlessChrome 75.0.3770 (Linux 0.0.0) LOG: [36m'%c action    ', 'color: #03A9F4; font-weight: bold', Object{type: 'CLEAR_INTEGER_STACK'}[39m

HeadlessChrome 75.0.3770 (Linux 0.0.0) LOG: [36m'%c next state', 'color: #4CAF50; font-weight: bold', Object{numberStack: [], dictionary: Object{}, displayStack: []}[39m

HeadlessChrome 75.0.3770 (Linux 0.0.0) LOG: [36m'%c prev state', 'color: #9E9E9E; font-weight: bold', Object{numberStack: [], dictionary: Object{}, displayStack: []}[39m

HeadlessChrome 75.0.3770 (Linux 0.0.0) LOG: [36m'%c action    ', 'color: #03A9F4; font-weight: bold', Object{type: 'CLEAR_DISPLAY_STACK'}[39m

HeadlessChrome 75.0.3770 (Linux 0.0.0) LOG: [36m'%c next state', 'color: #4CAF50; font-weight: bold', Object{numberStack: [], dictionary: Object{}, displayStack: []}[39m

HeadlessChrome 75.0.3770 (Linux 0.0.0) LOG: [36m'%c prev state', 'color: #9E9E9E; font-weight: bold', Object{numberStack: [], dictionary: Object{}, displayStack: []}[39m

HeadlessChrome 75.0.3770 (Linux 0.0.0) LOG: [36m'%c action    ', 'color: #03A9F4; font-weight: bold', Object{type: 29}[39m

HeadlessChrome 75.0.3770 (Linux 0.0.0) LOG: [36m'%c next state', 'color: #4CAF50; font-weight: bold', Object{numberStack: [], dictionary: Object{}, displayStack: []}[39m

HeadlessChrome 75.0.3770 (Linux 0.0.0) LOG: [36m'%c prev state', 'color: #9E9E9E; font-weight: bold', Object{numberStack: [], dictionary: Object{}, displayStack: []}[39m

HeadlessChrome 75.0.3770 (Linux 0.0.0) LOG: [36m'%c action    ', 'color: #03A9F4; font-weight: bold', Object{type: 10}[39m

HeadlessChrome 75.0.3770 (Linux 0.0.0) LOG: [36m'%c next state', 'color: #4CAF50; font-weight: bold', Object{numberStack: [], dictionary: Object{}, displayStack: []}[39m

HeadlessChrome 75.0.3770 (Linux 0.0.0) LOG: [36m'%c prev state', 'color: #9E9E9E; font-weight: bold', Object{numberStack: [], dictionary: Object{}, displayStack: []}[39m

HeadlessChrome 75.0.3770 (Linux 0.0.0) LOG: [36m'%c action    ', 'color: #03A9F4; font-weight: bold', Object{type: '/'}[39m

HeadlessChrome 75.0.3770 (Linux 0.0.0) LOG: [36m'%c next state', 'color: #4CAF50; font-weight: bold', Object{numberStack: [NaN], dictionary: Object{}, displayStack: []}[39m

HeadlessChrome 75.0.3770 (Linux 0.0.0) LOG: [36m'%c prev state', 'color: #9E9E9E; font-weight: bold', Object{numberStack: [NaN], dictionary: Object{}, displayStack: []}[39m

HeadlessChrome 75.0.3770 (Linux 0.0.0) LOG: [36m'%c action    ', 'color: #03A9F4; font-weight: bold', Object{type: 'CLEAR_INTEGER_STACK'}[39m

HeadlessChrome 75.0.3770 (Linux 0.0.0) LOG: [36m'%c next state', 'color: #4CAF50; font-weight: bold', Object{numberStack: [], dictionary: Object{}, displayStack: []}[39m

HeadlessChrome 75.0.3770 (Linux 0.0.0) LOG: [36m'%c prev state', 'color: #9E9E9E; font-weight: bold', Object{numberStack: [], dictionary: Object{}, displayStack: []}[39m

HeadlessChrome 75.0.3770 (Linux 0.0.0) LOG: [36m'%c action    ', 'color: #03A9F4; font-weight: bold', Object{type: 'CLEAR_DISPLAY_STACK'}[39m

HeadlessChrome 75.0.3770 (Linux 0.0.0) LOG: [36m'%c next state', 'color: #4CAF50; font-weight: bold', Object{numberStack: [], dictionary: Object{}, displayStack: []}[39m

HeadlessChrome 75.0.3770 (Linux 0.0.0) LOG: [36m'%c prev state', 'color: #9E9E9E; font-weight: bold', Object{numberStack: [], dictionary: Object{}, displayStack: []}[39m

HeadlessChrome 75.0.3770 (Linux 0.0.0) LOG: [36m'%c action    ', 'color: #03A9F4; font-weight: bold', Object{type: 4}[39m

HeadlessChrome 75.0.3770 (Linux 0.0.0) LOG: [36m'%c next state', 'color: #4CAF50; font-weight: bold', Object{numberStack: [], dictionary: Object{}, displayStack: []}[39m

HeadlessChrome 75.0.3770 (Linux 0.0.0) LOG: [36m'%c prev state', 'color: #9E9E9E; font-weight: bold', Object{numberStack: [], dictionary: Object{}, displayStack: []}[39m

HeadlessChrome 75.0.3770 (Linux 0.0.0) LOG: [36m'%c action    ', 'color: #03A9F4; font-weight: bold', Object{type: 9}[39m

HeadlessChrome 75.0.3770 (Linux 0.0.0) LOG: [36m'%c next state', 'color: #4CAF50; font-weight: bold', Object{numberStack: [], dictionary: Object{}, displayStack: []}[39m

HeadlessChrome 75.0.3770 (Linux 0.0.0) LOG: [36m'%c prev state', 'color: #9E9E9E; font-weight: bold', Object{numberStack: [], dictionary: Object{}, displayStack: []}[39m

HeadlessChrome 75.0.3770 (Linux 0.0.0) LOG: [36m'%c action    ', 'color: #03A9F4; font-weight: bold', Object{type: '+'}[39m

HeadlessChrome 75.0.3770 (Linux 0.0.0) LOG: [36m'%c next state', 'color: #4CAF50; font-weight: bold', Object{numberStack: [NaN], dictionary: Object{}, displayStack: []}[39m

HeadlessChrome 75.0.3770 (Linux 0.0.0) LOG: [36m'%c prev state', 'color: #9E9E9E; font-weight: bold', Object{numberStack: [NaN], dictionary: Object{}, displayStack: []}[39m

HeadlessChrome 75.0.3770 (Linux 0.0.0) LOG: [36m'%c action    ', 'color: #03A9F4; font-weight: bold', Object{type: 'CLEAR_INTEGER_STACK'}[39m

HeadlessChrome 75.0.3770 (Linux 0.0.0) LOG: [36m'%c next state', 'color: #4CAF50; font-weight: bold', Object{numberStack: [], dictionary: Object{}, displayStack: []}[39m

HeadlessChrome 75.0.3770 (Linux 0.0.0) LOG: [36m'%c prev state', 'color: #9E9E9E; font-weight: bold', Object{numberStack: [], dictionary: Object{}, displayStack: []}[39m

HeadlessChrome 75.0.3770 (Linux 0.0.0) LOG: [36m'%c action    ', 'color: #03A9F4; font-weight: bold', Object{type: 'CLEAR_DISPLAY_STACK'}[39m

HeadlessChrome 75.0.3770 (Linux 0.0.0) LOG: [36m'%c next state', 'color: #4CAF50; font-weight: bold', Object{numberStack: [], dictionary: Object{}, displayStack: []}[39m

HeadlessChrome 75.0.3770 (Linux 0.0.0) LOG: [36m'%c prev state', 'color: #9E9E9E; font-weight: bold', Object{numberStack: [], dictionary: Object{}, displayStack: []}[39m

HeadlessChrome 75.0.3770 (Linux 0.0.0) LOG: [36m'%c action    ', 'color: #03A9F4; font-weight: bold', Object{type: 20}[39m

HeadlessChrome 75.0.3770 (Linux 0.0.0) LOG: [36m'%c next state', 'color: #4CAF50; font-weight: bold', Object{numberStack: [], dictionary: Object{}, displayStack: []}[39m

HeadlessChrome 75.0.3770 (Linux 0.0.0) LOG: [36m'%c prev state', 'color: #9E9E9E; font-weight: bold', Object{numberStack: [], dictionary: Object{}, displayStack: []}[39m

HeadlessChrome 75.0.3770 (Linux 0.0.0) LOG: [36m'%c action    ', 'color: #03A9F4; font-weight: bold', Object{type: 10}[39m

HeadlessChrome 75.0.3770 (Linux 0.0.0) LOG: [36m'%c next state', 'color: #4CAF50; font-weight: bold', Object{numberStack: [], dictionary: Object{}, displayStack: []}[39m

HeadlessChrome 75.0.3770 (Linux 0.0.0) LOG: [36m'%c prev state', 'color: #9E9E9E; font-weight: bold', Object{numberStack: [], dictionary: Object{}, displayStack: []}[39m

HeadlessChrome 75.0.3770 (Linux 0.0.0) LOG: [36m'%c action    ', 'color: #03A9F4; font-weight: bold', Object{type: '-'}[39m

HeadlessChrome 75.0.3770 (Linux 0.0.0) LOG: [36m'%c next state', 'color: #4CAF50; font-weight: bold', Object{numberStack: [NaN], dictionary: Object{}, displayStack: []}[39m

HeadlessChrome 75.0.3770 (Linux 0.0.0) LOG: [36m'%c prev state', 'color: #9E9E9E; font-weight: bold', Object{numberStack: [NaN], dictionary: Object{}, displayStack: []}[39m

HeadlessChrome 75.0.3770 (Linux 0.0.0) LOG: [36m'%c action    ', 'color: #03A9F4; font-weight: bold', Object{type: 'CLEAR_INTEGER_STACK'}[39m

HeadlessChrome 75.0.3770 (Linux 0.0.0) LOG: [36m'%c next state', 'color: #4CAF50; font-weight: bold', Object{numberStack: [], dictionary: Object{}, displayStack: []}[39m

HeadlessChrome 75.0.3770 (Linux 0.0.0) LOG: [36m'%c prev state', 'color: #9E9E9E; font-weight: bold', Object{numberStack: [], dictionary: Object{}, displayStack: []}[39m

HeadlessChrome 75.0.3770 (Linux 0.0.0) LOG: [36m'%c action    ', 'color: #03A9F4; font-weight: bold', Object{type: 'CLEAR_DISPLAY_STACK'}[39m

HeadlessChrome 75.0.3770 (Linux 0.0.0) LOG: [36m'%c next state', 'color: #4CAF50; font-weight: bold', Object{numberStack: [], dictionary: Object{}, displayStack: []}[39m

HeadlessChrome 75.0.3770 (Linux 0.0.0) LOG: [36m'%c prev state', 'color: #9E9E9E; font-weight: bold', Object{numberStack: [], dictionary: Object{}, displayStack: []}[39m

HeadlessChrome 75.0.3770 (Linux 0.0.0) LOG: [36m'%c action    ', 'color: #03A9F4; font-weight: bold', Object{type: 5}[39m

HeadlessChrome 75.0.3770 (Linux 0.0.0) LOG: [36m'%c next state', 'color: #4CAF50; font-weight: bold', Object{numberStack: [], dictionary: Object{}, displayStack: []}[39m

HeadlessChrome 75.0.3770 (Linux 0.0.0) LOG: [36m'%c prev state', 'color: #9E9E9E; font-weight: bold', Object{numberStack: [], dictionary: Object{}, displayStack: []}[39m

HeadlessChrome 75.0.3770 (Linux 0.0.0) LOG: [36m'%c action    ', 'color: #03A9F4; font-weight: bold', Object{type: 6}[39m

HeadlessChrome 75.0.3770 (Linux 0.0.0) LOG: [36m'%c next state', 'color: #4CAF50; font-weight: bold', Object{numberStack: [], dictionary: Object{}, displayStack: []}[39m

HeadlessChrome 75.0.3770 (Linux 0.0.0) LOG: [36m'%c prev state', 'color: #9E9E9E; font-weight: bold', Object{numberStack: [], dictionary: Object{}, displayStack: []}[39m

HeadlessChrome 75.0.3770 (Linux 0.0.0) LOG: [36m'%c action    ', 'color: #03A9F4; font-weight: bold', Object{type: '<'}[39m

HeadlessChrome 75.0.3770 (Linux 0.0.0) LOG: [36m'%c next state', 'color: #4CAF50; font-weight: bold', Object{numberStack: [0], dictionary: Object{}, displayStack: []}[39m

HeadlessChrome 75.0.3770 (Linux 0.0.0) LOG: [36m'%c prev state', 'color: #9E9E9E; font-weight: bold', Object{numberStack: [0], dictionary: Object{}, displayStack: []}[39m

HeadlessChrome 75.0.3770 (Linux 0.0.0) LOG: [36m'%c action    ', 'color: #03A9F4; font-weight: bold', Object{type: 'CLEAR_INTEGER_STACK'}[39m

HeadlessChrome 75.0.3770 (Linux 0.0.0) LOG: [36m'%c next state', 'color: #4CAF50; font-weight: bold', Object{numberStack: [], dictionary: Object{}, displayStack: []}[39m

HeadlessChrome 75.0.3770 (Linux 0.0.0) LOG: [36m'%c prev state', 'color: #9E9E9E; font-weight: bold', Object{numberStack: [], dictionary: Object{}, displayStack: []}[39m

HeadlessChrome 75.0.3770 (Linux 0.0.0) LOG: [36m'%c action    ', 'color: #03A9F4; font-weight: bold', Object{type: 'CLEAR_DISPLAY_STACK'}[39m

HeadlessChrome 75.0.3770 (Linux 0.0.0) LOG: [36m'%c next state', 'color: #4CAF50; font-weight: bold', Object{numberStack: [], dictionary: Object{}, displayStack: []}[39m

HeadlessChrome 75.0.3770 (Linux 0.0.0) LOG: [36m'%c prev state', 'color: #9E9E9E; font-weight: bold', Object{numberStack: [], dictionary: Object{}, displayStack: []}[39m

HeadlessChrome 75.0.3770 (Linux 0.0.0) LOG: [36m'%c action    ', 'color: #03A9F4; font-weight: bold', Object{type: 7}[39m

HeadlessChrome 75.0.3770 (Linux 0.0.0) LOG: [36m'%c next state', 'color: #4CAF50; font-weight: bold', Object{numberStack: [], dictionary: Object{}, displayStack: []}[39m

HeadlessChrome 75.0.3770 (Linux 0.0.0) LOG: [36m'%c prev state', 'color: #9E9E9E; font-weight: bold', Object{numberStack: [], dictionary: Object{}, displayStack: []}[39m

HeadlessChrome 75.0.3770 (Linux 0.0.0) LOG: [36m'%c action    ', 'color: #03A9F4; font-weight: bold', Object{type: 3}[39m

HeadlessChrome 75.0.3770 (Linux 0.0.0) LOG: [36m'%c next state', 'color: #4CAF50; font-weight: bold', Object{numberStack: [], dictionary: Object{}, displayStack: []}[39m

HeadlessChrome 75.0.3770 (Linux 0.0.0) LOG: [36m'%c prev state', 'color: #9E9E9E; font-weight: bold', Object{numberStack: [], dictionary: Object{}, displayStack: []}[39m

HeadlessChrome 75.0.3770 (Linux 0.0.0) LOG: [36m'%c action    ', 'color: #03A9F4; font-weight: bold', Object{type: '>'}[39m

HeadlessChrome 75.0.3770 (Linux 0.0.0) LOG: [36m'%c next state', 'color: #4CAF50; font-weight: bold', Object{numberStack: [0], dictionary: Object{}, displayStack: []}[39m

HeadlessChrome 75.0.3770 (Linux 0.0.0) LOG: [36m'%c prev state', 'color: #9E9E9E; font-weight: bold', Object{numberStack: [0], dictionary: Object{}, displayStack: []}[39m

HeadlessChrome 75.0.3770 (Linux 0.0.0) LOG: [36m'%c action    ', 'color: #03A9F4; font-weight: bold', Object{type: 'CLEAR_INTEGER_STACK'}[39m

HeadlessChrome 75.0.3770 (Linux 0.0.0) LOG: [36m'%c next state', 'color: #4CAF50; font-weight: bold', Object{numberStack: [], dictionary: Object{}, displayStack: []}[39m

HeadlessChrome 75.0.3770 (Linux 0.0.0) LOG: [36m'%c prev state', 'color: #9E9E9E; font-weight: bold', Object{numberStack: [], dictionary: Object{}, displayStack: []}[39m

HeadlessChrome 75.0.3770 (Linux 0.0.0) LOG: [36m'%c action    ', 'color: #03A9F4; font-weight: bold', Object{type: 'CLEAR_DISPLAY_STACK'}[39m

HeadlessChrome 75.0.3770 (Linux 0.0.0) LOG: [36m'%c next state', 'color: #4CAF50; font-weight: bold', Object{numberStack: [], dictionary: Object{}, displayStack: []}[39m

HeadlessChrome 75.0.3770 (Linux 0.0.0) LOG: [36m'%c prev state', 'color: #9E9E9E; font-weight: bold', Object{numberStack: [], dictionary: Object{}, displayStack: []}[39m

HeadlessChrome 75.0.3770 (Linux 0.0.0) LOG: [36m'%c action    ', 'color: #03A9F4; font-weight: bold', Object{type: 4}[39m

HeadlessChrome 75.0.3770 (Linux 0.0.0) LOG: [36m'%c next state', 'color: #4CAF50; font-weight: bold', Object{numberStack: [], dictionary: Object{}, displayStack: []}[39m

HeadlessChrome 75.0.3770 (Linux 0.0.0) LOG: [36m'%c prev state', 'color: #9E9E9E; font-weight: bold', Object{numberStack: [], dictionary: Object{}, displayStack: []}[39m

HeadlessChrome 75.0.3770 (Linux 0.0.0) LOG: [36m'%c action    ', 'color: #03A9F4; font-weight: bold', Object{type: 4}[39m

HeadlessChrome 75.0.3770 (Linux 0.0.0) LOG: [36m'%c next state', 'color: #4CAF50; font-weight: bold', Object{numberStack: [], dictionary: Object{}, displayStack: []}[39m

HeadlessChrome 75.0.3770 (Linux 0.0.0) LOG: [36m'%c prev state', 'color: #9E9E9E; font-weight: bold', Object{numberStack: [], dictionary: Object{}, displayStack: []}[39m

HeadlessChrome 75.0.3770 (Linux 0.0.0) LOG: [36m'%c action    ', 'color: #03A9F4; font-weight: bold', Object{type: '='}[39m

HeadlessChrome 75.0.3770 (Linux 0.0.0) LOG: [36m'%c next state', 'color: #4CAF50; font-weight: bold', Object{numberStack: [-1], dictionary: Object{}, displayStack: []}[39m

HeadlessChrome 75.0.3770 (Linux 0.0.0) LOG: [36m'%c prev state', 'color: #9E9E9E; font-weight: bold', Object{numberStack: [-1], dictionary: Object{}, displayStack: []}[39m

HeadlessChrome 75.0.3770 (Linux 0.0.0) LOG: [36m'%c action    ', 'color: #03A9F4; font-weight: bold', Object{type: 'CLEAR_INTEGER_STACK'}[39m

HeadlessChrome 75.0.3770 (Linux 0.0.0) LOG: [36m'%c next state', 'color: #4CAF50; font-weight: bold', Object{numberStack: [], dictionary: Object{}, displayStack: []}[39m

HeadlessChrome 75.0.3770 (Linux 0.0.0) LOG: [36m'%c prev state', 'color: #9E9E9E; font-weight: bold', Object{numberStack: [], dictionary: Object{}, displayStack: []}[39m

HeadlessChrome 75.0.3770 (Linux 0.0.0) LOG: [36m'%c action    ', 'color: #03A9F4; font-weight: bold', Object{type: 'CLEAR_DISPLAY_STACK'}[39m

HeadlessChrome 75.0.3770 (Linux 0.0.0) LOG: [36m'%c next state', 'color: #4CAF50; font-weight: bold', Object{numberStack: [], dictionary: Object{}, displayStack: []}[39m

HeadlessChrome 75.0.3770 (Linux 0.0.0) LOG: [36m'%c prev state', 'color: #9E9E9E; font-weight: bold', Object{numberStack: [], dictionary: Object{}, displayStack: []}[39m

HeadlessChrome 75.0.3770 (Linux 0.0.0) LOG: [36m'%c action    ', 'color: #03A9F4; font-weight: bold', Object{type: 50}[39m

HeadlessChrome 75.0.3770 (Linux 0.0.0) LOG: [36m'%c next state', 'color: #4CAF50; font-weight: bold', Object{numberStack: [], dictionary: Object{}, displayStack: []}[39m

HeadlessChrome 75.0.3770 (Linux 0.0.0) LOG: [36m'%c prev state', 'color: #9E9E9E; font-weight: bold', Object{numberStack: [], dictionary: Object{}, displayStack: []}[39m

HeadlessChrome 75.0.3770 (Linux 0.0.0) LOG: [36m'%c action    ', 'color: #03A9F4; font-weight: bold', Object{type: 20}[39m

HeadlessChrome 75.0.3770 (Linux 0.0.0) LOG: [36m'%c next state', 'color: #4CAF50; font-weight: bold', Object{numberStack: [], dictionary: Object{}, displayStack: []}[39m

HeadlessChrome 75.0.3770 (Linux 0.0.0) LOG: [36m'%c prev state', 'color: #9E9E9E; font-weight: bold', Object{numberStack: [], dictionary: Object{}, displayStack: []}[39m

HeadlessChrome 75.0.3770 (Linux 0.0.0) LOG: [36m'%c action    ', 'color: #03A9F4; font-weight: bold', Object{type: '<>'}[39m

HeadlessChrome 75.0.3770 (Linux 0.0.0) LOG: [36m'%c next state', 'color: #4CAF50; font-weight: bold', Object{numberStack: [0], dictionary: Object{}, displayStack: []}[39m

HeadlessChrome 75.0.3770 (Linux 0.0.0) LOG: [36m'%c prev state', 'color: #9E9E9E; font-weight: bold', Object{numberStack: [0], dictionary: Object{}, displayStack: []}[39m

HeadlessChrome 75.0.3770 (Linux 0.0.0) LOG: [36m'%c action    ', 'color: #03A9F4; font-weight: bold', Object{type: 'CLEAR_INTEGER_STACK'}[39m

HeadlessChrome 75.0.3770 (Linux 0.0.0) LOG: [36m'%c next state', 'color: #4CAF50; font-weight: bold', Object{numberStack: [], dictionary: Object{}, displayStack: []}[39m

HeadlessChrome 75.0.3770 (Linux 0.0.0) LOG: [36m'%c prev state', 'color: #9E9E9E; font-weight: bold', Object{numberStack: [], dictionary: Object{}, displayStack: []}[39m

HeadlessChrome 75.0.3770 (Linux 0.0.0) LOG: [36m'%c action    ', 'color: #03A9F4; font-weight: bold', Object{type: 'CLEAR_DISPLAY_STACK'}[39m

HeadlessChrome 75.0.3770 (Linux 0.0.0) LOG: [36m'%c next state', 'color: #4CAF50; font-weight: bold', Object{numberStack: [], dictionary: Object{}, displayStack: []}[39m

HeadlessChrome 75.0.3770 (Linux 0.0.0) LOG: [36m'%c prev state', 'color: #9E9E9E; font-weight: bold', Object{numberStack: [], dictionary: Object{}, displayStack: []}[39m

HeadlessChrome 75.0.3770 (Linux 0.0.0) LOG: [36m'%c action    ', 'color: #03A9F4; font-weight: bold', Object{type: 10}[39m

HeadlessChrome 75.0.3770 (Linux 0.0.0) LOG: [36m'%c next state', 'color: #4CAF50; font-weight: bold', Object{numberStack: [], dictionary: Object{}, displayStack: []}[39m

HeadlessChrome 75.0.3770 (Linux 0.0.0) LOG: [36m'%c prev state', 'color: #9E9E9E; font-weight: bold', Object{numberStack: [], dictionary: Object{}, displayStack: []}[39m

HeadlessChrome 75.0.3770 (Linux 0.0.0) LOG: [36m'%c action    ', 'color: #03A9F4; font-weight: bold', Object{type: 2}[39m

HeadlessChrome 75.0.3770 (Linux 0.0.0) LOG: [36m'%c next state', 'color: #4CAF50; font-weight: bold', Object{numberStack: [], dictionary: Object{}, displayStack: []}[39m

HeadlessChrome 75.0.3770 (Linux 0.0.0) LOG: [36m'%c prev state', 'color: #9E9E9E; font-weight: bold', Object{numberStack: [], dictionary: Object{}, displayStack: []}[39m

HeadlessChrome 75.0.3770 (Linux 0.0.0) LOG: [36m'%c action    ', 'color: #03A9F4; font-weight: bold', Object{type: '<'}[39m

HeadlessChrome 75.0.3770 (Linux 0.0.0) LOG: [36m'%c next state', 'color: #4CAF50; font-weight: bold', Object{numberStack: [0], dictionary: Object{}, displayStack: []}[39m

HeadlessChrome 75.0.3770 (Linux 0.0.0) LOG: [36m'%c prev state', 'color: #9E9E9E; font-weight: bold', Object{numberStack: [0], dictionary: Object{}, displayStack: []}[39m

HeadlessChrome 75.0.3770 (Linux 0.0.0) LOG: [36m'%c action    ', 'color: #03A9F4; font-weight: bold', Object{type: 'CLEAR_INTEGER_STACK'}[39m

HeadlessChrome 75.0.3770 (Linux 0.0.0) LOG: [36m'%c next state', 'color: #4CAF50; font-weight: bold', Object{numberStack: [], dictionary: Object{}, displayStack: []}[39m

HeadlessChrome 75.0.3770 (Linux 0.0.0) LOG: [36m'%c prev state', 'color: #9E9E9E; font-weight: bold', Object{numberStack: [], dictionary: Object{}, displayStack: []}[39m

HeadlessChrome 75.0.3770 (Linux 0.0.0) LOG: [36m'%c action    ', 'color: #03A9F4; font-weight: bold', Object{type: 'CLEAR_DISPLAY_STACK'}[39m

HeadlessChrome 75.0.3770 (Linux 0.0.0) LOG: [36m'%c next state', 'color: #4CAF50; font-weight: bold', Object{numberStack: [], dictionary: Object{}, displayStack: []}[39m

HeadlessChrome 75.0.3770 (Linux 0.0.0) LOG: [36m'%c prev state', 'color: #9E9E9E; font-weight: bold', Object{numberStack: [], dictionary: Object{}, displayStack: []}[39m

HeadlessChrome 75.0.3770 (Linux 0.0.0) LOG: [36m'%c action    ', 'color: #03A9F4; font-weight: bold', Object{type: 1}[39m

HeadlessChrome 75.0.3770 (Linux 0.0.0) LOG: [36m'%c next state', 'color: #4CAF50; font-weight: bold', Object{numberStack: [], dictionary: Object{}, displayStack: []}[39m

HeadlessChrome 75.0.3770 (Linux 0.0.0) LOG: [36m'%c prev state', 'color: #9E9E9E; font-weight: bold', Object{numberStack: [], dictionary: Object{}, displayStack: []}[39m

HeadlessChrome 75.0.3770 (Linux 0.0.0) LOG: [36m'%c action    ', 'color: #03A9F4; font-weight: bold', Object{type: 9}[39m

HeadlessChrome 75.0.3770 (Linux 0.0.0) LOG: [36m'%c next state', 'color: #4CAF50; font-weight: bold', Object{numberStack: [], dictionary: Object{}, displayStack: []}[39m

HeadlessChrome 75.0.3770 (Linux 0.0.0) LOG: [36m'%c prev state', 'color: #9E9E9E; font-weight: bold', Object{numberStack: [], dictionary: Object{}, displayStack: []}[39m

HeadlessChrome 75.0.3770 (Linux 0.0.0) LOG: [36m'%c action    ', 'color: #03A9F4; font-weight: bold', Object{type: '>'}[39m

HeadlessChrome 75.0.3770 (Linux 0.0.0) LOG: [36m'%c next state', 'color: #4CAF50; font-weight: bold', Object{numberStack: [0], dictionary: Object{}, displayStack: []}[39m

HeadlessChrome 75.0.3770 (Linux 0.0.0) LOG: [36m'%c prev state', 'color: #9E9E9E; font-weight: bold', Object{numberStack: [0], dictionary: Object{}, displayStack: []}[39m

HeadlessChrome 75.0.3770 (Linux 0.0.0) LOG: [36m'%c action    ', 'color: #03A9F4; font-weight: bold', Object{type: 'CLEAR_INTEGER_STACK'}[39m

HeadlessChrome 75.0.3770 (Linux 0.0.0) LOG: [36m'%c next state', 'color: #4CAF50; font-weight: bold', Object{numberStack: [], dictionary: Object{}, displayStack: []}[39m

HeadlessChrome 75.0.3770 (Linux 0.0.0) LOG: [36m'%c prev state', 'color: #9E9E9E; font-weight: bold', Object{numberStack: [], dictionary: Object{}, displayStack: []}[39m

HeadlessChrome 75.0.3770 (Linux 0.0.0) LOG: [36m'%c action    ', 'color: #03A9F4; font-weight: bold', Object{type: 'CLEAR_DISPLAY_STACK'}[39m

HeadlessChrome 75.0.3770 (Linux 0.0.0) LOG: [36m'%c next state', 'color: #4CAF50; font-weight: bold', Object{numberStack: [], dictionary: Object{}, displayStack: []}[39m

HeadlessChrome 75.0.3770 (Linux 0.0.0) LOG: [36m'%c prev state', 'color: #9E9E9E; font-weight: bold', Object{numberStack: [], dictionary: Object{}, displayStack: []}[39m

HeadlessChrome 75.0.3770 (Linux 0.0.0) LOG: [36m'%c action    ', 'color: #03A9F4; font-weight: bold', Object{type: 8}[39m

HeadlessChrome 75.0.3770 (Linux 0.0.0) LOG: [36m'%c next state', 'color: #4CAF50; font-weight: bold', Object{numberStack: [], dictionary: Object{}, displayStack: []}[39m

HeadlessChrome 75.0.3770 (Linux 0.0.0) LOG: [36m'%c prev state', 'color: #9E9E9E; font-weight: bold', Object{numberStack: [], dictionary: Object{}, displayStack: []}[39m

HeadlessChrome 75.0.3770 (Linux 0.0.0) LOG: [36m'%c action    ', 'color: #03A9F4; font-weight: bold', Object{type: 4}[39m

HeadlessChrome 75.0.3770 (Linux 0.0.0) LOG: [36m'%c next state', 'color: #4CAF50; font-weight: bold', Object{numberStack: [], dictionary: Object{}, displayStack: []}[39m

HeadlessChrome 75.0.3770 (Linux 0.0.0) LOG: [36m'%c prev state', 'color: #9E9E9E; font-weight: bold', Object{numberStack: [], dictionary: Object{}, displayStack: []}[39m

HeadlessChrome 75.0.3770 (Linux 0.0.0) LOG: [36m'%c action    ', 'color: #03A9F4; font-weight: bold', Object{type: '='}[39m

HeadlessChrome 75.0.3770 (Linux 0.0.0) LOG: [36m'%c next state', 'color: #4CAF50; font-weight: bold', Object{numberStack: [-1], dictionary: Object{}, displayStack: []}[39m

HeadlessChrome 75.0.3770 (Linux 0.0.0) LOG: [36m'%c prev state', 'color: #9E9E9E; font-weight: bold', Object{numberStack: [-1], dictionary: Object{}, displayStack: []}[39m

HeadlessChrome 75.0.3770 (Linux 0.0.0) LOG: [36m'%c action    ', 'color: #03A9F4; font-weight: bold', Object{type: 'CLEAR_INTEGER_STACK'}[39m

HeadlessChrome 75.0.3770 (Linux 0.0.0) LOG: [36m'%c next state', 'color: #4CAF50; font-weight: bold', Object{numberStack: [], dictionary: Object{}, displayStack: []}[39m

HeadlessChrome 75.0.3770 (Linux 0.0.0) LOG: [36m'%c prev state', 'color: #9E9E9E; font-weight: bold', Object{numberStack: [], dictionary: Object{}, displayStack: []}[39m

HeadlessChrome 75.0.3770 (Linux 0.0.0) LOG: [36m'%c action    ', 'color: #03A9F4; font-weight: bold', Object{type: 'CLEAR_DISPLAY_STACK'}[39m

HeadlessChrome 75.0.3770 (Linux 0.0.0) LOG: [36m'%c next state', 'color: #4CAF50; font-weight: bold', Object{numberStack: [], dictionary: Object{}, displayStack: []}[39m

HeadlessChrome 75.0.3770 (Linux 0.0.0) LOG: [36m'%c prev state', 'color: #9E9E9E; font-weight: bold', Object{numberStack: [], dictionary: Object{}, displayStack: []}[39m

HeadlessChrome 75.0.3770 (Linux 0.0.0) LOG: [36m'%c action    ', 'color: #03A9F4; font-weight: bold', Object{type: 4}[39m

HeadlessChrome 75.0.3770 (Linux 0.0.0) LOG: [36m'%c next state', 'color: #4CAF50; font-weight: bold', Object{numberStack: [], dictionary: Object{}, displayStack: []}[39m

HeadlessChrome 75.0.3770 (Linux 0.0.0) LOG: [36m'%c prev state', 'color: #9E9E9E; font-weight: bold', Object{numberStack: [], dictionary: Object{}, displayStack: []}[39m

HeadlessChrome 75.0.3770 (Linux 0.0.0) LOG: [36m'%c action    ', 'color: #03A9F4; font-weight: bold', Object{type: 4}[39m

HeadlessChrome 75.0.3770 (Linux 0.0.0) LOG: [36m'%c next state', 'color: #4CAF50; font-weight: bold', Object{numberStack: [], dictionary: Object{}, displayStack: []}[39m

HeadlessChrome 75.0.3770 (Linux 0.0.0) LOG: [36m'%c prev state', 'color: #9E9E9E; font-weight: bold', Object{numberStack: [], dictionary: Object{}, displayStack: []}[39m

HeadlessChrome 75.0.3770 (Linux 0.0.0) LOG: [36m'%c action    ', 'color: #03A9F4; font-weight: bold', Object{type: '<>'}[39m

HeadlessChrome 75.0.3770 (Linux 0.0.0) LOG: [36m'%c next state', 'color: #4CAF50; font-weight: bold', Object{numberStack: [0], dictionary: Object{}, displayStack: []}[39m

HeadlessChrome 75.0.3770 (Linux 0.0.0) LOG: [36m'%c prev state', 'color: #9E9E9E; font-weight: bold', Object{numberStack: [0], dictionary: Object{}, displayStack: []}[39m

HeadlessChrome 75.0.3770 (Linux 0.0.0) LOG: [36m'%c action    ', 'color: #03A9F4; font-weight: bold', Object{type: 'CLEAR_INTEGER_STACK'}[39m

HeadlessChrome 75.0.3770 (Linux 0.0.0) LOG: [36m'%c next state', 'color: #4CAF50; font-weight: bold', Object{numberStack: [], dictionary: Object{}, displayStack: []}[39m

HeadlessChrome 75.0.3770 (Linux 0.0.0) LOG: [36m'%c prev state', 'color: #9E9E9E; font-weight: bold', Object{numberStack: [], dictionary: Object{}, displayStack: []}[39m

HeadlessChrome 75.0.3770 (Linux 0.0.0) LOG: [36m'%c action    ', 'color: #03A9F4; font-weight: bold', Object{type: 'CLEAR_DISPLAY_STACK'}[39m

HeadlessChrome 75.0.3770 (Linux 0.0.0) LOG: [36m'%c next state', 'color: #4CAF50; font-weight: bold', Object{numberStack: [], dictionary: Object{}, displayStack: []}[39m

HeadlessChrome 75.0.3770 (Linux 0.0.0) LOG: [36m'%c prev state', 'color: #9E9E9E; font-weight: bold', Object{numberStack: [], dictionary: Object{}, displayStack: []}[39m

HeadlessChrome 75.0.3770 (Linux 0.0.0) LOG: [36m'%c action    ', 'color: #03A9F4; font-weight: bold', Object{type: 3}[39m

HeadlessChrome 75.0.3770 (Linux 0.0.0) LOG: [36m'%c next state', 'color: #4CAF50; font-weight: bold', Object{numberStack: [], dictionary: Object{}, displayStack: []}[39m

HeadlessChrome 75.0.3770 (Linux 0.0.0) LOG: [36m'%c prev state', 'color: #9E9E9E; font-weight: bold', Object{numberStack: [], dictionary: Object{}, displayStack: []}[39m

HeadlessChrome 75.0.3770 (Linux 0.0.0) LOG: [36m'%c action    ', 'color: #03A9F4; font-weight: bold', Object{type: '1-'}[39m

HeadlessChrome 75.0.3770 (Linux 0.0.0) LOG: [36m'%c next state', 'color: #4CAF50; font-weight: bold', Object{numberStack: [NaN], dictionary: Object{}, displayStack: []}[39m

HeadlessChrome 75.0.3770 (Linux 0.0.0) LOG: [36m'%c prev state', 'color: #9E9E9E; font-weight: bold', Object{numberStack: [NaN], dictionary: Object{}, displayStack: []}[39m

HeadlessChrome 75.0.3770 (Linux 0.0.0) LOG: [36m'%c action    ', 'color: #03A9F4; font-weight: bold', Object{type: 'CLEAR_INTEGER_STACK'}[39m

HeadlessChrome 75.0.3770 (Linux 0.0.0) LOG: [36m'%c next state', 'color: #4CAF50; font-weight: bold', Object{numberStack: [], dictionary: Object{}, displayStack: []}[39m

HeadlessChrome 75.0.3770 (Linux 0.0.0) LOG: [36m'%c prev state', 'color: #9E9E9E; font-weight: bold', Object{numberStack: [], dictionary: Object{}, displayStack: []}[39m

HeadlessChrome 75.0.3770 (Linux 0.0.0) LOG: [36m'%c action    ', 'color: #03A9F4; font-weight: bold', Object{type: 'CLEAR_DISPLAY_STACK'}[39m

HeadlessChrome 75.0.3770 (Linux 0.0.0) LOG: [36m'%c next state', 'color: #4CAF50; font-weight: bold', Object{numberStack: [], dictionary: Object{}, displayStack: []}[39m

HeadlessChrome 75.0.3770 (Linux 0.0.0) LOG: [36m'%c prev state', 'color: #9E9E9E; font-weight: bold', Object{numberStack: [], dictionary: Object{}, displayStack: []}[39m

HeadlessChrome 75.0.3770 (Linux 0.0.0) LOG: [36m'%c action    ', 'color: #03A9F4; font-weight: bold', Object{type: 29}[39m

HeadlessChrome 75.0.3770 (Linux 0.0.0) LOG: [36m'%c next state', 'color: #4CAF50; font-weight: bold', Object{numberStack: [], dictionary: Object{}, displayStack: []}[39m

HeadlessChrome 75.0.3770 (Linux 0.0.0) LOG: [36m'%c prev state', 'color: #9E9E9E; font-weight: bold', Object{numberStack: [], dictionary: Object{}, displayStack: []}[39m

HeadlessChrome 75.0.3770 (Linux 0.0.0) LOG: [36m'%c action    ', 'color: #03A9F4; font-weight: bold', Object{type: '1+'}[39m

HeadlessChrome 75.0.3770 (Linux 0.0.0) LOG: [36m'%c next state', 'color: #4CAF50; font-weight: bold', Object{numberStack: [NaN], dictionary: Object{}, displayStack: []}[39m

HeadlessChrome 75.0.3770 (Linux 0.0.0) LOG: [36m'%c prev state', 'color: #9E9E9E; font-weight: bold', Object{numberStack: [NaN], dictionary: Object{}, displayStack: []}[39m

HeadlessChrome 75.0.3770 (Linux 0.0.0) LOG: [36m'%c action    ', 'color: #03A9F4; font-weight: bold', Object{type: 'CLEAR_INTEGER_STACK'}[39m

HeadlessChrome 75.0.3770 (Linux 0.0.0) LOG: [36m'%c next state', 'color: #4CAF50; font-weight: bold', Object{numberStack: [], dictionary: Object{}, displayStack: []}[39m

HeadlessChrome 75.0.3770 (Linux 0.0.0) LOG: [36m'%c prev state', 'color: #9E9E9E; font-weight: bold', Object{numberStack: [], dictionary: Object{}, displayStack: []}[39m

HeadlessChrome 75.0.3770 (Linux 0.0.0) LOG: [36m'%c action    ', 'color: #03A9F4; font-weight: bold', Object{type: 'CLEAR_DISPLAY_STACK'}[39m

HeadlessChrome 75.0.3770 (Linux 0.0.0) LOG: [36m'%c next state', 'color: #4CAF50; font-weight: bold', Object{numberStack: [], dictionary: Object{}, displayStack: []}[39m

HeadlessChrome 75.0.3770 (Linux 0.0.0) LOG: [36m'%c prev state', 'color: #9E9E9E; font-weight: bold', Object{numberStack: [], dictionary: Object{}, displayStack: []}[39m

HeadlessChrome 75.0.3770 (Linux 0.0.0) LOG: [36m'%c action    ', 'color: #03A9F4; font-weight: bold', Object{type: 6}[39m

HeadlessChrome 75.0.3770 (Linux 0.0.0) LOG: [36m'%c next state', 'color: #4CAF50; font-weight: bold', Object{numberStack: [], dictionary: Object{}, displayStack: []}[39m

HeadlessChrome 75.0.3770 (Linux 0.0.0) LOG: [36m'%c prev state', 'color: #9E9E9E; font-weight: bold', Object{numberStack: [], dictionary: Object{}, displayStack: []}[39m

HeadlessChrome 75.0.3770 (Linux 0.0.0) LOG: [36m'%c action    ', 'color: #03A9F4; font-weight: bold', Object{type: '2-'}[39m

HeadlessChrome 75.0.3770 (Linux 0.0.0) LOG: [36m'%c next state', 'color: #4CAF50; font-weight: bold', Object{numberStack: [NaN], dictionary: Object{}, displayStack: []}[39m

HeadlessChrome 75.0.3770 (Linux 0.0.0) LOG: [36m'%c prev state', 'color: #9E9E9E; font-weight: bold', Object{numberStack: [NaN], dictionary: Object{}, displayStack: []}[39m

HeadlessChrome 75.0.3770 (Linux 0.0.0) LOG: [36m'%c action    ', 'color: #03A9F4; font-weight: bold', Object{type: 'CLEAR_INTEGER_STACK'}[39m

HeadlessChrome 75.0.3770 (Linux 0.0.0) LOG: [36m'%c next state', 'color: #4CAF50; font-weight: bold', Object{numberStack: [], dictionary: Object{}, displayStack: []}[39m

HeadlessChrome 75.0.3770 (Linux 0.0.0) LOG: [36m'%c prev state', 'color: #9E9E9E; font-weight: bold', Object{numberStack: [], dictionary: Object{}, displayStack: []}[39m

HeadlessChrome 75.0.3770 (Linux 0.0.0) LOG: [36m'%c action    ', 'color: #03A9F4; font-weight: bold', Object{type: 'CLEAR_DISPLAY_STACK'}[39m

HeadlessChrome 75.0.3770 (Linux 0.0.0) LOG: [36m'%c next state', 'color: #4CAF50; font-weight: bold', Object{numberStack: [], dictionary: Object{}, displayStack: []}[39m

HeadlessChrome 75.0.3770 (Linux 0.0.0) LOG: [36m'%c prev state', 'color: #9E9E9E; font-weight: bold', Object{numberStack: [], dictionary: Object{}, displayStack: []}[39m

HeadlessChrome 75.0.3770 (Linux 0.0.0) LOG: [36m'%c action    ', 'color: #03A9F4; font-weight: bold', Object{type: 20}[39m

HeadlessChrome 75.0.3770 (Linux 0.0.0) LOG: [36m'%c next state', 'color: #4CAF50; font-weight: bold', Object{numberStack: [], dictionary: Object{}, displayStack: []}[39m

HeadlessChrome 75.0.3770 (Linux 0.0.0) LOG: [36m'%c prev state', 'color: #9E9E9E; font-weight: bold', Object{numberStack: [], dictionary: Object{}, displayStack: []}[39m

HeadlessChrome 75.0.3770 (Linux 0.0.0) LOG: [36m'%c action    ', 'color: #03A9F4; font-weight: bold', Object{type: '2+'}[39m

HeadlessChrome 75.0.3770 (Linux 0.0.0) LOG: [36m'%c next state', 'color: #4CAF50; font-weight: bold', Object{numberStack: [NaN], dictionary: Object{}, displayStack: []}[39m

HeadlessChrome 75.0.3770 (Linux 0.0.0) LOG: [36m'%c prev state', 'color: #9E9E9E; font-weight: bold', Object{numberStack: [NaN], dictionary: Object{}, displayStack: []}[39m

HeadlessChrome 75.0.3770 (Linux 0.0.0) LOG: [36m'%c action    ', 'color: #03A9F4; font-weight: bold', Object{type: 'CLEAR_INTEGER_STACK'}[39m

HeadlessChrome 75.0.3770 (Linux 0.0.0) LOG: [36m'%c next state', 'color: #4CAF50; font-weight: bold', Object{numberStack: [], dictionary: Object{}, displayStack: []}[39m

HeadlessChrome 75.0.3770 (Linux 0.0.0) LOG: [36m'%c prev state', 'color: #9E9E9E; font-weight: bold', Object{numberStack: [], dictionary: Object{}, displayStack: []}[39m

HeadlessChrome 75.0.3770 (Linux 0.0.0) LOG: [36m'%c action    ', 'color: #03A9F4; font-weight: bold', Object{type: 'CLEAR_DISPLAY_STACK'}[39m

HeadlessChrome 75.0.3770 (Linux 0.0.0) LOG: [36m'%c next state', 'color: #4CAF50; font-weight: bold', Object{numberStack: [], dictionary: Object{}, displayStack: []}[39m

HeadlessChrome 75.0.3770 (Linux 0.0.0) LOG: [36m'%c prev state', 'color: #9E9E9E; font-weight: bold', Object{numberStack: [], dictionary: Object{}, displayStack: []}[39m

HeadlessChrome 75.0.3770 (Linux 0.0.0) LOG: [36m'%c action    ', 'color: #03A9F4; font-weight: bold', Object{type: 5}[39m

HeadlessChrome 75.0.3770 (Linux 0.0.0) LOG: [36m'%c next state', 'color: #4CAF50; font-weight: bold', Object{numberStack: [], dictionary: Object{}, displayStack: []}[39m

HeadlessChrome 75.0.3770 (Linux 0.0.0) LOG: [36m'%c prev state', 'color: #9E9E9E; font-weight: bold', Object{numberStack: [], dictionary: Object{}, displayStack: []}[39m

HeadlessChrome 75.0.3770 (Linux 0.0.0) LOG: [36m'%c action    ', 'color: #03A9F4; font-weight: bold', Object{type: '25*'}[39m

HeadlessChrome 75.0.3770 (Linux 0.0.0) LOG: [36m'%c next state', 'color: #4CAF50; font-weight: bold', Object{numberStack: [NaN], dictionary: Object{}, displayStack: []}[39m

HeadlessChrome 75.0.3770 (Linux 0.0.0) LOG: [36m'%c prev state', 'color: #9E9E9E; font-weight: bold', Object{numberStack: [NaN], dictionary: Object{}, displayStack: []}[39m

HeadlessChrome 75.0.3770 (Linux 0.0.0) LOG: [36m'%c action    ', 'color: #03A9F4; font-weight: bold', Object{type: 'CLEAR_INTEGER_STACK'}[39m

HeadlessChrome 75.0.3770 (Linux 0.0.0) LOG: [36m'%c next state', 'color: #4CAF50; font-weight: bold', Object{numberStack: [], dictionary: Object{}, displayStack: []}[39m

HeadlessChrome 75.0.3770 (Linux 0.0.0) LOG: [36m'%c prev state', 'color: #9E9E9E; font-weight: bold', Object{numberStack: [], dictionary: Object{}, displayStack: []}[39m

HeadlessChrome 75.0.3770 (Linux 0.0.0) LOG: [36m'%c action    ', 'color: #03A9F4; font-weight: bold', Object{type: 'CLEAR_DISPLAY_STACK'}[39m

HeadlessChrome 75.0.3770 (Linux 0.0.0) LOG: [36m'%c next state', 'color: #4CAF50; font-weight: bold', Object{numberStack: [], dictionary: Object{}, displayStack: []}[39m

HeadlessChrome 75.0.3770 (Linux 0.0.0) LOG: [36m'%c prev state', 'color: #9E9E9E; font-weight: bold', Object{numberStack: [], dictionary: Object{}, displayStack: []}[39m

HeadlessChrome 75.0.3770 (Linux 0.0.0) LOG: [36m'%c action    ', 'color: #03A9F4; font-weight: bold', Object{type: 99}[39m

HeadlessChrome 75.0.3770 (Linux 0.0.0) LOG: [36m'%c next state', 'color: #4CAF50; font-weight: bold', Object{numberStack: [], dictionary: Object{}, displayStack: []}[39m

HeadlessChrome 75.0.3770 (Linux 0.0.0) LOG: [36m'%c prev state', 'color: #9E9E9E; font-weight: bold', Object{numberStack: [], dictionary: Object{}, displayStack: []}[39m

HeadlessChrome 75.0.3770 (Linux 0.0.0) LOG: [36m'%c action    ', 'color: #03A9F4; font-weight: bold', Object{type: '30/'}[39m

HeadlessChrome 75.0.3770 (Linux 0.0.0) LOG: [36m'%c next state', 'color: #4CAF50; font-weight: bold', Object{numberStack: [NaN], dictionary: Object{}, displayStack: []}[39m

HeadlessChrome 75.0.3770 (Linux 0.0.0) LOG: [36m'%c prev state', 'color: #9E9E9E; font-weight: bold', Object{numberStack: [NaN], dictionary: Object{}, displayStack: []}[39m

HeadlessChrome 75.0.3770 (Linux 0.0.0) LOG: [36m'%c action    ', 'color: #03A9F4; font-weight: bold', Object{type: 'CLEAR_INTEGER_STACK'}[39m

HeadlessChrome 75.0.3770 (Linux 0.0.0) LOG: [36m'%c next state', 'color: #4CAF50; font-weight: bold', Object{numberStack: [], dictionary: Object{}, displayStack: []}[39m

HeadlessChrome 75.0.3770 (Linux 0.0.0) LOG: [36m'%c prev state', 'color: #9E9E9E; font-weight: bold', Object{numberStack: [], dictionary: Object{}, displayStack: []}[39m

HeadlessChrome 75.0.3770 (Linux 0.0.0) LOG: [36m'%c action    ', 'color: #03A9F4; font-weight: bold', Object{type: 'CLEAR_DISPLAY_STACK'}[39m

HeadlessChrome 75.0.3770 (Linux 0.0.0) LOG: [36m'%c next state', 'color: #4CAF50; font-weight: bold', Object{numberStack: [], dictionary: Object{}, displayStack: []}[39m

HeadlessChrome 75.0.3770 (Linux 0.0.0) LOG: [36m'%c prev state', 'color: #9E9E9E; font-weight: bold', Object{numberStack: [], dictionary: Object{}, displayStack: []}[39m

HeadlessChrome 75.0.3770 (Linux 0.0.0) LOG: [36m'%c action    ', 'color: #03A9F4; font-weight: bold', Object{type: -5}[39m

HeadlessChrome 75.0.3770 (Linux 0.0.0) LOG: [36m'%c next state', 'color: #4CAF50; font-weight: bold', Object{numberStack: [], dictionary: Object{}, displayStack: []}[39m

HeadlessChrome 75.0.3770 (Linux 0.0.0) LOG: [36m'%c prev state', 'color: #9E9E9E; font-weight: bold', Object{numberStack: [], dictionary: Object{}, displayStack: []}[39m

HeadlessChrome 75.0.3770 (Linux 0.0.0) LOG: [36m'%c action    ', 'color: #03A9F4; font-weight: bold', Object{type: '0<'}[39m

HeadlessChrome 75.0.3770 (Linux 0.0.0) LOG: [36m'%c next state', 'color: #4CAF50; font-weight: bold', Object{numberStack: [0], dictionary: Object{}, displayStack: []}[39m

HeadlessChrome 75.0.3770 (Linux 0.0.0) LOG: [36m'%c prev state', 'color: #9E9E9E; font-weight: bold', Object{numberStack: [0], dictionary: Object{}, displayStack: []}[39m

HeadlessChrome 75.0.3770 (Linux 0.0.0) LOG: [36m'%c action    ', 'color: #03A9F4; font-weight: bold', Object{type: 'CLEAR_INTEGER_STACK'}[39m

HeadlessChrome 75.0.3770 (Linux 0.0.0) LOG: [36m'%c next state', 'color: #4CAF50; font-weight: bold', Object{numberStack: [], dictionary: Object{}, displayStack: []}[39m

HeadlessChrome 75.0.3770 (Linux 0.0.0) LOG: [36m'%c prev state', 'color: #9E9E9E; font-weight: bold', Object{numberStack: [], dictionary: Object{}, displayStack: []}[39m

HeadlessChrome 75.0.3770 (Linux 0.0.0) LOG: [36m'%c action    ', 'color: #03A9F4; font-weight: bold', Object{type: 'CLEAR_DISPLAY_STACK'}[39m

HeadlessChrome 75.0.3770 (Linux 0.0.0) LOG: [36m'%c next state', 'color: #4CAF50; font-weight: bold', Object{numberStack: [], dictionary: Object{}, displayStack: []}[39m

HeadlessChrome 75.0.3770 (Linux 0.0.0) LOG: [36m'%c prev state', 'color: #9E9E9E; font-weight: bold', Object{numberStack: [], dictionary: Object{}, displayStack: []}[39m

HeadlessChrome 75.0.3770 (Linux 0.0.0) LOG: [36m'%c action    ', 'color: #03A9F4; font-weight: bold', Object{type: 10}[39m

HeadlessChrome 75.0.3770 (Linux 0.0.0) LOG: [36m'%c next state', 'color: #4CAF50; font-weight: bold', Object{numberStack: [], dictionary: Object{}, displayStack: []}[39m

HeadlessChrome 75.0.3770 (Linux 0.0.0) LOG: [36m'%c prev state', 'color: #9E9E9E; font-weight: bold', Object{numberStack: [], dictionary: Object{}, displayStack: []}[39m

HeadlessChrome 75.0.3770 (Linux 0.0.0) LOG: [36m'%c action    ', 'color: #03A9F4; font-weight: bold', Object{type: '0<>'}[39m

HeadlessChrome 75.0.3770 (Linux 0.0.0) LOG: [36m'%c next state', 'color: #4CAF50; font-weight: bold', Object{numberStack: [-1], dictionary: Object{}, displayStack: []}[39m

HeadlessChrome 75.0.3770 (Linux 0.0.0) LOG: [36m'%c prev state', 'color: #9E9E9E; font-weight: bold', Object{numberStack: [-1], dictionary: Object{}, displayStack: []}[39m

HeadlessChrome 75.0.3770 (Linux 0.0.0) LOG: [36m'%c action    ', 'color: #03A9F4; font-weight: bold', Object{type: 'CLEAR_INTEGER_STACK'}[39m

HeadlessChrome 75.0.3770 (Linux 0.0.0) LOG: [36m'%c next state', 'color: #4CAF50; font-weight: bold', Object{numberStack: [], dictionary: Object{}, displayStack: []}[39m

HeadlessChrome 75.0.3770 (Linux 0.0.0) LOG: [36m'%c prev state', 'color: #9E9E9E; font-weight: bold', Object{numberStack: [], dictionary: Object{}, displayStack: []}[39m

HeadlessChrome 75.0.3770 (Linux 0.0.0) LOG: [36m'%c action    ', 'color: #03A9F4; font-weight: bold', Object{type: 'CLEAR_DISPLAY_STACK'}[39m

HeadlessChrome 75.0.3770 (Linux 0.0.0) LOG: [36m'%c next state', 'color: #4CAF50; font-weight: bold', Object{numberStack: [], dictionary: Object{}, displayStack: []}[39m

HeadlessChrome 75.0.3770 (Linux 0.0.0) LOG: [36m'%c prev state', 'color: #9E9E9E; font-weight: bold', Object{numberStack: [], dictionary: Object{}, displayStack: []}[39m

HeadlessChrome 75.0.3770 (Linux 0.0.0) LOG: [36m'%c action    ', 'color: #03A9F4; font-weight: bold', Object{type: 0}[39m

HeadlessChrome 75.0.3770 (Linux 0.0.0) LOG: [36m'%c next state', 'color: #4CAF50; font-weight: bold', Object{numberStack: [], dictionary: Object{}, displayStack: []}[39m

HeadlessChrome 75.0.3770 (Linux 0.0.0) LOG: [36m'%c prev state', 'color: #9E9E9E; font-weight: bold', Object{numberStack: [], dictionary: Object{}, displayStack: []}[39m

HeadlessChrome 75.0.3770 (Linux 0.0.0) LOG: [36m'%c action    ', 'color: #03A9F4; font-weight: bold', Object{type: '0='}[39m

HeadlessChrome 75.0.3770 (Linux 0.0.0) LOG: [36m'%c next state', 'color: #4CAF50; font-weight: bold', Object{numberStack: [0], dictionary: Object{}, displayStack: []}[39m

HeadlessChrome 75.0.3770 (Linux 0.0.0) LOG: [36m'%c prev state', 'color: #9E9E9E; font-weight: bold', Object{numberStack: [0], dictionary: Object{}, displayStack: []}[39m

HeadlessChrome 75.0.3770 (Linux 0.0.0) LOG: [36m'%c action    ', 'color: #03A9F4; font-weight: bold', Object{type: 'CLEAR_INTEGER_STACK'}[39m

HeadlessChrome 75.0.3770 (Linux 0.0.0) LOG: [36m'%c next state', 'color: #4CAF50; font-weight: bold', Object{numberStack: [], dictionary: Object{}, displayStack: []}[39m

HeadlessChrome 75.0.3770 (Linux 0.0.0) LOG: [36m'%c prev state', 'color: #9E9E9E; font-weight: bold', Object{numberStack: [], dictionary: Object{}, displayStack: []}[39m

HeadlessChrome 75.0.3770 (Linux 0.0.0) LOG: [36m'%c action    ', 'color: #03A9F4; font-weight: bold', Object{type: 'CLEAR_DISPLAY_STACK'}[39m

HeadlessChrome 75.0.3770 (Linux 0.0.0) LOG: [36m'%c next state', 'color: #4CAF50; font-weight: bold', Object{numberStack: [], dictionary: Object{}, displayStack: []}[39m

HeadlessChrome 75.0.3770 (Linux 0.0.0) LOG: [36m'%c prev state', 'color: #9E9E9E; font-weight: bold', Object{numberStack: [], dictionary: Object{}, displayStack: []}[39m

HeadlessChrome 75.0.3770 (Linux 0.0.0) LOG: [36m'%c action    ', 'color: #03A9F4; font-weight: bold', Object{type: 99}[39m

HeadlessChrome 75.0.3770 (Linux 0.0.0) LOG: [36m'%c next state', 'color: #4CAF50; font-weight: bold', Object{numberStack: [], dictionary: Object{}, displayStack: []}[39m

HeadlessChrome 75.0.3770 (Linux 0.0.0) LOG: [36m'%c prev state', 'color: #9E9E9E; font-weight: bold', Object{numberStack: [], dictionary: Object{}, displayStack: []}[39m

HeadlessChrome 75.0.3770 (Linux 0.0.0) LOG: [36m'%c action    ', 'color: #03A9F4; font-weight: bold', Object{type: '0>'}[39m

HeadlessChrome 75.0.3770 (Linux 0.0.0) LOG: [36m'%c next state', 'color: #4CAF50; font-weight: bold', Object{numberStack: [0], dictionary: Object{}, displayStack: []}[39m

HeadlessChrome 75.0.3770 (Linux 0.0.0) LOG: [36m'%c prev state', 'color: #9E9E9E; font-weight: bold', Object{numberStack: [0], dictionary: Object{}, displayStack: []}[39m

HeadlessChrome 75.0.3770 (Linux 0.0.0) LOG: [36m'%c action    ', 'color: #03A9F4; font-weight: bold', Object{type: 'CLEAR_INTEGER_STACK'}[39m

HeadlessChrome 75.0.3770 (Linux 0.0.0) LOG: [36m'%c next state', 'color: #4CAF50; font-weight: bold', Object{numberStack: [], dictionary: Object{}, displayStack: []}[39m

HeadlessChrome 75.0.3770 (Linux 0.0.0) LOG: [36m'%c prev state', 'color: #9E9E9E; font-weight: bold', Object{numberStack: [], dictionary: Object{}, displayStack: []}[39m

HeadlessChrome 75.0.3770 (Linux 0.0.0) LOG: [36m'%c action    ', 'color: #03A9F4; font-weight: bold', Object{type: 'CLEAR_DISPLAY_STACK'}[39m

HeadlessChrome 75.0.3770 (Linux 0.0.0) LOG: [36m'%c next state', 'color: #4CAF50; font-weight: bold', Object{numberStack: [], dictionary: Object{}, displayStack: []}[39m

HeadlessChrome 75.0.3770 (Linux 0.0.0) LOG: [36m'%c prev state', 'color: #9E9E9E; font-weight: bold', Object{numberStack: [], dictionary: Object{}, displayStack: []}[39m

HeadlessChrome 75.0.3770 (Linux 0.0.0) LOG: [36m'%c action    ', 'color: #03A9F4; font-weight: bold', Object{type: 2}[39m

HeadlessChrome 75.0.3770 (Linux 0.0.0) LOG: [36m'%c next state', 'color: #4CAF50; font-weight: bold', Object{numberStack: [], dictionary: Object{}, displayStack: []}[39m

HeadlessChrome 75.0.3770 (Linux 0.0.0) LOG: [36m'%c prev state', 'color: #9E9E9E; font-weight: bold', Object{numberStack: [], dictionary: Object{}, displayStack: []}[39m

HeadlessChrome 75.0.3770 (Linux 0.0.0) LOG: [36m'%c action    ', 'color: #03A9F4; font-weight: bold', Object{type: 9}[39m

HeadlessChrome 75.0.3770 (Linux 0.0.0) LOG: [36m'%c next state', 'color: #4CAF50; font-weight: bold', Object{numberStack: [], dictionary: Object{}, displayStack: []}[39m

HeadlessChrome 75.0.3770 (Linux 0.0.0) LOG: [36m'%c prev state', 'color: #9E9E9E; font-weight: bold', Object{numberStack: [], dictionary: Object{}, displayStack: []}[39m

HeadlessChrome 75.0.3770 (Linux 0.0.0) LOG: [36m'%c action    ', 'color: #03A9F4; font-weight: bold', Object{type: 10}[39m

HeadlessChrome 75.0.3770 (Linux 0.0.0) LOG: [36m'%c next state', 'color: #4CAF50; font-weight: bold', Object{numberStack: [], dictionary: Object{}, displayStack: []}[39m

HeadlessChrome 75.0.3770 (Linux 0.0.0) LOG: [36m'%c prev state', 'color: #9E9E9E; font-weight: bold', Object{numberStack: [], dictionary: Object{}, displayStack: []}[39m

HeadlessChrome 75.0.3770 (Linux 0.0.0) LOG: [36m'%c action    ', 'color: #03A9F4; font-weight: bold', Object{type: '*/'}[39m

HeadlessChrome 75.0.3770 (Linux 0.0.0) LOG: [36m'%c next state', 'color: #4CAF50; font-weight: bold', Object{numberStack: [NaN], dictionary: Object{}, displayStack: []}[39m

HeadlessChrome 75.0.3770 (Linux 0.0.0) LOG: [36m'%c prev state', 'color: #9E9E9E; font-weight: bold', Object{numberStack: [NaN], dictionary: Object{}, displayStack: []}[39m

HeadlessChrome 75.0.3770 (Linux 0.0.0) LOG: [36m'%c action    ', 'color: #03A9F4; font-weight: bold', Object{type: 'CLEAR_INTEGER_STACK'}[39m

HeadlessChrome 75.0.3770 (Linux 0.0.0) LOG: [36m'%c next state', 'color: #4CAF50; font-weight: bold', Object{numberStack: [], dictionary: Object{}, displayStack: []}[39m

HeadlessChrome 75.0.3770 (Linux 0.0.0) LOG: [36m'%c prev state', 'color: #9E9E9E; font-weight: bold', Object{numberStack: [], dictionary: Object{}, displayStack: []}[39m

HeadlessChrome 75.0.3770 (Linux 0.0.0) LOG: [36m'%c action    ', 'color: #03A9F4; font-weight: bold', Object{type: 'CLEAR_DISPLAY_STACK'}[39m

HeadlessChrome 75.0.3770 (Linux 0.0.0) LOG: [36m'%c next state', 'color: #4CAF50; font-weight: bold', Object{numberStack: [], dictionary: Object{}, displayStack: []}[39m

HeadlessChrome 75.0.3770 (Linux 0.0.0) LOG: [36m'%c prev state', 'color: #9E9E9E; font-weight: bold', Object{numberStack: [], dictionary: Object{}, displayStack: []}[39m

HeadlessChrome 75.0.3770 (Linux 0.0.0) LOG: [36m'%c action    ', 'color: #03A9F4; font-weight: bold', Object{type: 3}[39m

HeadlessChrome 75.0.3770 (Linux 0.0.0) LOG: [36m'%c next state', 'color: #4CAF50; font-weight: bold', Object{numberStack: [], dictionary: Object{}, displayStack: []}[39m

HeadlessChrome 75.0.3770 (Linux 0.0.0) LOG: [36m'%c prev state', 'color: #9E9E9E; font-weight: bold', Object{numberStack: [], dictionary: Object{}, displayStack: []}[39m

HeadlessChrome 75.0.3770 (Linux 0.0.0) LOG: [36m'%c action    ', 'color: #03A9F4; font-weight: bold', Object{type: 6}[39m

HeadlessChrome 75.0.3770 (Linux 0.0.0) LOG: [36m'%c next state', 'color: #4CAF50; font-weight: bold', Object{numberStack: [], dictionary: Object{}, displayStack: []}[39m

HeadlessChrome 75.0.3770 (Linux 0.0.0) LOG: [36m'%c prev state', 'color: #9E9E9E; font-weight: bold', Object{numberStack: [], dictionary: Object{}, displayStack: []}[39m

HeadlessChrome 75.0.3770 (Linux 0.0.0) LOG: [36m'%c action    ', 'color: #03A9F4; font-weight: bold', Object{type: 10}[39m

HeadlessChrome 75.0.3770 (Linux 0.0.0) LOG: [36m'%c next state', 'color: #4CAF50; font-weight: bold', Object{numberStack: [], dictionary: Object{}, displayStack: []}[39m

HeadlessChrome 75.0.3770 (Linux 0.0.0) LOG: [36m'%c prev state', 'color: #9E9E9E; font-weight: bold', Object{numberStack: [], dictionary: Object{}, displayStack: []}[39m

HeadlessChrome 75.0.3770 (Linux 0.0.0) LOG: [36m'%c action    ', 'color: #03A9F4; font-weight: bold', Object{type: '*/MOD'}[39m

HeadlessChrome 75.0.3770 (Linux 0.0.0) LOG: [36m'%c next state', 'color: #4CAF50; font-weight: bold', Object{numberStack: [NaN, NaN], dictionary: Object{}, displayStack: []}[39m

HeadlessChrome 75.0.3770 (Linux 0.0.0) LOG: [36m'%c prev state', 'color: #9E9E9E; font-weight: bold', Object{numberStack: [NaN, NaN], dictionary: Object{}, displayStack: []}[39m

HeadlessChrome 75.0.3770 (Linux 0.0.0) LOG: [36m'%c action    ', 'color: #03A9F4; font-weight: bold', Object{type: 'CLEAR_INTEGER_STACK'}[39m

HeadlessChrome 75.0.3770 (Linux 0.0.0) LOG: [36m'%c next state', 'color: #4CAF50; font-weight: bold', Object{numberStack: [], dictionary: Object{}, displayStack: []}[39m

HeadlessChrome 75.0.3770 (Linux 0.0.0) LOG: [36m'%c prev state', 'color: #9E9E9E; font-weight: bold', Object{numberStack: [], dictionary: Object{}, displayStack: []}[39m

HeadlessChrome 75.0.3770 (Linux 0.0.0) LOG: [36m'%c action    ', 'color: #03A9F4; font-weight: bold', Object{type: 'CLEAR_DISPLAY_STACK'}[39m

HeadlessChrome 75.0.3770 (Linux 0.0.0) LOG: [36m'%c next state', 'color: #4CAF50; font-weight: bold', Object{numberStack: [], dictionary: Object{}, displayStack: []}[39m

HeadlessChrome 75.0.3770 (Linux 0.0.0) LOG: [36m'%c prev state', 'color: #9E9E9E; font-weight: bold', Object{numberStack: [], dictionary: Object{}, displayStack: []}[39m

HeadlessChrome 75.0.3770 (Linux 0.0.0) LOG: [36m'%c action    ', 'color: #03A9F4; font-weight: bold', Object{type: -80}[39m

HeadlessChrome 75.0.3770 (Linux 0.0.0) LOG: [36m'%c next state', 'color: #4CAF50; font-weight: bold', Object{numberStack: [], dictionary: Object{}, displayStack: []}[39m

HeadlessChrome 75.0.3770 (Linux 0.0.0) LOG: [36m'%c prev state', 'color: #9E9E9E; font-weight: bold', Object{numberStack: [], dictionary: Object{}, displayStack: []}[39m

HeadlessChrome 75.0.3770 (Linux 0.0.0) LOG: [36m'%c action    ', 'color: #03A9F4; font-weight: bold', Object{type: 'ABS'}[39m

HeadlessChrome 75.0.3770 (Linux 0.0.0) LOG: [36m'%c next state', 'color: #4CAF50; font-weight: bold', Object{numberStack: [NaN], dictionary: Object{}, displayStack: []}[39m

HeadlessChrome 75.0.3770 (Linux 0.0.0) LOG: [36m'%c prev state', 'color: #9E9E9E; font-weight: bold', Object{numberStack: [NaN], dictionary: Object{}, displayStack: []}[39m

HeadlessChrome 75.0.3770 (Linux 0.0.0) LOG: [36m'%c action    ', 'color: #03A9F4; font-weight: bold', Object{type: 'CLEAR_INTEGER_STACK'}[39m

HeadlessChrome 75.0.3770 (Linux 0.0.0) LOG: [36m'%c next state', 'color: #4CAF50; font-weight: bold', Object{numberStack: [], dictionary: Object{}, displayStack: []}[39m

HeadlessChrome 75.0.3770 (Linux 0.0.0) LOG: [36m'%c prev state', 'color: #9E9E9E; font-weight: bold', Object{numberStack: [], dictionary: Object{}, displayStack: []}[39m

HeadlessChrome 75.0.3770 (Linux 0.0.0) LOG: [36m'%c action    ', 'color: #03A9F4; font-weight: bold', Object{type: 'CLEAR_DISPLAY_STACK'}[39m

HeadlessChrome 75.0.3770 (Linux 0.0.0) LOG: [36m'%c next state', 'color: #4CAF50; font-weight: bold', Object{numberStack: [], dictionary: Object{}, displayStack: []}[39m

HeadlessChrome 75.0.3770 (Linux 0.0.0) LOG: [36m'%c prev state', 'color: #9E9E9E; font-weight: bold', Object{numberStack: [], dictionary: Object{}, displayStack: []}[39m

HeadlessChrome 75.0.3770 (Linux 0.0.0) LOG: [36m'%c action    ', 'color: #03A9F4; font-weight: bold', Object{type: 30}[39m

HeadlessChrome 75.0.3770 (Linux 0.0.0) LOG: [36m'%c next state', 'color: #4CAF50; font-weight: bold', Object{numberStack: [], dictionary: Object{}, displayStack: []}[39m

HeadlessChrome 75.0.3770 (Linux 0.0.0) LOG: [36m'%c prev state', 'color: #9E9E9E; font-weight: bold', Object{numberStack: [], dictionary: Object{}, displayStack: []}[39m

HeadlessChrome 75.0.3770 (Linux 0.0.0) LOG: [36m'%c action    ', 'color: #03A9F4; font-weight: bold', Object{type: 20}[39m

HeadlessChrome 75.0.3770 (Linux 0.0.0) LOG: [36m'%c next state', 'color: #4CAF50; font-weight: bold', Object{numberStack: [], dictionary: Object{}, displayStack: []}[39m

HeadlessChrome 75.0.3770 (Linux 0.0.0) LOG: [36m'%c prev state', 'color: #9E9E9E; font-weight: bold', Object{numberStack: [], dictionary: Object{}, displayStack: []}[39m

HeadlessChrome 75.0.3770 (Linux 0.0.0) LOG: [36m'%c action    ', 'color: #03A9F4; font-weight: bold', Object{type: 'MAX'}[39m

HeadlessChrome 75.0.3770 (Linux 0.0.0) LOG: [36m'%c next state', 'color: #4CAF50; font-weight: bold', Object{numberStack: [NaN], dictionary: Object{}, displayStack: []}[39m

HeadlessChrome 75.0.3770 (Linux 0.0.0) LOG: [36m'%c prev state', 'color: #9E9E9E; font-weight: bold', Object{numberStack: [NaN], dictionary: Object{}, displayStack: []}[39m

HeadlessChrome 75.0.3770 (Linux 0.0.0) LOG: [36m'%c action    ', 'color: #03A9F4; font-weight: bold', Object{type: 'CLEAR_INTEGER_STACK'}[39m

HeadlessChrome 75.0.3770 (Linux 0.0.0) LOG: [36m'%c next state', 'color: #4CAF50; font-weight: bold', Object{numberStack: [], dictionary: Object{}, displayStack: []}[39m

HeadlessChrome 75.0.3770 (Linux 0.0.0) LOG: [36m'%c prev state', 'color: #9E9E9E; font-weight: bold', Object{numberStack: [], dictionary: Object{}, displayStack: []}[39m

HeadlessChrome 75.0.3770 (Linux 0.0.0) LOG: [36m'%c action    ', 'color: #03A9F4; font-weight: bold', Object{type: 'CLEAR_DISPLAY_STACK'}[39m

HeadlessChrome 75.0.3770 (Linux 0.0.0) LOG: [36m'%c next state', 'color: #4CAF50; font-weight: bold', Object{numberStack: [], dictionary: Object{}, displayStack: []}[39m

HeadlessChrome 75.0.3770 (Linux 0.0.0) LOG: [36m'%c prev state', 'color: #9E9E9E; font-weight: bold', Object{numberStack: [], dictionary: Object{}, displayStack: []}[39m

HeadlessChrome 75.0.3770 (Linux 0.0.0) LOG: [36m'%c action    ', 'color: #03A9F4; font-weight: bold', Object{type: 100}[39m

HeadlessChrome 75.0.3770 (Linux 0.0.0) LOG: [36m'%c next state', 'color: #4CAF50; font-weight: bold', Object{numberStack: [], dictionary: Object{}, displayStack: []}[39m

HeadlessChrome 75.0.3770 (Linux 0.0.0) LOG: [36m'%c prev state', 'color: #9E9E9E; font-weight: bold', Object{numberStack: [], dictionary: Object{}, displayStack: []}[39m

HeadlessChrome 75.0.3770 (Linux 0.0.0) LOG: [36m'%c action    ', 'color: #03A9F4; font-weight: bold', Object{type: 300}[39m

HeadlessChrome 75.0.3770 (Linux 0.0.0) LOG: [36m'%c next state', 'color: #4CAF50; font-weight: bold', Object{numberStack: [], dictionary: Object{}, displayStack: []}[39m

HeadlessChrome 75.0.3770 (Linux 0.0.0) LOG: [36m'%c prev state', 'color: #9E9E9E; font-weight: bold', Object{numberStack: [], dictionary: Object{}, displayStack: []}[39m

HeadlessChrome 75.0.3770 (Linux 0.0.0) LOG: [36m'%c action    ', 'color: #03A9F4; font-weight: bold', Object{type: 'MIN'}[39m

HeadlessChrome 75.0.3770 (Linux 0.0.0) LOG: [36m'%c next state', 'color: #4CAF50; font-weight: bold', Object{numberStack: [NaN], dictionary: Object{}, displayStack: []}[39m

HeadlessChrome 75.0.3770 (Linux 0.0.0) LOG: [36m'%c prev state', 'color: #9E9E9E; font-weight: bold', Object{numberStack: [NaN], dictionary: Object{}, displayStack: []}[39m

HeadlessChrome 75.0.3770 (Linux 0.0.0) LOG: [36m'%c action    ', 'color: #03A9F4; font-weight: bold', Object{type: 'CLEAR_INTEGER_STACK'}[39m

HeadlessChrome 75.0.3770 (Linux 0.0.0) LOG: [36m'%c next state', 'color: #4CAF50; font-weight: bold', Object{numberStack: [], dictionary: Object{}, displayStack: []}[39m

HeadlessChrome 75.0.3770 (Linux 0.0.0) LOG: [36m'%c prev state', 'color: #9E9E9E; font-weight: bold', Object{numberStack: [], dictionary: Object{}, displayStack: []}[39m

HeadlessChrome 75.0.3770 (Linux 0.0.0) LOG: [36m'%c action    ', 'color: #03A9F4; font-weight: bold', Object{type: 'CLEAR_DISPLAY_STACK'}[39m

HeadlessChrome 75.0.3770 (Linux 0.0.0) LOG: [36m'%c next state', 'color: #4CAF50; font-weight: bold', Object{numberStack: [], dictionary: Object{}, displayStack: []}[39m

HeadlessChrome 75.0.3770 (Linux 0.0.0) LOG: [36m'%c prev state', 'color: #9E9E9E; font-weight: bold', Object{numberStack: [], dictionary: Object{}, displayStack: []}[39m

HeadlessChrome 75.0.3770 (Linux 0.0.0) LOG: [36m'%c action    ', 'color: #03A9F4; font-weight: bold', Object{type: -10}[39m

HeadlessChrome 75.0.3770 (Linux 0.0.0) LOG: [36m'%c next state', 'color: #4CAF50; font-weight: bold', Object{numberStack: [], dictionary: Object{}, displayStack: []}[39m

HeadlessChrome 75.0.3770 (Linux 0.0.0) LOG: [36m'%c prev state', 'color: #9E9E9E; font-weight: bold', Object{numberStack: [], dictionary: Object{}, displayStack: []}[39m

HeadlessChrome 75.0.3770 (Linux 0.0.0) LOG: [36m'%c action    ', 'color: #03A9F4; font-weight: bold', Object{type: 'NEGATE'}[39m

HeadlessChrome 75.0.3770 (Linux 0.0.0) LOG: [36m'%c next state', 'color: #4CAF50; font-weight: bold', Object{numberStack: [NaN], dictionary: Object{}, displayStack: []}[39m

HeadlessChrome 75.0.3770 (Linux 0.0.0) LOG: [36m'%c prev state', 'color: #9E9E9E; font-weight: bold', Object{numberStack: [NaN], dictionary: Object{}, displayStack: []}[39m

HeadlessChrome 75.0.3770 (Linux 0.0.0) LOG: [36m'%c action    ', 'color: #03A9F4; font-weight: bold', Object{type: 'CLEAR_INTEGER_STACK'}[39m

HeadlessChrome 75.0.3770 (Linux 0.0.0) LOG: [36m'%c next state', 'color: #4CAF50; font-weight: bold', Object{numberStack: [], dictionary: Object{}, displayStack: []}[39m

HeadlessChrome 75.0.3770 (Linux 0.0.0) LOG: [36m'%c prev state', 'color: #9E9E9E; font-weight: bold', Object{numberStack: [], dictionary: Object{}, displayStack: []}[39m

HeadlessChrome 75.0.3770 (Linux 0.0.0) LOG: [36m'%c action    ', 'color: #03A9F4; font-weight: bold', Object{type: 'CLEAR_DISPLAY_STACK'}[39m

HeadlessChrome 75.0.3770 (Linux 0.0.0) LOG: [36m'%c next state', 'color: #4CAF50; font-weight: bold', Object{numberStack: [], dictionary: Object{}, displayStack: []}[39m

HeadlessChrome 75.0.3770 (Linux 0.0.0) LOG: [36m'%c prev state', 'color: #9E9E9E; font-weight: bold', Object{numberStack: [], dictionary: Object{}, displayStack: []}[39m

HeadlessChrome 75.0.3770 (Linux 0.0.0) LOG: [36m'%c action    ', 'color: #03A9F4; font-weight: bold', Object{type: 10}[39m

HeadlessChrome 75.0.3770 (Linux 0.0.0) LOG: [36m'%c next state', 'color: #4CAF50; font-weight: bold', Object{numberStack: [], dictionary: Object{}, displayStack: []}[39m

HeadlessChrome 75.0.3770 (Linux 0.0.0) LOG: [36m'%c prev state', 'color: #9E9E9E; font-weight: bold', Object{numberStack: [], dictionary: Object{}, displayStack: []}[39m

HeadlessChrome 75.0.3770 (Linux 0.0.0) LOG: [36m'%c action    ', 'color: #03A9F4; font-weight: bold', Object{type: '.'}[39m

HeadlessChrome 75.0.3770 (Linux 0.0.0) LOG: [36m'%c next state', 'color: #4CAF50; font-weight: bold', Object{numberStack: [], dictionary: Object{}, displayStack: [undefined]}[39m

HeadlessChrome 75.0.3770 (Linux 0.0.0) LOG: [36m'%c prev state', 'color: #9E9E9E; font-weight: bold', Object{numberStack: [], dictionary: Object{}, displayStack: [undefined]}[39m

HeadlessChrome 75.0.3770 (Linux 0.0.0) LOG: [36m'%c action    ', 'color: #03A9F4; font-weight: bold', Object{type: 'CLEAR_INTEGER_STACK'}[39m

HeadlessChrome 75.0.3770 (Linux 0.0.0) LOG: [36m'%c next state', 'color: #4CAF50; font-weight: bold', Object{numberStack: [], dictionary: Object{}, displayStack: [undefined]}[39m

HeadlessChrome 75.0.3770 (Linux 0.0.0) LOG: [36m'%c prev state', 'color: #9E9E9E; font-weight: bold', Object{numberStack: [], dictionary: Object{}, displayStack: [undefined]}[39m

HeadlessChrome 75.0.3770 (Linux 0.0.0) LOG: [36m'%c action    ', 'color: #03A9F4; font-weight: bold', Object{type: 'CLEAR_DISPLAY_STACK'}[39m

HeadlessChrome 75.0.3770 (Linux 0.0.0) LOG: [36m'%c next state', 'color: #4CAF50; font-weight: bold', Object{numberStack: [], dictionary: Object{}, displayStack: []}[39m

HeadlessChrome 75.0.3770 (Linux 0.0.0) LOG: [36m'%c prev state', 'color: #9E9E9E; font-weight: bold', Object{numberStack: [], dictionary: Object{}, displayStack: []}[39m

HeadlessChrome 75.0.3770 (Linux 0.0.0) LOG: [36m'%c action    ', 'color: #03A9F4; font-weight: bold', Object{type: 38}[39m

HeadlessChrome 75.0.3770 (Linux 0.0.0) LOG: [36m'%c next state', 'color: #4CAF50; font-weight: bold', Object{numberStack: [], dictionary: Object{}, displayStack: []}[39m

HeadlessChrome 75.0.3770 (Linux 0.0.0) LOG: [36m'%c prev state', 'color: #9E9E9E; font-weight: bold', Object{numberStack: [], dictionary: Object{}, displayStack: []}[39m

HeadlessChrome 75.0.3770 (Linux 0.0.0) LOG: [36m'%c action    ', 'color: #03A9F4; font-weight: bold', Object{type: 46}[39m

HeadlessChrome 75.0.3770 (Linux 0.0.0) LOG: [36m'%c next state', 'color: #4CAF50; font-weight: bold', Object{numberStack: [], dictionary: Object{}, displayStack: []}[39m

HeadlessChrome 75.0.3770 (Linux 0.0.0) LOG: [36m'%c prev state', 'color: #9E9E9E; font-weight: bold', Object{numberStack: [], dictionary: Object{}, displayStack: []}[39m

HeadlessChrome 75.0.3770 (Linux 0.0.0) LOG: [36m'%c action    ', 'color: #03A9F4; font-weight: bold', Object{type: '.S'}[39m

HeadlessChrome 75.0.3770 (Linux 0.0.0) LOG: [36m'%c next state', 'color: #4CAF50; font-weight: bold', Object{numberStack: [], dictionary: Object{}, displayStack: []}[39m

HeadlessChrome 75.0.3770 (Linux 0.0.0) LOG: [36m'%c prev state', 'color: #9E9E9E; font-weight: bold', Object{numberStack: [], dictionary: Object{}, displayStack: []}[39m

HeadlessChrome 75.0.3770 (Linux 0.0.0) LOG: [36m'%c action    ', 'color: #03A9F4; font-weight: bold', Object{type: 'CLEAR_INTEGER_STACK'}[39m

HeadlessChrome 75.0.3770 (Linux 0.0.0) LOG: [36m'%c next state', 'color: #4CAF50; font-weight: bold', Object{numberStack: [], dictionary: Object{}, displayStack: []}[39m

HeadlessChrome 75.0.3770 (Linux 0.0.0) LOG: [36m'%c prev state', 'color: #9E9E9E; font-weight: bold', Object{numberStack: [], dictionary: Object{}, displayStack: []}[39m

HeadlessChrome 75.0.3770 (Linux 0.0.0) LOG: [36m'%c action    ', 'color: #03A9F4; font-weight: bold', Object{type: 'CLEAR_DISPLAY_STACK'}[39m

HeadlessChrome 75.0.3770 (Linux 0.0.0) LOG: [36m'%c next state', 'color: #4CAF50; font-weight: bold', Object{numberStack: [], dictionary: Object{}, displayStack: []}[39m

HeadlessChrome 75.0.3770 (Linux 0.0.0) LOG: [36m'%c prev state', 'color: #9E9E9E; font-weight: bold', Object{numberStack: [], dictionary: Object{}, displayStack: []}[39m

HeadlessChrome 75.0.3770 (Linux 0.0.0) LOG: [36m'%c action    ', 'color: #03A9F4; font-weight: bold', Object{type: 91}[39m

HeadlessChrome 75.0.3770 (Linux 0.0.0) LOG: [36m'%c next state', 'color: #4CAF50; font-weight: bold', Object{numberStack: [], dictionary: Object{}, displayStack: []}[39m

HeadlessChrome 75.0.3770 (Linux 0.0.0) LOG: [36m'%c prev state', 'color: #9E9E9E; font-weight: bold', Object{numberStack: [], dictionary: Object{}, displayStack: []}[39m

HeadlessChrome 75.0.3770 (Linux 0.0.0) LOG: [36m'%c action    ', 'color: #03A9F4; font-weight: bold', Object{type: 60}[39m

HeadlessChrome 75.0.3770 (Linux 0.0.0) LOG: [36m'%c next state', 'color: #4CAF50; font-weight: bold', Object{numberStack: [], dictionary: Object{}, displayStack: []}[39m

HeadlessChrome 75.0.3770 (Linux 0.0.0) LOG: [36m[undefined][39m

HeadlessChrome 75.0.3770 (Linux 0.0.0) LOG: [36m'%c prev state', 'color: #9E9E9E; font-weight: bold', Object{numberStack: [], dictionary: Object{}, displayStack: []}[39m

HeadlessChrome 75.0.3770 (Linux 0.0.0) LOG: [36m'%c action    ', 'color: #03A9F4; font-weight: bold', Object{type: 'DUP'}[39m

HeadlessChrome 75.0.3770 (Linux 0.0.0) LOG: [36m'%c next state', 'color: #4CAF50; font-weight: bold', Object{numberStack: [undefined], dictionary: Object{}, displayStack: []}[39m

HeadlessChrome 75.0.3770 (Linux 0.0.0) LOG: [36m'%c prev state', 'color: #9E9E9E; font-weight: bold', Object{numberStack: [undefined], dictionary: Object{}, displayStack: []}[39m

HeadlessChrome 75.0.3770 (Linux 0.0.0) LOG: [36m'%c action    ', 'color: #03A9F4; font-weight: bold', Object{type: 'CLEAR_INTEGER_STACK'}[39m

HeadlessChrome 75.0.3770 (Linux 0.0.0) LOG: [36m'%c next state', 'color: #4CAF50; font-weight: bold', Object{numberStack: [], dictionary: Object{}, displayStack: []}[39m

HeadlessChrome 75.0.3770 (Linux 0.0.0) LOG: [36m'%c prev state', 'color: #9E9E9E; font-weight: bold', Object{numberStack: [], dictionary: Object{}, displayStack: []}[39m

HeadlessChrome 75.0.3770 (Linux 0.0.0) LOG: [36m'%c action    ', 'color: #03A9F4; font-weight: bold', Object{type: 'CLEAR_DISPLAY_STACK'}[39m

HeadlessChrome 75.0.3770 (Linux 0.0.0) LOG: [36m'%c next state', 'color: #4CAF50; font-weight: bold', Object{numberStack: [], dictionary: Object{}, displayStack: []}[39m

HeadlessChrome 75.0.3770 (Linux 0.0.0) LOG: [36m'%c prev state', 'color: #9E9E9E; font-weight: bold', Object{numberStack: [], dictionary: Object{}, displayStack: []}[39m

HeadlessChrome 75.0.3770 (Linux 0.0.0) LOG: [36m'%c action    ', 'color: #03A9F4; font-weight: bold', Object{type: 37}[39m

HeadlessChrome 75.0.3770 (Linux 0.0.0) LOG: [36m'%c next state', 'color: #4CAF50; font-weight: bold', Object{numberStack: [], dictionary: Object{}, displayStack: []}[39m

HeadlessChrome 75.0.3770 (Linux 0.0.0) LOG: [36m'%c prev state', 'color: #9E9E9E; font-weight: bold', Object{numberStack: [], dictionary: Object{}, displayStack: []}[39m

HeadlessChrome 75.0.3770 (Linux 0.0.0) LOG: [36m'%c action    ', 'color: #03A9F4; font-weight: bold', Object{type: 110}[39m

HeadlessChrome 75.0.3770 (Linux 0.0.0) LOG: [36m'%c next state', 'color: #4CAF50; font-weight: bold', Object{numberStack: [], dictionary: Object{}, displayStack: []}[39m

HeadlessChrome 75.0.3770 (Linux 0.0.0) LOG: [36m'%c prev state', 'color: #9E9E9E; font-weight: bold', Object{numberStack: [], dictionary: Object{}, displayStack: []}[39m

HeadlessChrome 75.0.3770 (Linux 0.0.0) LOG: [36m'%c action    ', 'color: #03A9F4; font-weight: bold', Object{type: 16}[39m

HeadlessChrome 75.0.3770 (Linux 0.0.0) LOG: [36m'%c next state', 'color: #4CAF50; font-weight: bold', Object{numberStack: [], dictionary: Object{}, displayStack: []}[39m

HeadlessChrome 75.0.3770 (Linux 0.0.0) LOG: [36m'%c prev state', 'color: #9E9E9E; font-weight: bold', Object{numberStack: [], dictionary: Object{}, displayStack: []}[39m

HeadlessChrome 75.0.3770 (Linux 0.0.0) LOG: [36m'%c action    ', 'color: #03A9F4; font-weight: bold', Object{type: 'DROP'}[39m

HeadlessChrome 75.0.3770 (Linux 0.0.0) LOG: [36m'%c next state', 'color: #4CAF50; font-weight: bold', Object{numberStack: [], dictionary: Object{}, displayStack: []}[39m

HeadlessChrome 75.0.3770 (Linux 0.0.0) LOG: [36m'%c prev state', 'color: #9E9E9E; font-weight: bold', Object{numberStack: [], dictionary: Object{}, displayStack: []}[39m

HeadlessChrome 75.0.3770 (Linux 0.0.0) LOG: [36m'%c action    ', 'color: #03A9F4; font-weight: bold', Object{type: 'CLEAR_INTEGER_STACK'}[39m

HeadlessChrome 75.0.3770 (Linux 0.0.0) LOG: [36m'%c next state', 'color: #4CAF50; font-weight: bold', Object{numberStack: [], dictionary: Object{}, displayStack: []}[39m

HeadlessChrome 75.0.3770 (Linux 0.0.0) LOG: [36m'%c prev state', 'color: #9E9E9E; font-weight: bold', Object{numberStack: [], dictionary: Object{}, displayStack: []}[39m

HeadlessChrome 75.0.3770 (Linux 0.0.0) LOG: [36m'%c action    ', 'color: #03A9F4; font-weight: bold', Object{type: 'CLEAR_DISPLAY_STACK'}[39m

HeadlessChrome 75.0.3770 (Linux 0.0.0) LOG: [36m'%c next state', 'color: #4CAF50; font-weight: bold', Object{numberStack: [], dictionary: Object{}, displayStack: []}[39m

HeadlessChrome 75.0.3770 (Linux 0.0.0) LOG: [36m'%c prev state', 'color: #9E9E9E; font-weight: bold', Object{numberStack: [], dictionary: Object{}, displayStack: []}[39m

HeadlessChrome 75.0.3770 (Linux 0.0.0) LOG: [36m'%c action    ', 'color: #03A9F4; font-weight: bold', Object{type: 1}[39m

HeadlessChrome 75.0.3770 (Linux 0.0.0) LOG: [36m'%c next state', 'color: #4CAF50; font-weight: bold', Object{numberStack: [], dictionary: Object{}, displayStack: []}[39m

HeadlessChrome 75.0.3770 (Linux 0.0.0) LOG: [36m'%c prev state', 'color: #9E9E9E; font-weight: bold', Object{numberStack: [], dictionary: Object{}, displayStack: []}[39m

HeadlessChrome 75.0.3770 (Linux 0.0.0) LOG: [36m'%c action    ', 'color: #03A9F4; font-weight: bold', Object{type: 2}[39m

HeadlessChrome 75.0.3770 (Linux 0.0.0) LOG: [36m'%c next state', 'color: #4CAF50; font-weight: bold', Object{numberStack: [], dictionary: Object{}, displayStack: []}[39m

HeadlessChrome 75.0.3770 (Linux 0.0.0) LOG: [36m'%c prev state', 'color: #9E9E9E; font-weight: bold', Object{numberStack: [], dictionary: Object{}, displayStack: []}[39m

HeadlessChrome 75.0.3770 (Linux 0.0.0) LOG: [36m'%c action    ', 'color: #03A9F4; font-weight: bold', Object{type: 3}[39m

HeadlessChrome 75.0.3770 (Linux 0.0.0) LOG: [36m'%c next state', 'color: #4CAF50; font-weight: bold', Object{numberStack: [], dictionary: Object{}, displayStack: []}[39m

HeadlessChrome 75.0.3770 (Linux 0.0.0) LOG: [36m'%c prev state', 'color: #9E9E9E; font-weight: bold', Object{numberStack: [], dictionary: Object{}, displayStack: []}[39m

HeadlessChrome 75.0.3770 (Linux 0.0.0) LOG: [36m'%c action    ', 'color: #03A9F4; font-weight: bold', Object{type: 'SWAP'}[39m

HeadlessChrome 75.0.3770 (Linux 0.0.0) LOG: [36m'%c next state', 'color: #4CAF50; font-weight: bold', Object{numberStack: [undefined, undefined], dictionary: Object{}, displayStack: []}[39m

HeadlessChrome 75.0.3770 (Linux 0.0.0) LOG: [36m'%c prev state', 'color: #9E9E9E; font-weight: bold', Object{numberStack: [undefined, undefined], dictionary: Object{}, displayStack: []}[39m

HeadlessChrome 75.0.3770 (Linux 0.0.0) LOG: [36m'%c action    ', 'color: #03A9F4; font-weight: bold', Object{type: 'CLEAR_INTEGER_STACK'}[39m

HeadlessChrome 75.0.3770 (Linux 0.0.0) LOG: [36m'%c next state', 'color: #4CAF50; font-weight: bold', Object{numberStack: [], dictionary: Object{}, displayStack: []}[39m

HeadlessChrome 75.0.3770 (Linux 0.0.0) LOG: [36m'%c prev state', 'color: #9E9E9E; font-weight: bold', Object{numberStack: [], dictionary: Object{}, displayStack: []}[39m

HeadlessChrome 75.0.3770 (Linux 0.0.0) LOG: [36m'%c action    ', 'color: #03A9F4; font-weight: bold', Object{type: 'CLEAR_DISPLAY_STACK'}[39m

HeadlessChrome 75.0.3770 (Linux 0.0.0) LOG: [36m'%c next state', 'color: #4CAF50; font-weight: bold', Object{numberStack: [], dictionary: Object{}, displayStack: []}[39m

HeadlessChrome 75.0.3770 (Linux 0.0.0) LOG: [36m'%c prev state', 'color: #9E9E9E; font-weight: bold', Object{numberStack: [], dictionary: Object{}, displayStack: []}[39m

HeadlessChrome 75.0.3770 (Linux 0.0.0) LOG: [36m'%c action    ', 'color: #03A9F4; font-weight: bold', Object{type: 4}[39m

HeadlessChrome 75.0.3770 (Linux 0.0.0) LOG: [36m'%c next state', 'color: #4CAF50; font-weight: bold', Object{numberStack: [], dictionary: Object{}, displayStack: []}[39m

HeadlessChrome 75.0.3770 (Linux 0.0.0) LOG: [36m'%c prev state', 'color: #9E9E9E; font-weight: bold', Object{numberStack: [], dictionary: Object{}, displayStack: []}[39m

HeadlessChrome 75.0.3770 (Linux 0.0.0) LOG: [36m'%c action    ', 'color: #03A9F4; font-weight: bold', Object{type: 5}[39m

HeadlessChrome 75.0.3770 (Linux 0.0.0) LOG: [36m'%c next state', 'color: #4CAF50; font-weight: bold', Object{numberStack: [], dictionary: Object{}, displayStack: []}[39m

HeadlessChrome 75.0.3770 (Linux 0.0.0) LOG: [36m'%c prev state', 'color: #9E9E9E; font-weight: bold', Object{numberStack: [], dictionary: Object{}, displayStack: []}[39m

HeadlessChrome 75.0.3770 (Linux 0.0.0) LOG: [36m'%c action    ', 'color: #03A9F4; font-weight: bold', Object{type: 6}[39m

HeadlessChrome 75.0.3770 (Linux 0.0.0) LOG: [36m'%c next state', 'color: #4CAF50; font-weight: bold', Object{numberStack: [], dictionary: Object{}, displayStack: []}[39m

HeadlessChrome 75.0.3770 (Linux 0.0.0) LOG: [36m'%c prev state', 'color: #9E9E9E; font-weight: bold', Object{numberStack: [], dictionary: Object{}, displayStack: []}[39m

HeadlessChrome 75.0.3770 (Linux 0.0.0) LOG: [36m'%c action    ', 'color: #03A9F4; font-weight: bold', Object{type: 'OVER'}[39m

HeadlessChrome 75.0.3770 (Linux 0.0.0) LOG: [36m'%c next state', 'color: #4CAF50; font-weight: bold', Object{numberStack: [undefined], dictionary: Object{}, displayStack: []}[39m

HeadlessChrome 75.0.3770 (Linux 0.0.0) LOG: [36m'%c prev state', 'color: #9E9E9E; font-weight: bold', Object{numberStack: [undefined], dictionary: Object{}, displayStack: []}[39m

HeadlessChrome 75.0.3770 (Linux 0.0.0) LOG: [36m'%c action    ', 'color: #03A9F4; font-weight: bold', Object{type: 'CLEAR_INTEGER_STACK'}[39m

HeadlessChrome 75.0.3770 (Linux 0.0.0) LOG: [36m'%c next state', 'color: #4CAF50; font-weight: bold', Object{numberStack: [], dictionary: Object{}, displayStack: []}[39m

HeadlessChrome 75.0.3770 (Linux 0.0.0) LOG: [36m'%c prev state', 'color: #9E9E9E; font-weight: bold', Object{numberStack: [], dictionary: Object{}, displayStack: []}[39m

HeadlessChrome 75.0.3770 (Linux 0.0.0) LOG: [36m'%c action    ', 'color: #03A9F4; font-weight: bold', Object{type: 'CLEAR_DISPLAY_STACK'}[39m

HeadlessChrome 75.0.3770 (Linux 0.0.0) LOG: [36m'%c next state', 'color: #4CAF50; font-weight: bold', Object{numberStack: [], dictionary: Object{}, displayStack: []}[39m

HeadlessChrome 75.0.3770 (Linux 0.0.0) LOG: [36m'%c prev state', 'color: #9E9E9E; font-weight: bold', Object{numberStack: [], dictionary: Object{}, displayStack: []}[39m

HeadlessChrome 75.0.3770 (Linux 0.0.0) LOG: [36m'%c action    ', 'color: #03A9F4; font-weight: bold', Object{type: 1}[39m

HeadlessChrome 75.0.3770 (Linux 0.0.0) LOG: [36m'%c next state', 'color: #4CAF50; font-weight: bold', Object{numberStack: [], dictionary: Object{}, displayStack: []}[39m

HeadlessChrome 75.0.3770 (Linux 0.0.0) LOG: [36m'%c prev state', 'color: #9E9E9E; font-weight: bold', Object{numberStack: [], dictionary: Object{}, displayStack: []}[39m

HeadlessChrome 75.0.3770 (Linux 0.0.0) LOG: [36m'%c action    ', 'color: #03A9F4; font-weight: bold', Object{type: 2}[39m

HeadlessChrome 75.0.3770 (Linux 0.0.0) LOG: [36m'%c next state', 'color: #4CAF50; font-weight: bold', Object{numberStack: [], dictionary: Object{}, displayStack: []}[39m

HeadlessChrome 75.0.3770 (Linux 0.0.0) LOG: [36m'%c prev state', 'color: #9E9E9E; font-weight: bold', Object{numberStack: [], dictionary: Object{}, displayStack: []}[39m

HeadlessChrome 75.0.3770 (Linux 0.0.0) LOG: [36m'%c action    ', 'color: #03A9F4; font-weight: bold', Object{type: 3}[39m

HeadlessChrome 75.0.3770 (Linux 0.0.0) LOG: [36m'%c next state', 'color: #4CAF50; font-weight: bold', Object{numberStack: [], dictionary: Object{}, displayStack: []}[39m

HeadlessChrome 75.0.3770 (Linux 0.0.0) LOG: [36m'%c prev state', 'color: #9E9E9E; font-weight: bold', Object{numberStack: [], dictionary: Object{}, displayStack: []}[39m

HeadlessChrome 75.0.3770 (Linux 0.0.0) LOG: [36m'%c action    ', 'color: #03A9F4; font-weight: bold', Object{type: 4}[39m

HeadlessChrome 75.0.3770 (Linux 0.0.0) LOG: [36m'%c next state', 'color: #4CAF50; font-weight: bold', Object{numberStack: [], dictionary: Object{}, displayStack: []}[39m

HeadlessChrome 75.0.3770 (Linux 0.0.0) LOG: [36m'%c prev state', 'color: #9E9E9E; font-weight: bold', Object{numberStack: [], dictionary: Object{}, displayStack: []}[39m

HeadlessChrome 75.0.3770 (Linux 0.0.0) LOG: [36m'%c action    ', 'color: #03A9F4; font-weight: bold', Object{type: 'ROT'}[39m

HeadlessChrome 75.0.3770 (Linux 0.0.0) LOG: [36m'%c next state', 'color: #4CAF50; font-weight: bold', Object{numberStack: [undefined], dictionary: Object{}, displayStack: []}[39m

HeadlessChrome 75.0.3770 (Linux 0.0.0) LOG: [36m'%c prev state', 'color: #9E9E9E; font-weight: bold', Object{numberStack: [undefined], dictionary: Object{}, displayStack: []}[39m

HeadlessChrome 75.0.3770 (Linux 0.0.0) LOG: [36m'%c action    ', 'color: #03A9F4; font-weight: bold', Object{type: 'CLEAR_INTEGER_STACK'}[39m

HeadlessChrome 75.0.3770 (Linux 0.0.0) LOG: [36m'%c next state', 'color: #4CAF50; font-weight: bold', Object{numberStack: [], dictionary: Object{}, displayStack: []}[39m

HeadlessChrome 75.0.3770 (Linux 0.0.0) LOG: [36m'%c prev state', 'color: #9E9E9E; font-weight: bold', Object{numberStack: [], dictionary: Object{}, displayStack: []}[39m

HeadlessChrome 75.0.3770 (Linux 0.0.0) LOG: [36m'%c action    ', 'color: #03A9F4; font-weight: bold', Object{type: 'CLEAR_DISPLAY_STACK'}[39m

HeadlessChrome 75.0.3770 (Linux 0.0.0) LOG: [36m'%c next state', 'color: #4CAF50; font-weight: bold', Object{numberStack: [], dictionary: Object{}, displayStack: []}[39m

HeadlessChrome 75.0.3770 (Linux 0.0.0) LOG: [36m'%c prev state', 'color: #9E9E9E; font-weight: bold', Object{numberStack: [], dictionary: Object{}, displayStack: []}[39m

HeadlessChrome 75.0.3770 (Linux 0.0.0) LOG: [36m'%c action    ', 'color: #03A9F4; font-weight: bold', Object{type: 4}[39m

HeadlessChrome 75.0.3770 (Linux 0.0.0) LOG: [36m'%c next state', 'color: #4CAF50; font-weight: bold', Object{numberStack: [], dictionary: Object{}, displayStack: []}[39m

HeadlessChrome 75.0.3770 (Linux 0.0.0) LOG: [36m'%c prev state', 'color: #9E9E9E; font-weight: bold', Object{numberStack: [], dictionary: Object{}, displayStack: []}[39m

HeadlessChrome 75.0.3770 (Linux 0.0.0) LOG: [36m'%c action    ', 'color: #03A9F4; font-weight: bold', Object{type: 5}[39m

HeadlessChrome 75.0.3770 (Linux 0.0.0) LOG: [36m'%c next state', 'color: #4CAF50; font-weight: bold', Object{numberStack: [], dictionary: Object{}, displayStack: []}[39m

HeadlessChrome 75.0.3770 (Linux 0.0.0) LOG: [36m'%c prev state', 'color: #9E9E9E; font-weight: bold', Object{numberStack: [], dictionary: Object{}, displayStack: []}[39m

HeadlessChrome 75.0.3770 (Linux 0.0.0) LOG: [36m'%c action    ', 'color: #03A9F4; font-weight: bold', Object{type: 6}[39m

HeadlessChrome 75.0.3770 (Linux 0.0.0) LOG: [36m'%c next state', 'color: #4CAF50; font-weight: bold', Object{numberStack: [], dictionary: Object{}, displayStack: []}[39m

HeadlessChrome 75.0.3770 (Linux 0.0.0) LOG: [36m'%c prev state', 'color: #9E9E9E; font-weight: bold', Object{numberStack: [], dictionary: Object{}, displayStack: []}[39m

HeadlessChrome 75.0.3770 (Linux 0.0.0) LOG: [36m'%c action    ', 'color: #03A9F4; font-weight: bold', Object{type: 7}[39m

HeadlessChrome 75.0.3770 (Linux 0.0.0) LOG: [36m'%c next state', 'color: #4CAF50; font-weight: bold', Object{numberStack: [], dictionary: Object{}, displayStack: []}[39m

HeadlessChrome 75.0.3770 (Linux 0.0.0) LOG: [36m'%c prev state', 'color: #9E9E9E; font-weight: bold', Object{numberStack: [], dictionary: Object{}, displayStack: []}[39m

HeadlessChrome 75.0.3770 (Linux 0.0.0) LOG: [36m'%c action    ', 'color: #03A9F4; font-weight: bold', Object{type: 2}[39m

HeadlessChrome 75.0.3770 (Linux 0.0.0) LOG: [36m'%c next state', 'color: #4CAF50; font-weight: bold', Object{numberStack: [], dictionary: Object{}, displayStack: []}[39m

HeadlessChrome 75.0.3770 (Linux 0.0.0) LOG: [36m'%c prev state', 'color: #9E9E9E; font-weight: bold', Object{numberStack: [], dictionary: Object{}, displayStack: []}[39m

HeadlessChrome 75.0.3770 (Linux 0.0.0) LOG: [36m'%c action    ', 'color: #03A9F4; font-weight: bold', Object{type: 'PICK'}[39m

HeadlessChrome 75.0.3770 (Linux 0.0.0) LOG: [36m'%c next state', 'color: #4CAF50; font-weight: bold', Object{numberStack: [undefined], dictionary: Object{}, displayStack: []}[39m

HeadlessChrome 75.0.3770 (Linux 0.0.0) LOG: [36m'%c prev state', 'color: #9E9E9E; font-weight: bold', Object{numberStack: [undefined], dictionary: Object{}, displayStack: []}[39m

HeadlessChrome 75.0.3770 (Linux 0.0.0) LOG: [36m'%c action    ', 'color: #03A9F4; font-weight: bold', Object{type: 'CLEAR_INTEGER_STACK'}[39m

HeadlessChrome 75.0.3770 (Linux 0.0.0) LOG: [36m'%c next state', 'color: #4CAF50; font-weight: bold', Object{numberStack: [], dictionary: Object{}, displayStack: []}[39m

HeadlessChrome 75.0.3770 (Linux 0.0.0) LOG: [36m'%c prev state', 'color: #9E9E9E; font-weight: bold', Object{numberStack: [], dictionary: Object{}, displayStack: []}[39m

HeadlessChrome 75.0.3770 (Linux 0.0.0) LOG: [36m'%c action    ', 'color: #03A9F4; font-weight: bold', Object{type: 'CLEAR_DISPLAY_STACK'}[39m

HeadlessChrome 75.0.3770 (Linux 0.0.0) LOG: [36m'%c next state', 'color: #4CAF50; font-weight: bold', Object{numberStack: [], dictionary: Object{}, displayStack: []}[39m

HeadlessChrome 75.0.3770 (Linux 0.0.0) LOG: [36m'%c prev state', 'color: #9E9E9E; font-weight: bold', Object{numberStack: [], dictionary: Object{}, displayStack: []}[39m

HeadlessChrome 75.0.3770 (Linux 0.0.0) LOG: [36m'%c action    ', 'color: #03A9F4; font-weight: bold', Object{type: 'TRUE'}[39m

HeadlessChrome 75.0.3770 (Linux 0.0.0) LOG: [36m'%c next state', 'color: #4CAF50; font-weight: bold', Object{numberStack: [-1], dictionary: Object{}, displayStack: []}[39m

HeadlessChrome 75.0.3770 (Linux 0.0.0) LOG: [36m'%c prev state', 'color: #9E9E9E; font-weight: bold', Object{numberStack: [-1], dictionary: Object{}, displayStack: []}[39m

HeadlessChrome 75.0.3770 (Linux 0.0.0) LOG: [36m'%c action    ', 'color: #03A9F4; font-weight: bold', Object{type: 'FALSE'}[39m

HeadlessChrome 75.0.3770 (Linux 0.0.0) LOG: [36m'%c next state', 'color: #4CAF50; font-weight: bold', Object{numberStack: [-1, 0], dictionary: Object{}, displayStack: []}[39m

HeadlessChrome 75.0.3770 (Linux 0.0.0) LOG: [36m'%c prev state', 'color: #9E9E9E; font-weight: bold', Object{numberStack: [-1, 0], dictionary: Object{}, displayStack: []}[39m

HeadlessChrome 75.0.3770 (Linux 0.0.0) LOG: [36m'%c action    ', 'color: #03A9F4; font-weight: bold', Object{type: 'NOT'}[39m

HeadlessChrome 75.0.3770 (Linux 0.0.0) LOG: [36m'%c next state', 'color: #4CAF50; font-weight: bold', Object{numberStack: [-1, -1], dictionary: Object{}, displayStack: []}[39m

HeadlessChrome 75.0.3770 (Linux 0.0.0) LOG: [36m'%c prev state', 'color: #9E9E9E; font-weight: bold', Object{numberStack: [-1, -1], dictionary: Object{}, displayStack: []}[39m

HeadlessChrome 75.0.3770 (Linux 0.0.0) LOG: [36m'%c action    ', 'color: #03A9F4; font-weight: bold', Object{type: 'CLEAR_INTEGER_STACK'}[39m

HeadlessChrome 75.0.3770 (Linux 0.0.0) LOG: [36m'%c next state', 'color: #4CAF50; font-weight: bold', Object{numberStack: [], dictionary: Object{}, displayStack: []}[39m

HeadlessChrome 75.0.3770 (Linux 0.0.0) LOG: [36m'%c prev state', 'color: #9E9E9E; font-weight: bold', Object{numberStack: [], dictionary: Object{}, displayStack: []}[39m

HeadlessChrome 75.0.3770 (Linux 0.0.0) LOG: [36m'%c action    ', 'color: #03A9F4; font-weight: bold', Object{type: 'CLEAR_DISPLAY_STACK'}[39m

HeadlessChrome 75.0.3770 (Linux 0.0.0) LOG: [36m'%c next state', 'color: #4CAF50; font-weight: bold', Object{numberStack: [], dictionary: Object{}, displayStack: []}[39m

HeadlessChrome 75.0.3770 (Linux 0.0.0) LOG: [36m'%c prev state', 'color: #9E9E9E; font-weight: bold', Object{numberStack: [], dictionary: Object{}, displayStack: []}[39m

HeadlessChrome 75.0.3770 (Linux 0.0.0) LOG: [36m'%c action    ', 'color: #03A9F4; font-weight: bold', Object{type: 'FALSE'}[39m

HeadlessChrome 75.0.3770 (Linux 0.0.0) LOG: [36m'%c next state', 'color: #4CAF50; font-weight: bold', Object{numberStack: [0], dictionary: Object{}, displayStack: []}[39m

HeadlessChrome 75.0.3770 (Linux 0.0.0) LOG: [36m'%c prev state', 'color: #9E9E9E; font-weight: bold', Object{numberStack: [0], dictionary: Object{}, displayStack: []}[39m

HeadlessChrome 75.0.3770 (Linux 0.0.0) LOG: [36m'%c action    ', 'color: #03A9F4; font-weight: bold', Object{type: 'TRUE'}[39m

HeadlessChrome 75.0.3770 (Linux 0.0.0) LOG: [36m'%c next state', 'color: #4CAF50; font-weight: bold', Object{numberStack: [0, -1], dictionary: Object{}, displayStack: []}[39m

HeadlessChrome 75.0.3770 (Linux 0.0.0) LOG: [36m'%c prev state', 'color: #9E9E9E; font-weight: bold', Object{numberStack: [0, -1], dictionary: Object{}, displayStack: []}[39m

HeadlessChrome 75.0.3770 (Linux 0.0.0) LOG: [36m'%c action    ', 'color: #03A9F4; font-weight: bold', Object{type: 'NOT'}[39m

HeadlessChrome 75.0.3770 (Linux 0.0.0) LOG: [36m'%c next state', 'color: #4CAF50; font-weight: bold', Object{numberStack: [0, 0], dictionary: Object{}, displayStack: []}[39m

HeadlessChrome 75.0.3770 (Linux 0.0.0) LOG: [36m'Failures:

[93mFeature: Fouth Emulator [33m(/base/src/test/resources/javascript/feature/redux.feature)[0m
1) Scenario: Multiply 2 by 3 leaving the product 6 # [90m/base/src/test/resources/javascript/feature/redux.feature:12[39m
   [32m✔ Before[39m # [90mhttp:/localhost:9877/base/node_modules/cucumber/dist/cucumber.js?d26dba2d243753ad877577bbe2ebb7a5ef1da337:66013[39m
   [32m✔ Given User has entered 2[39m # [90mhttp:/localhost:9877/base/node_modules/cucumber/dist/cucumber.js?d26dba2d243753ad877577bbe2ebb7a5ef1da337:66013[39m
   [32m✔ And User has entered 3[39m # [90mhttp:/localhost:9877/base/node_modules/cucumber/dist/cucumber.js?d26dba2d243753ad877577bbe2ebb7a5ef1da337:66013[39m
   [32m✔ When User runs *[39m # [90mhttp:/localhost:9877/base/node_modules/cucumber/dist/cucumber.js?d26dba2d243753ad877577bbe2ebb7a5ef1da337:66013[39m
   [31m✖ Then 6 should be on top of NumberStack[39m # [90mhttp:/localhost:9877/base/node_modules/cucumber/dist/cucumber.js?d26dba2d243753ad877577bbe2ebb7a5ef1da337:66013[39m
       [31mAssertionError[39m
           [32m+ expected[39m [31m- actual[39m

           [31m-NaN[39m
           [32m+6[39m
       [90m
           at World.<anonymous> (http://localhost:9877/base/src/test/javascript/feature/redux.steps.js:2733:68)
           at Function._callee$ (http://localhost:9877/base/node_modules/cucumber/dist/cucumber.js?d26dba2d243753ad877577bbe2ebb7a5ef1da337:66516:31)
           at tryCatch (http://localhost:9877/base/node_modules/cucumber/dist/cucumber.js?d26dba2d243753ad877577bbe2ebb7a5ef1da337:51935:40)
           at Generator.invoke [as _invoke] (http://localhost:9877/base/node_modules/cucumber/dist/cucumber.js?d26dba2d243753ad877577bbe2ebb7a5ef1da337:52161:22)
           at Generator.prototype.<computed> [as next] (http://localhost:9877/base/node_modules/cucumber/dist/cucumber.js?d26dba2d243753ad877577bbe2ebb7a5ef1da337:51987:21)
           at asyncGeneratorStep (http://localhost:9877/base/node_modules/cucumber/dist/cucumber.js?d26dba2d243753ad877577bbe2ebb7a5ef1da337:66476:103)
           at _next (http://localhost:9877/base/node_modules/cucumber/dist/cucumber.js?d26dba2d243753ad877577bbe2ebb7a5ef1da337:66478:194)
           at http://localhost:9877/base/node_modules/cucumber/dist/cucumber.js?d26dba2d243753ad877577bbe2ebb7a5ef1da337:66478:364
           at new Promise (<anonymous>)
           at Function.<anonymous> (http://localhost:9877/base/node_modules/cucumber/dist/cucumber.js?d26dba2d243753ad877577bbe2ebb7a5ef1da337:66478:97)
           at Function.run (http://localhost:9877/base/node_modules/cucumber/dist/cucumber.js?d26dba2d243753ad877577bbe2ebb7a5ef1da337:66625:21)
           at Object._callee$ (http://localhost:9877/base/node_modules/cucumber/dist/cucumber.js?d26dba2d243753ad877577bbe2ebb7a5ef1da337:65099:46)
           at tryCatch (http://localhost:9877/base/node_modules/cucumber/dist/cucumber.js?d26dba2d243753ad877577bbe2ebb7a5ef1da337:51935:40)
           at Generator.invoke [as _invoke] (http://localhost:9877/base/node_modules/cucumber/dist/cucumber.js?d26dba2d243753ad877577bbe2ebb7a5ef1da337:52161:22)
           at Generator.prototype.<computed> [as next] (http://localhost:9877/base/node_modules/cucumber/dist/cucumber.js?d26dba2d243753ad877577bbe2ebb7a5ef1da337:51987:21)
           at asyncGeneratorStep (http://localhost:9877/base/node_modules/cucumber/dist/cucumber.js?d26dba2d243753ad877577bbe2ebb7a5ef1da337:65044:103)[39m
   [36m- And NumberStack should only have 1 number[39m # [90mhttp:/localhost:9877/base/node_modules/cucumber/dist/cucumber.js?d26dba2d243753ad877577bbe2ebb7a5ef1da337:66013[39m

[93mFeature: Fouth Emulator [33m(/base/src/test/resources/javascript/feature/redux.feature)[0m
2) Scenario: Divide 29 by 10 leaving the quotient 2 # [90m/base/src/test/resources/javascript/feature/redux.feature:13[39m
   [32m✔ Before[39m # [90mhttp:/localhost:9877/base/node_modules/cucumber/dist/cucumber.js?d26dba2d243753ad877577bbe2ebb7a5ef1da337:66013[39m
   [32m✔ Given User has entered 29[39m # [90mhttp:/localhost:9877/base/node_modules/cucumber/dist/cucumber.js?d26dba2d243753ad877577bbe2ebb7a5ef1da337:66013[39m
   [32m✔ And User has entered 10[39m # [90mhttp:/localhost:9877/base/node_modules/cucumber/dist/cucumber.js?d26dba2d243753ad877577bbe2ebb7a5ef1da337:66013[39m
   [32m✔ When User runs /[39m # [90mhttp:/localhost:9877/base/node_modules/cucumber/dist/cucumber.js?d26dba2d243753ad877577bbe2ebb7a5ef1da337:66013[39m
   [31m✖ Then 2 should be on top of NumberStack[39m # [90mhttp:/localhost:9877/base/node_modules/cucumber/dist/cucumber.js?d26dba2d243753ad877577bbe2ebb7a5ef1da337:66013[39m
       [31mAssertionError[39m
           [32m+ expected[39m [31m- actual[39m

           [31m-NaN[39m
           [32m+2[39m
       [90m
           at World.<anonymous> (http://localhost:9877/base/src/test/javascript/feature/redux.steps.js:2733:68)
           at Function._callee$ (http://localhost:9877/base/node_modules/cucumber/dist/cucumber.js?d26dba2d243753ad877577bbe2ebb7a5ef1da337:66516:31)
           at tryCatch (http://localhost:9877/base/node_modules/cucumber/dist/cucumber.js?d26dba2d243753ad877577bbe2ebb7a5ef1da337:51935:40)
           at Generator.invoke [as _invoke] (http://localhost:9877/base/node_modules/cucumber/dist/cucumber.js?d26dba2d243753ad877577bbe2ebb7a5ef1da337:52161:22)
           at Generator.prototype.<computed> [as next] (http://localhost:9877/base/node_modules/cucumber/dist/cucumber.js?d26dba2d243753ad877577bbe2ebb7a5ef1da337:51987:21)
           at asyncGeneratorStep (http://localhost:9877/base/node_modules/cucumber/dist/cucumber.js?d26dba2d243753ad877577bbe2ebb7a5ef1da337:66476:103)
           at _next (http://localhost:9877/base/node_modules/cucumber/dist/cucumber.js?d26dba2d243753ad877577bbe2ebb7a5ef1da337:66478:194)
           at http://localhost:9877/base/node_modules/cucumber/dist/cucumber.js?d26dba2d243753ad877577bbe2ebb7a5ef1da337:66478:364
           at new Promise (<anonymous>)
           at Function.<anonymous> (http://localhost:9877/base/node_modules/cucumber/dist/cucumber.js?d26dba2d243753ad877577bbe2ebb7a5ef1da337:66478:97)
           at Function.run (http://localhost:9877/base/node_modules/cucumber/dist/cucumber.js?d26dba2d243753ad877577bbe2ebb7a5ef1da337:66625:21)
           at Object._callee$ (http://localhost:9877/base/node_modules/cucumber/dist/cucumber.js?d26dba2d243753ad877577bbe2ebb7a5ef1da337:65099:46)
           at tryCatch (http://localhost:9877/base/node_modules/cucumber/dist/cucumber.js?d26dba2d243753ad877577bbe2ebb7a5ef1da337:51935:40)
           at Generator.invoke [as _invoke] (http://localhost:9877/base/node_modules/cucumber/dist/cucumber.js?d26dba2d243753ad877577bbe2ebb7a5ef1da337:52161:22)
           at Generator.prototype.<computed> [as next] (http://localhost:9877/base/node_modules/cucumber/dist/cucumber.js?d26dba2d243753ad877577bbe2ebb7a5ef1da337:51987:21)
           at asyncGeneratorStep (http://localhost:9877/base/node_modules/cucumber/dist/cucumber.js?d26dba2d243753ad877577bbe2ebb7a5ef1da337:65044:103)[39m
   [36m- And NumberStack should only have 1 number[39m # [90mhttp:/localhost:9877/base/node_modules/cucumber/dist/cucumber.js?d26dba2d243753ad877577bbe2ebb7a5ef1da337:66013[39m

[93mFeature: Fouth Emulator [33m(/base/src/test/resources/javascript/feature/redux.feature)[0m
3) Scenario: Add 4 by 9 leaving the sum 13 # [90m/base/src/test/resources/javascript/feature/redux.feature:14[39m
   [32m✔ Before[39m # [90mhttp:/localhost:9877/base/node_modules/cucumber/dist/cucumber.js?d26dba2d243753ad877577bbe2ebb7a5ef1da337:66013[39m
   [32m✔ Given User has entered 4[39m # [90mhttp:/localhost:9877/base/node_modules/cucumber/dist/cucumber.js?d26dba2d243753ad877577bbe2ebb7a5ef1da337:66013[39m
   [32m✔ And User has entered 9[39m # [90mhttp:/localhost:9877/base/node_modules/cucumber/dist/cucumber.js?d26dba2d243753ad877577bbe2ebb7a5ef1da337:66013[39m
   [32m✔ When User runs +[39m # [90mhttp:/localhost:9877/base/node_modules/cucumber/dist/cucumber.js?d26dba2d243753ad877577bbe2ebb7a5ef1da337:66013[39m
   [31m✖ Then 13 should be on top of NumberStack[39m # [90mhttp:/localhost:9877/base/node_modules/cucumber/dist/cucumber.js?d26dba2d243753ad877577bbe2ebb7a5ef1da337:66013[39m
       [31mAssertionError[39m
           [32m+ expected[39m [31m- actual[39m

           [31m-NaN[39m
           [32m+13[39m
       [90m
           at World.<anonymous> (http://localhost:9877/base/src/test/javascript/feature/redux.steps.js:2733:68)
           at Function._callee$ (http://localhost:9877/base/node_modules/cucumber/dist/cucumber.js?d26dba2d243753ad877577bbe2ebb7a5ef1da337:66516:31)
           at tryCatch (http://localhost:9877/base/node_modules/cucumber/dist/cucumber.js?d26dba2d243753ad877577bbe2ebb7a5ef1da337:51935:40)
           at Generator.invoke [as _invoke] (http://localhost:9877/base/node_modules/cucumber/dist/cucumber.js?d26dba2d243753ad877577bbe2ebb7a5ef1da337:52161:22)
           at Generator.prototype.<computed> [as next] (http://localhost:9877/base/node_modules/cucumber/dist/cucumber.js?d26dba2d243753ad877577bbe2ebb7a5ef1da337:51987:21)
           at asyncGeneratorStep (http://localhost:9877/base/node_modules/cucumber/dist/cucumber.js?d26dba2d243753ad877577bbe2ebb7a5ef1da337:66476:103)
           at _next (http://localhost:9877/base/node_modules/cucumber/dist/cucumber.js?d26dba2d243753ad877577bbe2ebb7a5ef1da337:66478:194)
           at http://localhost:9877/base/node_modules/cucumber/dist/cucumber.js?d26dba2d243753ad877577bbe2ebb7a5ef1da337:66478:364
           at new Promise (<anonymous>)
           at Function.<anonymous> (http://localhost:9877/base/node_modules/cucumber/dist/cucumber.js?d26dba2d243753ad877577bbe2ebb7a5ef1da337:66478:97)
           at Function.run (http://localhost:9877/base/node_modules/cucumber/dist/cucumber.js?d26dba2d243753ad877577bbe2ebb7a5ef1da337:66625:21)
           at Object._callee$ (http://localhost:9877/base/node_modules/cucumber/dist/cucumber.js?d26dba2d243753ad877577bbe2ebb7a5ef1da337:65099:46)
           at tryCatch (http://localhost:9877/base/node_modules/cucumber/dist/cucumber.js?d26dba2d243753ad877577bbe2ebb7a5ef1da337:51935:40)
           at Generator.invoke [as _invoke] (http://localhost:9877/base/node_modules/cucumber/dist/cucumber.js?d26dba2d243753ad877577bbe2ebb7a5ef1da337:52161:22)
           at Generator.prototype.<computed> [as next] (http://localhost:9877/base/node_modules/cucumber/dist/cucumber.js?d26dba2d243753ad877577bbe2ebb7a5ef1da337:51987:21)
           at asyncGeneratorStep (http://localhost:9877/base/node_modules/cucumber/dist/cucumber.js?d26dba2d243753ad877577bbe2ebb7a5ef1da337:65044:103)[39m
   [36m- And NumberStack should only have 1 number[39m # [90mhttp:/localhost:9877/base/node_modules/cucumber/dist/cucumber.js?d26dba2d243753ad877577bbe2ebb7a5ef1da337:66013[39m

[93mFeature: Fouth Emulator [33m(/base/src/test/resources/javascript/feature/redux.feature)[0m
4) Scenario: Subtract 20 by 10 leaving the difference 10 # [90m/base/src/test/resources/javascript/feature/redux.feature:15[39m
   [32m✔ Before[39m # [90mhttp:/localhost:9877/base/node_modules/cucumber/dist/cucumber.js?d26dba2d243753ad877577bbe2ebb7a5ef1da337:66013[39m
   [32m✔ Given User has entered 20[39m # [90mhttp:/localhost:9877/base/node_modules/cucumber/dist/cucumber.js?d26dba2d243753ad877577bbe2ebb7a5ef1da337:66013[39m
   [32m✔ And User has entered 10[39m # [90mhttp:/localhost:9877/base/node_modules/cucumber/dist/cucumber.js?d26dba2d243753ad877577bbe2ebb7a5ef1da337:66013[39m
   [32m✔ When User runs -[39m # [90mhttp:/localhost:9877/base/node_modules/cucumber/dist/cucumber.js?d26dba2d243753ad877577bbe2ebb7a5ef1da337:66013[39m
   [31m✖ Then 10 should be on top of NumberStack[39m # [90mhttp:/localhost:9877/base/node_modules/cucumber/dist/cucumber.js?d26dba2d243753ad877577bbe2ebb7a5ef1da337:66013[39m
       [31mAssertionError[39m
           [32m+ expected[39m [31m- actual[39m

           [31m-NaN[39m
           [32m+10[39m
       [90m
           at World.<anonymous> (http://localhost:9877/base/src/test/javascript/feature/redux.steps.js:2733:68)
           at Function._callee$ (http://localhost:9877/base/node_modules/cucumber/dist/cucumber.js?d26dba2d243753ad877577bbe2ebb7a5ef1da337:66516:31)
           at tryCatch (http://localhost:9877/base/node_modules/cucumber/dist/cucumber.js?d26dba2d243753ad877577bbe2ebb7a5ef1da337:51935:40)
           at Generator.invoke [as _invoke] (http://localhost:9877/base/node_modules/cucumber/dist/cucumber.js?d26dba2d243753ad877577bbe2ebb7a5ef1da337:52161:22)
           at Generator.prototype.<computed> [as next] (http://localhost:9877/base/node_modules/cucumber/dist/cucumber.js?d26dba2d243753ad877577bbe2ebb7a5ef1da337:51987:21)
           at asyncGeneratorStep (http://localhost:9877/base/node_modules/cucumber/dist/cucumber.js?d26dba2d243753ad877577bbe2ebb7a5ef1da337:66476:103)
           at _next (http://localhost:9877/base/node_modules/cucumber/dist/cucumber.js?d26dba2d243753ad877577bbe2ebb7a5ef1da337:66478:194)
           at http://localhost:9877/base/node_modules/cucumber/dist/cucumber.js?d26dba2d243753ad877577bbe2ebb7a5ef1da337:66478:364
           at new Promise (<anonymous>)
           at Function.<anonymous> (http://localhost:9877/base/node_modules/cucumber/dist/cucumber.js?d26dba2d243753ad877577bbe2ebb7a5ef1da337:66478:97)
           at Function.run (http://localhost:9877/base/node_modules/cucumber/dist/cucumber.js?d26dba2d243753ad877577bbe2ebb7a5ef1da337:66625:21)
           at Object._callee$ (http://localhost:9877/base/node_modules/cucumber/dist/cucumber.js?d26dba2d243753ad877577bbe2ebb7a5ef1da337:65099:46)
           at tryCatch (http://localhost:9877/base/node_modules/cucumber/dist/cucumber.js?d26dba2d243753ad877577bbe2ebb7a5ef1da337:51935:40)
           at Generator.invoke [as _invoke] (http://localhost:9877/base/node_modules/cucumber/dist/cucumber.js?d26dba2d243753ad877577bbe2ebb7a5ef1da337:52161:22)
           at Generator.prototype.<computed> [as next] (http://localhost:9877/base/node_modules/cucumber/dist/cucumber.js?d26dba2d243753ad877577bbe2ebb7a5ef1da337:51987:21)
           at asyncGeneratorStep (http://localhost:9877/base/node_modules/cucumber/dist/cucumber.js?d26dba2d243753ad877577bbe2ebb7a5ef1da337:65044:103)[39m
   [36m- And NumberStack should only have 1 number[39m # [90mhttp:/localhost:9877/base/node_modules/cucumber/dist/cucumber.js?d26dba2d243753ad877577bbe2ebb7a5ef1da337:66013[39m

[93mFeature: Fouth Emulator [33m(/base/src/test/resources/javascript/feature/redux.feature)[0m
5) Scenario: Less Than 5 by 6 leaving the true flag -1 # [90m/base/src/test/resources/javascript/feature/redux.feature:16[39m
   [32m✔ Before[39m # [90mhttp:/localhost:9877/base/node_modules/cucumber/dist/cucumber.js?d26dba2d243753ad877577bbe2ebb7a5ef1da337:66013[39m
   [32m✔ Given User has entered 5[39m # [90mhttp:/localhost:9877/base/node_modules/cucumber/dist/cucumber.js?d26dba2d243753ad877577bbe2ebb7a5ef1da337:66013[39m
   [32m✔ And User has entered 6[39m # [90mhttp:/localhost:9877/base/node_modules/cucumber/dist/cucumber.js?d26dba2d243753ad877577bbe2ebb7a5ef1da337:66013[39m
   [32m✔ When User runs <[39m # [90mhttp:/localhost:9877/base/node_modules/cucumber/dist/cucumber.js?d26dba2d243753ad877577bbe2ebb7a5ef1da337:66013[39m
   [31m✖ Then -1 should be on top of NumberStack[39m # [90mhttp:/localhost:9877/base/node_modules/cucumber/dist/cucumber.js?d26dba2d243753ad877577bbe2ebb7a5ef1da337:66013[39m
       [31mAssertionError[39m
           [32m+ expected[39m [31m- actual[39m

           [31m-0[39m
           [32m+-1[39m
       [90m
           at World.<anonymous> (http://localhost:9877/base/src/test/javascript/feature/redux.steps.js:2733:68)
           at Function._callee$ (http://localhost:9877/base/node_modules/cucumber/dist/cucumber.js?d26dba2d243753ad877577bbe2ebb7a5ef1da337:66516:31)
           at tryCatch (http://localhost:9877/base/node_modules/cucumber/dist/cucumber.js?d26dba2d243753ad877577bbe2ebb7a5ef1da337:51935:40)
           at Generator.invoke [as _invoke] (http://localhost:9877/base/node_modules/cucumber/dist/cucumber.js?d26dba2d243753ad877577bbe2ebb7a5ef1da337:52161:22)
           at Generator.prototype.<computed> [as next] (http://localhost:9877/base/node_modules/cucumber/dist/cucumber.js?d26dba2d243753ad877577bbe2ebb7a5ef1da337:51987:21)
           at asyncGeneratorStep (http://localhost:9877/base/node_modules/cucumber/dist/cucumber.js?d26dba2d243753ad877577bbe2ebb7a5ef1da337:66476:103)
           at _next (http://localhost:9877/base/node_modules/cucumber/dist/cucumber.js?d26dba2d243753ad877577bbe2ebb7a5ef1da337:66478:194)
           at http://localhost:9877/base/node_modules/cucumber/dist/cucumber.js?d26dba2d243753ad877577bbe2ebb7a5ef1da337:66478:364
           at new Promise (<anonymous>)
           at Function.<anonymous> (http://localhost:9877/base/node_modules/cucumber/dist/cucumber.js?d26dba2d243753ad877577bbe2ebb7a5ef1da337:66478:97)
           at Function.run (http://localhost:9877/base/node_modules/cucumber/dist/cucumber.js?d26dba2d243753ad877577bbe2ebb7a5ef1da337:66625:21)
           at Object._callee$ (http://localhost:9877/base/node_modules/cucumber/dist/cucumber.js?d26dba2d243753ad877577bbe2ebb7a5ef1da337:65099:46)
           at tryCatch (http://localhost:9877/base/node_modules/cucumber/dist/cucumber.js?d26dba2d243753ad877577bbe2ebb7a5ef1da337:51935:40)
           at Generator.invoke [as _invoke] (http://localhost:9877/base/node_modules/cucumber/dist/cucumber.js?d26dba2d243753ad877577bbe2ebb7a5ef1da337:52161:22)
           at Generator.prototype.<computed> [as next] (http://localhost:9877/base/node_modules/cucumber/dist/cucumber.js?d26dba2d243753ad877577bbe2ebb7a5ef1da337:51987:21)
           at asyncGeneratorStep (http://localhost:9877/base/node_modules/cucumber/dist/cucumber.js?d26dba2d243753ad877577bbe2ebb7a5ef1da337:65044:103)[39m
   [36m- And NumberStack should only have 1 number[39m # [90mhttp:/localhost:9877/base/node_modules/cucumber/dist/cucumber.js?d26dba2d243753ad877577bbe2ebb7a5ef1da337:66013[39m

[93mFeature: Fouth Emulator [33m(/base/src/test/resources/javascript/feature/redux.feature)[0m
6) Scenario: Greater Than 7 by 3 leaving the true flag -1 # [90m/base/src/test/resources/javascript/feature/redux.feature:17[39m
   [32m✔ Before[39m # [90mhttp:/localhost:9877/base/node_modules/cucumber/dist/cucumber.js?d26dba2d243753ad877577bbe2ebb7a5ef1da337:66013[39m
   [32m✔ Given User has entered 7[39m # [90mhttp:/localhost:9877/base/node_modules/cucumber/dist/cucumber.js?d26dba2d243753ad877577bbe2ebb7a5ef1da337:66013[39m
   [32m✔ And User has entered 3[39m # [90mhttp:/localhost:9877/base/node_modules/cucumber/dist/cucumber.js?d26dba2d243753ad877577bbe2ebb7a5ef1da337:66013[39m
   [32m✔ When User runs >[39m # [90mhttp:/localhost:9877/base/node_modules/cucumber/dist/cucumber.js?d26dba2d243753ad877577bbe2ebb7a5ef1da337:66013[39m
   [31m✖ Then -1 should be on top of NumberStack[39m # [90mhttp:/localhost:9877/base/node_modules/cucumber/dist/cucumber.js?d26dba2d243753ad877577bbe2ebb7a5ef1da337:66013[39m
       [31mAssertionError[39m
           [32m+ expected[39m [31m- actual[39m

           [31m-0[39m
           [32m+-1[39m
       [90m
           at World.<anonymous> (http://localhost:9877/base/src/test/javascript/feature/redux.steps.js:2733:68)
           at Function._callee$ (http://localhost:9877/base/node_modules/cucumber/dist/cucumber.js?d26dba2d243753ad877577bbe2ebb7a5ef1da337:66516:31)
           at tryCatch (http://localhost:9877/base/node_modules/cucumber/dist/cucumber.js?d26dba2d243753ad877577bbe2ebb7a5ef1da337:51935:40)
           at Generator.invoke [as _invoke] (http://localhost:9877/base/node_modules/cucumber/dist/cucumber.js?d26dba2d243753ad877577bbe2ebb7a5ef1da337:52161:22)
           at Generator.prototype.<computed> [as next] (http://localhost:9877/base/node_modules/cucumber/dist/cucumber.js?d26dba2d243753ad877577bbe2ebb7a5ef1da337:51987:21)
           at asyncGeneratorStep (http://localhost:9877/base/node_modules/cucumber/dist/cucumber.js?d26dba2d243753ad877577bbe2ebb7a5ef1da337:66476:103)
           at _next (http://localhost:9877/base/node_modules/cucumber/dist/cucumber.js?d26dba2d243753ad877577bbe2ebb7a5ef1da337:66478:194)
           at http://localhost:9877/base/node_modules/cucumber/dist/cucumber.js?d26dba2d243753ad877577bbe2ebb7a5ef1da337:66478:364
           at new Promise (<anonymous>)
           at Function.<anonymous> (http://localhost:9877/base/node_modules/cucumber/dist/cucumber.js?d26dba2d243753ad877577bbe2ebb7a5ef1da337:66478:97)
           at Function.run (http://localhost:9877/base/node_modules/cucumber/dist/cucumber.js?d26dba2d243753ad877577bbe2ebb7a5ef1da337:66625:21)
           at Object._callee$ (http://localhost:9877/base/node_modules/cucumber/dist/cucumber.js?d26dba2d243753ad877577bbe2ebb7a5ef1da337:65099:46)
           at tryCatch (http://localhost:9877/base/node_modules/cucumber/dist/cucumber.js?d26dba2d243753ad877577bbe2ebb7a5ef1da337:51935:40)
           at Generator.invoke [as _invoke] (http://localhost:9877/base/node_modules/cucumber/dist/cucumber.js?d26dba2d243753ad877577bbe2ebb7a5ef1da337:52161:22)
           at Generator.prototype.<computed> [as next] (http://localhost:9877/base/node_modules/cucumber/dist/cucumber.js?d26dba2d243753ad877577bbe2ebb7a5ef1da337:51987:21)
           at asyncGeneratorStep (http://localhost:9877/base/node_modules/cucumber/dist/cucumber.js?d26dba2d243753ad877577bbe2ebb7a5ef1da337:65044:103)[39m
   [36m- And NumberStack should only have 1 number[39m # [90mhttp:/localhost:9877/base/node_modules/cucumber/dist/cucumber.js?d26dba2d243753ad877577bbe2ebb7a5ef1da337:66013[39m

[93mFeature: Fouth Emulator [33m(/base/src/test/resources/javascript/feature/redux.feature)[0m
7) Scenario: Not Equal 50 by 20 leaving the true flag -1 # [90m/base/src/test/resources/javascript/feature/redux.feature:19[39m
   [32m✔ Before[39m # [90mhttp:/localhost:9877/base/node_modules/cucumber/dist/cucumber.js?d26dba2d243753ad877577bbe2ebb7a5ef1da337:66013[39m
   [32m✔ Given User has entered 50[39m # [90mhttp:/localhost:9877/base/node_modules/cucumber/dist/cucumber.js?d26dba2d243753ad877577bbe2ebb7a5ef1da337:66013[39m
   [32m✔ And User has entered 20[39m # [90mhttp:/localhost:9877/base/node_modules/cucumber/dist/cucumber.js?d26dba2d243753ad877577bbe2ebb7a5ef1da337:66013[39m
   [32m✔ When User runs <>[39m # [90mhttp:/localhost:9877/base/node_modules/cucumber/dist/cucumber.js?d26dba2d243753ad877577bbe2ebb7a5ef1da337:66013[39m
   [31m✖ Then -1 should be on top of NumberStack[39m # [90mhttp:/localhost:9877/base/node_modules/cucumber/dist/cucumber.js?d26dba2d243753ad877577bbe2ebb7a5ef1da337:66013[39m
       [31mAssertionError[39m
           [32m+ expected[39m [31m- actual[39m

           [31m-0[39m
           [32m+-1[39m
       [90m
           at World.<anonymous> (http://localhost:9877/base/src/test/javascript/feature/redux.steps.js:2733:68)
           at Function._callee$ (http://localhost:9877/base/node_modules/cucumber/dist/cucumber.js?d26dba2d243753ad877577bbe2ebb7a5ef1da337:66516:31)
           at tryCatch (http://localhost:9877/base/node_modules/cucumber/dist/cucumber.js?d26dba2d243753ad877577bbe2ebb7a5ef1da337:51935:40)
           at Generator.invoke [as _invoke] (http://localhost:9877/base/node_modules/cucumber/dist/cucumber.js?d26dba2d243753ad877577bbe2ebb7a5ef1da337:52161:22)
           at Generator.prototype.<computed> [as next] (http://localhost:9877/base/node_modules/cucumber/dist/cucumber.js?d26dba2d243753ad877577bbe2ebb7a5ef1da337:51987:21)
           at asyncGeneratorStep (http://localhost:9877/base/node_modules/cucumber/dist/cucumber.js?d26dba2d243753ad877577bbe2ebb7a5ef1da337:66476:103)
           at _next (http://localhost:9877/base/node_modules/cucumber/dist/cucumber.js?d26dba2d243753ad877577bbe2ebb7a5ef1da337:66478:194)
           at http://localhost:9877/base/node_modules/cucumber/dist/cucumber.js?d26dba2d243753ad877577bbe2ebb7a5ef1da337:66478:364
           at new Promise (<anonymous>)
           at Function.<anonymous> (http://localhost:9877/base/node_modules/cucumber/dist/cucumber.js?d26dba2d243753ad877577bbe2ebb7a5ef1da337:66478:97)
           at Function.run (http://localhost:9877/base/node_modules/cucumber/dist/cucumber.js?d26dba2d243753ad877577bbe2ebb7a5ef1da337:66625:21)
           at Object._callee$ (http://localhost:9877/base/node_modules/cucumber/dist/cucumber.js?d26dba2d243753ad877577bbe2ebb7a5ef1da337:65099:46)
           at tryCatch (http://localhost:9877/base/node_modules/cucumber/dist/cucumber.js?d26dba2d243753ad877577bbe2ebb7a5ef1da337:51935:40)
           at Generator.invoke [as _invoke] (http://localhost:9877/base/node_modules/cucumber/dist/cucumber.js?d26dba2d243753ad877577bbe2ebb7a5ef1da337:52161:22)
           at Generator.prototype.<computed> [as next] (http://localhost:9877/base/node_modules/cucumber/dist/cucumber.js?d26dba2d243753ad877577bbe2ebb7a5ef1da337:51987:21)
           at asyncGeneratorStep (http://localhost:9877/base/node_modules/cucumber/dist/cucumber.js?d26dba2d243753ad877577bbe2ebb7a5ef1da337:65044:103)[39m
   [36m- And NumberStack should only have 1 number[39m # [90mhttp:/localhost:9877/base/node_modules/cucumber/dist/cucumber.js?d26dba2d243753ad877577bbe2ebb7a5ef1da337:66013[39m

[93mFeature: Fouth Emulator [33m(/base/src/test/resources/javascript/feature/redux.feature)[0m
8) Scenario: Equal 8 by 4 leaving the false flag 0 # [90m/base/src/test/resources/javascript/feature/redux.feature:22[39m
   [32m✔ Before[39m # [90mhttp:/localhost:9877/base/node_modules/cucumber/dist/cucumber.js?d26dba2d243753ad877577bbe2ebb7a5ef1da337:66013[39m
   [32m✔ Given User has entered 8[39m # [90mhttp:/localhost:9877/base/node_modules/cucumber/dist/cucumber.js?d26dba2d243753ad877577bbe2ebb7a5ef1da337:66013[39m
   [32m✔ And User has entered 4[39m # [90mhttp:/localhost:9877/base/node_modules/cucumber/dist/cucumber.js?d26dba2d243753ad877577bbe2ebb7a5ef1da337:66013[39m
   [32m✔ When User runs =[39m # [90mhttp:/localhost:9877/base/node_modules/cucumber/dist/cucumber.js?d26dba2d243753ad877577bbe2ebb7a5ef1da337:66013[39m
   [31m✖ Then 0 should be on top of NumberStack[39m # [90mhttp:/localhost:9877/base/node_modules/cucumber/dist/cucumber.js?d26dba2d243753ad877577bbe2ebb7a5ef1da337:66013[39m
       [31mAssertionError[39m
           [32m+ expected[39m [31m- actual[39m

           [31m--1[39m
           [32m+0[39m
       [90m
           at World.<anonymous> (http://localhost:9877/base/src/test/javascript/feature/redux.steps.js:2733:68)
           at Function._callee$ (http://localhost:9877/base/node_modules/cucumber/dist/cucumber.js?d26dba2d243753ad877577bbe2ebb7a5ef1da337:66516:31)
           at tryCatch (http://localhost:9877/base/node_modules/cucumber/dist/cucumber.js?d26dba2d243753ad877577bbe2ebb7a5ef1da337:51935:40)
           at Generator.invoke [as _invoke] (http://localhost:9877/base/node_modules/cucumber/dist/cucumber.js?d26dba2d243753ad877577bbe2ebb7a5ef1da337:52161:22)
           at Generator.prototype.<computed> [as next] (http://localhost:9877/base/node_modules/cucumber/dist/cucumber.js?d26dba2d243753ad877577bbe2ebb7a5ef1da337:51987:21)
           at asyncGeneratorStep (http://localhost:9877/base/node_modules/cucumber/dist/cucumber.js?d26dba2d243753ad877577bbe2ebb7a5ef1da337:66476:103)
           at _next (http://localhost:9877/base/node_modules/cucumber/dist/cucumber.js?d26dba2d243753ad877577bbe2ebb7a5ef1da337:66478:194)
           at http://localhost:9877/base/node_modules/cucumber/dist/cucumber.js?d26dba2d243753ad877577bbe2ebb7a5ef1da337:66478:364
           at new Promise (<anonymous>)
           at Function.<anonymous> (http://localhost:9877/base/node_modules/cucumber/dist/cucumber.js?d26dba2d243753ad877577bbe2ebb7a5ef1da337:66478:97)
           at Function.run (http://localhost:9877/base/node_modules/cucumber/dist/cucumber.js?d26dba2d243753ad877577bbe2ebb7a5ef1da337:66625:21)
           at Object._callee$ (http://localhost:9877/base/node_modules/cucumber/dist/cucumber.js?d26dba2d243753ad877577bbe2ebb7a5ef1da337:65099:46)
           at tryCatch (http://localhost:9877/base/node_modules/cucumber/dist/cucumber.js?d26dba2d243753ad877577bbe2ebb7a5ef1da337:51935:40)
           at Generator.invoke [as _invoke] (http://localhost:9877/base/node_modules/cucumber/dist/cucumber.js?d26dba2d243753ad877577bbe2ebb7a5ef1da337:52161:22)
           at Generator.prototype.<computed> [as next] (http://localhost:9877/base/node_modules/cucumber/dist/cucumber.js?d26dba2d243753ad877577bbe2ebb7a5ef1da337:51987:21)
           at asyncGeneratorStep (http://localhost:9877/base/node_modules/cucumber/dist/cucumber.js?d26dba2d243753ad877577bbe2ebb7a5ef1da337:65044:103)[39m
   [36m- And NumberStack should only have 1 number[39m # [90mhttp:/localhost:9877/base/node_modules/cucumber/dist/cucumber.js?d26dba2d243753ad877577bbe2ebb7a5ef1da337:66013[39m

[93mFeature: Fouth Emulator [33m(/base/src/test/resources/javascript/feature/redux.feature)[0m
9) Scenario: One-minus 3 by 1- leaving the difference 2 # [90m/base/src/test/resources/javascript/feature/redux.feature:33[39m
   [32m✔ Before[39m # [90mhttp:/localhost:9877/base/node_modules/cucumber/dist/cucumber.js?d26dba2d243753ad877577bbe2ebb7a5ef1da337:66013[39m
   [32m✔ Given User has entered 3[39m # [90mhttp:/localhost:9877/base/node_modules/cucumber/dist/cucumber.js?d26dba2d243753ad877577bbe2ebb7a5ef1da337:66013[39m
   [32m✔ When User runs 1-[39m # [90mhttp:/localhost:9877/base/node_modules/cucumber/dist/cucumber.js?d26dba2d243753ad877577bbe2ebb7a5ef1da337:66013[39m
   [31m✖ Then 2 should be on top of NumberStack[39m # [90mhttp:/localhost:9877/base/node_modules/cucumber/dist/cucumber.js?d26dba2d243753ad877577bbe2ebb7a5ef1da337:66013[39m
       [31mAssertionError[39m
           [32m+ expected[39m [31m- actual[39m

           [31m-NaN[39m
           [32m+2[39m
       [90m
           at World.<anonymous> (http://localhost:9877/base/src/test/javascript/feature/redux.steps.js:2733:68)
           at Function._callee$ (http://localhost:9877/base/node_modules/cucumber/dist/cucumber.js?d26dba2d243753ad877577bbe2ebb7a5ef1da337:66516:31)
           at tryCatch (http://localhost:9877/base/node_modules/cucumber/dist/cucumber.js?d26dba2d243753ad877577bbe2ebb7a5ef1da337:51935:40)
           at Generator.invoke [as _invoke] (http://localhost:9877/base/node_modules/cucumber/dist/cucumber.js?d26dba2d243753ad877577bbe2ebb7a5ef1da337:52161:22)
           at Generator.prototype.<computed> [as next] (http://localhost:9877/base/node_modules/cucumber/dist/cucumber.js?d26dba2d243753ad877577bbe2ebb7a5ef1da337:51987:21)
           at asyncGeneratorStep (http://localhost:9877/base/node_modules/cucumber/dist/cucumber.js?d26dba2d243753ad877577bbe2ebb7a5ef1da337:66476:103)
           at _next (http://localhost:9877/base/node_modules/cucumber/dist/cucumber.js?d26dba2d243753ad877577bbe2ebb7a5ef1da337:66478:194)
           at http://localhost:9877/base/node_modules/cucumber/dist/cucumber.js?d26dba2d243753ad877577bbe2ebb7a5ef1da337:66478:364
           at new Promise (<anonymous>)
           at Function.<anonymous> (http://localhost:9877/base/node_modules/cucumber/dist/cucumber.js?d26dba2d243753ad877577bbe2ebb7a5ef1da337:66478:97)
           at Function.run (http://localhost:9877/base/node_modules/cucumber/dist/cucumber.js?d26dba2d243753ad877577bbe2ebb7a5ef1da337:66625:21)
           at Object._callee$ (http://localhost:9877/base/node_modules/cucumber/dist/cucumber.js?d26dba2d243753ad877577bbe2ebb7a5ef1da337:65099:46)
           at tryCatch (http://localhost:9877/base/node_modules/cucumber/dist/cucumber.js?d26dba2d243753ad877577bbe2ebb7a5ef1da337:51935:40)
           at Generator.invoke [as _invoke] (http://localhost:9877/base/node_modules/cucumber/dist/cucumber.js?d26dba2d243753ad877577bbe2ebb7a5ef1da337:52161:22)
           at Generator.prototype.<computed> [as next] (http://localhost:9877/base/node_modules/cucumber/dist/cucumber.js?d26dba2d243753ad877577bbe2ebb7a5ef1da337:51987:21)
           at asyncGeneratorStep (http://localhost:9877/base/node_modules/cucumber/dist/cucumber.js?d26dba2d243753ad877577bbe2ebb7a5ef1da337:65044:103)[39m
   [36m- And NumberStack should only have 1 number[39m # [90mhttp:/localhost:9877/base/node_modules/cucumber/dist/cucumber.js?d26dba2d243753ad877577bbe2ebb7a5ef1da337:66013[39m

[93mFeature: Fouth Emulator [33m(/base/src/test/resources/javascript/feature/redux.feature)[0m
10) Scenario: One-plus 29 by 1+ leaving the sum 30 # [90m/base/src/test/resources/javascript/feature/redux.feature:34[39m
    [32m✔ Before[39m # [90mhttp:/localhost:9877/base/node_modules/cucumber/dist/cucumber.js?d26dba2d243753ad877577bbe2ebb7a5ef1da337:66013[39m
    [32m✔ Given User has entered 29[39m # [90mhttp:/localhost:9877/base/node_modules/cucumber/dist/cucumber.js?d26dba2d243753ad877577bbe2ebb7a5ef1da337:66013[39m
    [32m✔ When User runs 1+[39m # [90mhttp:/localhost:9877/base/node_modules/cucumber/dist/cucumber.js?d26dba2d243753ad877577bbe2ebb7a5ef1da337:66013[39m
    [31m✖ Then 30 should be on top of NumberStack[39m # [90mhttp:/localhost:9877/base/node_modules/cucumber/dist/cucumber.js?d26dba2d243753ad877577bbe2ebb7a5ef1da337:66013[39m
        [31mAssertionError[39m
            [32m+ expected[39m [31m- actual[39m

            [31m-NaN[39m
            [32m+30[39m
        [90m
            at World.<anonymous> (http://localhost:9877/base/src/test/javascript/feature/redux.steps.js:2733:68)
            at Function._callee$ (http://localhost:9877/base/node_modules/cucumber/dist/cucumber.js?d26dba2d243753ad877577bbe2ebb7a5ef1da337:66516:31)
            at tryCatch (http://localhost:9877/base/node_modules/cucumber/dist/cucumber.js?d26dba2d243753ad877577bbe2ebb7a5ef1da337:51935:40)
            at Generator.invoke [as _invoke] (http://localhost:9877/base/node_modules/cucumber/dist/cucumber.js?d26dba2d243753ad877577bbe2ebb7a5ef1da337:52161:22)
            at Generator.prototype.<computed> [as next] (http://localhost:9877/base/node_modules/cucumber/dist/cucumber.js?d26dba2d243753ad877577bbe2ebb7a5ef1da337:51987:21)
            at asyncGeneratorStep (http://localhost:9877/base/node_modules/cucumber/dist/cucumber.js?d26dba2d243753ad877577bbe2ebb7a5ef1da337:66476:103)
            at _next (http://localhost:9877/base/node_modules/cucumber/dist/cucumber.js?d26dba2d243753ad877577bbe2ebb7a5ef1da337:66478:194)
            at http://localhost:9877/base/node_modules/cucumber/dist/cucumber.js?d26dba2d243753ad877577bbe2ebb7a5ef1da337:66478:364
            at new Promise (<anonymous>)
            at Function.<anonymous> (http://localhost:9877/base/node_modules/cucumber/dist/cucumber.js?d26dba2d243753ad877577bbe2ebb7a5ef1da337:66478:97)
            at Function.run (http://localhost:9877/base/node_modules/cucumber/dist/cucumber.js?d26dba2d243753ad877577bbe2ebb7a5ef1da337:66625:21)
            at Object._callee$ (http://localhost:9877/base/node_modules/cucumber/dist/cucumber.js?d26dba2d243753ad877577bbe2ebb7a5ef1da337:65099:46)
            at tryCatch (http://localhost:9877/base/node_modules/cucumber/dist/cucumber.js?d26dba2d243753ad877577bbe2ebb7a5ef1da337:51935:40)
            at Generator.invoke [as _invoke] (http://localhost:9877/base/node_modules/cucumber/dist/cucumber.js?d26dba2d243753ad877577bbe2ebb7a5ef1da337:52161:22)
            at Generator.prototype.<computed> [as next] (http://localhost:9877/base/node_modules/cucumber/dist/cucumber.js?d26dba2d243753ad877577bbe2ebb7a5ef1da337:51987:21)
            at asyncGeneratorStep (http://localhost:9877/base/node_modules/cucumber/dist/cucumber.js?d26dba2d243753ad877577bbe2ebb7a5ef1da337:65044:103)[39m
    [36m- And NumberStack should only have 1 number[39m # [90mhttp:/localhost:9877/base/node_modules/cucumber/dist/cucumber.js?d26dba2d243753ad877577bbe2ebb7a5ef1da337:66013[39m

[93mFeature: Fouth Emulator [33m(/base/src/test/resources/javascript/feature/redux.feature)[0m
11) Scenario: Two-minus 6 by 2- leaving the difference 4 # [90m/base/src/test/resources/javascript/feature/redux.feature:35[39m
    [32m✔ Before[39m # [90mhttp:/localhost:9877/base/node_modules/cucumber/dist/cucumber.js?d26dba2d243753ad877577bbe2ebb7a5ef1da337:66013[39m
    [32m✔ Given User has entered 6[39m # [90mhttp:/localhost:9877/base/node_modules/cucumber/dist/cucumber.js?d26dba2d243753ad877577bbe2ebb7a5ef1da337:66013[39m
    [32m✔ When User runs 2-[39m # [90mhttp:/localhost:9877/base/node_modules/cucumber/dist/cucumber.js?d26dba2d243753ad877577bbe2ebb7a5ef1da337:66013[39m
    [31m✖ Then 4 should be on top of NumberStack[39m # [90mhttp:/localhost:9877/base/node_modules/cucumber/dist/cucumber.js?d26dba2d243753ad877577bbe2ebb7a5ef1da337:66013[39m
        [31mAssertionError[39m
            [32m+ expected[39m [31m- actual[39m

            [31m-NaN[39m
            [32m+4[39m
        [90m
            at World.<anonymous> (http://localhost:9877/base/src/test/javascript/feature/redux.steps.js:2733:68)
            at Function._callee$ (http://localhost:9877/base/node_modules/cucumber/dist/cucumber.js?d26dba2d243753ad877577bbe2ebb7a5ef1da337:66516:31)
            at tryCatch (http://localhost:9877/base/node_modules/cucumber/dist/cucumber.js?d26dba2d243753ad877577bbe2ebb7a5ef1da337:51935:40)
            at Generator.invoke [as _invoke] (http://localhost:9877/base/node_modules/cucumber/dist/cucumber.js?d26dba2d243753ad877577bbe2ebb7a5ef1da337:52161:22)
            at Generator.prototype.<computed> [as next] (http://localhost:9877/base/node_modules/cucumber/dist/cucumber.js?d26dba2d243753ad877577bbe2ebb7a5ef1da337:51987:21)
            at asyncGeneratorStep (http://localhost:9877/base/node_modules/cucumber/dist/cucumber.js?d26dba2d243753ad877577bbe2ebb7a5ef1da337:66476:103)
            at _next (http://localhost:9877/base/node_modules/cucumber/dist/cucumber.js?d26dba2d243753ad877577bbe2ebb7a5ef1da337:66478:194)
            at http://localhost:9877/base/node_modules/cucumber/dist/cucumber.js?d26dba2d243753ad877577bbe2ebb7a5ef1da337:66478:364
            at new Promise (<anonymous>)
            at Function.<anonymous> (http://localhost:9877/base/node_modules/cucumber/dist/cucumber.js?d26dba2d243753ad877577bbe2ebb7a5ef1da337:66478:97)
            at Function.run (http://localhost:9877/base/node_modules/cucumber/dist/cucumber.js?d26dba2d243753ad877577bbe2ebb7a5ef1da337:66625:21)
            at Object._callee$ (http://localhost:9877/base/node_modules/cucumber/dist/cucumber.js?d26dba2d243753ad877577bbe2ebb7a5ef1da337:65099:46)
            at tryCatch (http://localhost:9877/base/node_modules/cucumber/dist/cucumber.js?d26dba2d243753ad877577bbe2ebb7a5ef1da337:51935:40)
            at Generator.invoke [as _invoke] (http://localhost:9877/base/node_modules/cucumber/dist/cucumber.js?d26dba2d243753ad877577bbe2ebb7a5ef1da337:52161:22)
            at Generator.prototype.<computed> [as next] (http://localhost:9877/base/node_modules/cucumber/dist/cucumber.js?d26dba2d243753ad877577bbe2ebb7a5ef1da337:51987:21)
            at asyncGeneratorStep (http://localhost:9877/base/node_modules/cucumber/dist/cucumber.js?d26dba2d243753ad877577bbe2ebb7a5ef1da337:65044:103)[39m
    [36m- And NumberStack should only have 1 number[39m # [90mhttp:/localhost:9877/base/node_modules/cucumber/dist/cucumber.js?d26dba2d243753ad877577bbe2ebb7a5ef1da337:66013[39m

[93mFeature: Fouth Emulator [33m(/base/src/test/resources/javascript/feature/redux.feature)[0m
12) Scenario: Two-plus 20 by 2+ leaving the sum 22 # [90m/base/src/test/resources/javascript/feature/redux.feature:36[39m
    [32m✔ Before[39m # [90mhttp:/localhost:9877/base/node_modules/cucumber/dist/cucumber.js?d26dba2d243753ad877577bbe2ebb7a5ef1da337:66013[39m
    [32m✔ Given User has entered 20[39m # [90mhttp:/localhost:9877/base/node_modules/cucumber/dist/cucumber.js?d26dba2d243753ad877577bbe2ebb7a5ef1da337:66013[39m
    [32m✔ When User runs 2+[39m # [90mhttp:/localhost:9877/base/node_modules/cucumber/dist/cucumber.js?d26dba2d243753ad877577bbe2ebb7a5ef1da337:66013[39m
    [31m✖ Then 22 should be on top of NumberStack[39m # [90mhttp:/localhost:9877/base/node_modules/cucumber/dist/cucumber.js?d26dba2d243753ad877577bbe2ebb7a5ef1da337:66013[39m
        [31mAssertionError[39m
            [32m+ expected[39m [31m- actual[39m

            [31m-NaN[39m
            [32m+22[39m
        [90m
            at World.<anonymous> (http://localhost:9877/base/src/test/javascript/feature/redux.steps.js:2733:68)
            at Function._callee$ (http://localhost:9877/base/node_modules/cucumber/dist/cucumber.js?d26dba2d243753ad877577bbe2ebb7a5ef1da337:66516:31)
            at tryCatch (http://localhost:9877/base/node_modules/cucumber/dist/cucumber.js?d26dba2d243753ad877577bbe2ebb7a5ef1da337:51935:40)
            at Generator.invoke [as _invoke] (http://localhost:9877/base/node_modules/cucumber/dist/cucumber.js?d26dba2d243753ad877577bbe2ebb7a5ef1da337:52161:22)
            at Generator.prototype.<computed> [as next] (http://localhost:9877/base/node_modules/cucumber/dist/cucumber.js?d26dba2d243753ad877577bbe2ebb7a5ef1da337:51987:21)
            at asyncGeneratorStep (http://localhost:9877/base/node_modules/cucumber/dist/cucumber.js?d26dba2d243753ad877577bbe2ebb7a5ef1da337:66476:103)
            at _next (http://localhost:9877/base/node_modules/cucumber/dist/cucumber.js?d26dba2d243753ad877577bbe2ebb7a5ef1da337:66478:194)
            at http://localhost:9877/base/node_modules/cucumber/dist/cucumber.js?d26dba2d243753ad877577bbe2ebb7a5ef1da337:66478:364
            at new Promise (<anonymous>)
            at Function.<anonymous> (http://localhost:9877/base/node_modules/cucumber/dist/cucumber.js?d26dba2d243753ad877577bbe2ebb7a5ef1da337:66478:97)
            at Function.run (http://localhost:9877/base/node_modules/cucumber/dist/cucumber.js?d26dba2d243753ad877577bbe2ebb7a5ef1da337:66625:21)
            at Object._callee$ (http://localhost:9877/base/node_modules/cucumber/dist/cucumber.js?d26dba2d243753ad877577bbe2ebb7a5ef1da337:65099:46)
            at tryCatch (http://localhost:9877/base/node_modules/cucumber/dist/cucumber.js?d26dba2d243753ad877577bbe2ebb7a5ef1da337:51935:40)
            at Generator.invoke [as _invoke] (http://localhost:9877/base/node_modules/cucumber/dist/cucumber.js?d26dba2d243753ad877577bbe2ebb7a5ef1da337:52161:22)
            at Generator.prototype.<computed> [as next] (http://localhost:9877/base/node_modules/cucumber/dist/cucumber.js?d26dba2d243753ad877577bbe2ebb7a5ef1da337:51987:21)
            at asyncGeneratorStep (http://localhost:9877/base/node_modules/cucumber/dist/cucumber.js?d26dba2d243753ad877577bbe2ebb7a5ef1da337:65044:103)[39m
    [36m- And NumberStack should only have 1 number[39m # [90mhttp:/localhost:9877/base/node_modules/cucumber/dist/cucumber.js?d26dba2d243753ad877577bbe2ebb7a5ef1da337:66013[39m

[93mFeature: Fouth Emulator [33m(/base/src/test/resources/javascript/feature/redux.feature)[0m
13) Scenario: 25-multiply 5 by 25* leaving the product 125 # [90m/base/src/test/resources/javascript/feature/redux.feature:37[39m
    [32m✔ Before[39m # [90mhttp:/localhost:9877/base/node_modules/cucumber/dist/cucumber.js?d26dba2d243753ad877577bbe2ebb7a5ef1da337:66013[39m
    [32m✔ Given User has entered 5[39m # [90mhttp:/localhost:9877/base/node_modules/cucumber/dist/cucumber.js?d26dba2d243753ad877577bbe2ebb7a5ef1da337:66013[39m
    [32m✔ When User runs 25*[39m # [90mhttp:/localhost:9877/base/node_modules/cucumber/dist/cucumber.js?d26dba2d243753ad877577bbe2ebb7a5ef1da337:66013[39m
    [31m✖ Then 125 should be on top of NumberStack[39m # [90mhttp:/localhost:9877/base/node_modules/cucumber/dist/cucumber.js?d26dba2d243753ad877577bbe2ebb7a5ef1da337:66013[39m
        [31mAssertionError[39m
            [32m+ expected[39m [31m- actual[39m

            [31m-NaN[39m
            [32m+125[39m
        [90m
            at World.<anonymous> (http://localhost:9877/base/src/test/javascript/feature/redux.steps.js:2733:68)
            at Function._callee$ (http://localhost:9877/base/node_modules/cucumber/dist/cucumber.js?d26dba2d243753ad877577bbe2ebb7a5ef1da337:66516:31)
            at tryCatch (http://localhost:9877/base/node_modules/cucumber/dist/cucumber.js?d26dba2d243753ad877577bbe2ebb7a5ef1da337:51935:40)
            at Generator.invoke [as _invoke] (http://localhost:9877/base/node_modules/cucumber/dist/cucumber.js?d26dba2d243753ad877577bbe2ebb7a5ef1da337:52161:22)
            at Generator.prototype.<computed> [as next] (http://localhost:9877/base/node_modules/cucumber/dist/cucumber.js?d26dba2d243753ad877577bbe2ebb7a5ef1da337:51987:21)
            at asyncGeneratorStep (http://localhost:9877/base/node_modules/cucumber/dist/cucumber.js?d26dba2d243753ad877577bbe2ebb7a5ef1da337:66476:103)
            at _next (http://localhost:9877/base/node_modules/cucumber/dist/cucumber.js?d26dba2d243753ad877577bbe2ebb7a5ef1da337:66478:194)
            at http://localhost:9877/base/node_modules/cucumber/dist/cucumber.js?d26dba2d243753ad877577bbe2ebb7a5ef1da337:66478:364
            at new Promise (<anonymous>)
            at Function.<anonymous> (http://localhost:9877/base/node_modules/cucumber/dist/cucumber.js?d26dba2d243753ad877577bbe2ebb7a5ef1da337:66478:97)
            at Function.run (http://localhost:9877/base/node_modules/cucumber/dist/cucumber.js?d26dba2d243753ad877577bbe2ebb7a5ef1da337:66625:21)
            at Object._callee$ (http://localhost:9877/base/node_modules/cucumber/dist/cucumber.js?d26dba2d243753ad877577bbe2ebb7a5ef1da337:65099:46)
            at tryCatch (http://localhost:9877/base/node_modules/cucumber/dist/cucumber.js?d26dba2d243753ad877577bbe2ebb7a5ef1da337:51935:40)
            at Generator.invoke [as _invoke] (http://localhost:9877/base/node_modules/cucumber/dist/cucumber.js?d26dba2d243753ad877577bbe2ebb7a5ef1da337:52161:22)
            at Generator.prototype.<computed> [as next] (http://localhost:9877/base/node_modules/cucumber/dist/cucumber.js?d26dba2d243753ad877577bbe2ebb7a5ef1da337:51987:21)
            at asyncGeneratorStep (http://localhost:9877/base/node_modules/cucumber/dist/cucumber.js?d26dba2d243753ad877577bbe2ebb7a5ef1da337:65044:103)[39m
    [36m- And NumberStack should only have 1 number[39m # [90mhttp:/localhost:9877/base/node_modules/cucumber/dist/cucumber.js?d26dba2d243753ad877577bbe2ebb7a5ef1da337:66013[39m

[93mFeature: Fouth Emulator [33m(/base/src/test/resources/javascript/feature/redux.feature)[0m
14) Scenario: 45-divide 99 by 30/ leaving the quotient 3 # [90m/base/src/test/resources/javascript/feature/redux.feature:38[39m
    [32m✔ Before[39m # [90mhttp:/localhost:9877/base/node_modules/cucumber/dist/cucumber.js?d26dba2d243753ad877577bbe2ebb7a5ef1da337:66013[39m
    [32m✔ Given User has entered 99[39m # [90mhttp:/localhost:9877/base/node_modules/cucumber/dist/cucumber.js?d26dba2d243753ad877577bbe2ebb7a5ef1da337:66013[39m
    [32m✔ When User runs 30/[39m # [90mhttp:/localhost:9877/base/node_modules/cucumber/dist/cucumber.js?d26dba2d243753ad877577bbe2ebb7a5ef1da337:66013[39m
    [31m✖ Then 3 should be on top of NumberStack[39m # [90mhttp:/localhost:9877/base/node_modules/cucumber/dist/cucumber.js?d26dba2d243753ad877577bbe2ebb7a5ef1da337:66013[39m
        [31mAssertionError[39m
            [32m+ expected[39m [31m- actual[39m

            [31m-NaN[39m
            [32m+3[39m
        [90m
            at World.<anonymous> (http://localhost:9877/base/src/test/javascript/feature/redux.steps.js:2733:68)
            at Function._callee$ (http://localhost:9877/base/node_modules/cucumber/dist/cucumber.js?d26dba2d243753ad877577bbe2ebb7a5ef1da337:66516:31)
            at tryCatch (http://localhost:9877/base/node_modules/cucumber/dist/cucumber.js?d26dba2d243753ad877577bbe2ebb7a5ef1da337:51935:40)
            at Generator.invoke [as _invoke] (http://localhost:9877/base/node_modules/cucumber/dist/cucumber.js?d26dba2d243753ad877577bbe2ebb7a5ef1da337:52161:22)
            at Generator.prototype.<computed> [as next] (http://localhost:9877/base/node_modules/cucumber/dist/cucumber.js?d26dba2d243753ad877577bbe2ebb7a5ef1da337:51987:21)
            at asyncGeneratorStep (http://localhost:9877/base/node_modules/cucumber/dist/cucumber.js?d26dba2d243753ad877577bbe2ebb7a5ef1da337:66476:103)
            at _next (http://localhost:9877/base/node_modules/cucumber/dist/cucumber.js?d26dba2d243753ad877577bbe2ebb7a5ef1da337:66478:194)
            at http://localhost:9877/base/node_modules/cucumber/dist/cucumber.js?d26dba2d243753ad877577bbe2ebb7a5ef1da337:66478:364
            at new Promise (<anonymous>)
            at Function.<anonymous> (http://localhost:9877/base/node_modules/cucumber/dist/cucumber.js?d26dba2d243753ad877577bbe2ebb7a5ef1da337:66478:97)
            at Function.run (http://localhost:9877/base/node_modules/cucumber/dist/cucumber.js?d26dba2d243753ad877577bbe2ebb7a5ef1da337:66625:21)
            at Object._callee$ (http://localhost:9877/base/node_modules/cucumber/dist/cucumber.js?d26dba2d243753ad877577bbe2ebb7a5ef1da337:65099:46)
            at tryCatch (http://localhost:9877/base/node_modules/cucumber/dist/cucumber.js?d26dba2d243753ad877577bbe2ebb7a5ef1da337:51935:40)
            at Generator.invoke [as _invoke] (http://localhost:9877/base/node_modules/cucumber/dist/cucumber.js?d26dba2d243753ad877577bbe2ebb7a5ef1da337:52161:22)
            at Generator.prototype.<computed> [as next] (http://localhost:9877/base/node_modules/cucumber/dist/cucumber.js?d26dba2d243753ad877577bbe2ebb7a5ef1da337:51987:21)
            at asyncGeneratorStep (http://localhost:9877/base/node_modules/cucumber/dist/cucumber.js?d26dba2d243753ad877577bbe2ebb7a5ef1da337:65044:103)[39m
    [36m- And NumberStack should only have 1 number[39m # [90mhttp:/localhost:9877/base/node_modules/cucumber/dist/cucumber.js?d26dba2d243753ad877577bbe2ebb7a5ef1da337:66013[39m

[93mFeature: Fouth Emulator [33m(/base/src/test/resources/javascript/feature/redux.feature)[0m
15) Scenario: 0-less-than -5 by 0< leaving the true flag -1 # [90m/base/src/test/resources/javascript/feature/redux.feature:39[39m
    [32m✔ Before[39m # [90mhttp:/localhost:9877/base/node_modules/cucumber/dist/cucumber.js?d26dba2d243753ad877577bbe2ebb7a5ef1da337:66013[39m
    [32m✔ Given User has entered -5[39m # [90mhttp:/localhost:9877/base/node_modules/cucumber/dist/cucumber.js?d26dba2d243753ad877577bbe2ebb7a5ef1da337:66013[39m
    [32m✔ When User runs 0<[39m # [90mhttp:/localhost:9877/base/node_modules/cucumber/dist/cucumber.js?d26dba2d243753ad877577bbe2ebb7a5ef1da337:66013[39m
    [31m✖ Then -1 should be on top of NumberStack[39m # [90mhttp:/localhost:9877/base/node_modules/cucumber/dist/cucumber.js?d26dba2d243753ad877577bbe2ebb7a5ef1da337:66013[39m
        [31mAssertionError[39m
            [32m+ expected[39m [31m- actual[39m

            [31m-0[39m
            [32m+-1[39m
        [90m
            at World.<anonymous> (http://localhost:9877/base/src/test/javascript/feature/redux.steps.js:2733:68)
            at Function._callee$ (http://localhost:9877/base/node_modules/cucumber/dist/cucumber.js?d26dba2d243753ad877577bbe2ebb7a5ef1da337:66516:31)
            at tryCatch (http://localhost:9877/base/node_modules/cucumber/dist/cucumber.js?d26dba2d243753ad877577bbe2ebb7a5ef1da337:51935:40)
            at Generator.invoke [as _invoke] (http://localhost:9877/base/node_modules/cucumber/dist/cucumber.js?d26dba2d243753ad877577bbe2ebb7a5ef1da337:52161:22)
            at Generator.prototype.<computed> [as next] (http://localhost:9877/base/node_modules/cucumber/dist/cucumber.js?d26dba2d243753ad877577bbe2ebb7a5ef1da337:51987:21)
            at asyncGeneratorStep (http://localhost:9877/base/node_modules/cucumber/dist/cucumber.js?d26dba2d243753ad877577bbe2ebb7a5ef1da337:66476:103)
            at _next (http://localhost:9877/base/node_modules/cucumber/dist/cucumber.js?d26dba2d243753ad877577bbe2ebb7a5ef1da337:66478:194)
            at http://localhost:9877/base/node_modules/cucumber/dist/cucumber.js?d26dba2d243753ad877577bbe2ebb7a5ef1da337:66478:364
            at new Promise (<anonymous>)
            at Function.<anonymous> (http://localhost:9877/base/node_modules/cucumber/dist/cucumber.js?d26dba2d243753ad877577bbe2ebb7a5ef1da337:66478:97)
            at Function.run (http://localhost:9877/base/node_modules/cucumber/dist/cucumber.js?d26dba2d243753ad877577bbe2ebb7a5ef1da337:66625:21)
            at Object._callee$ (http://localhost:9877/base/node_modules/cucumber/dist/cucumber.js?d26dba2d243753ad877577bbe2ebb7a5ef1da337:65099:46)
            at tryCatch (http://localhost:9877/base/node_modules/cucumber/dist/cucumber.js?d26dba2d243753ad877577bbe2ebb7a5ef1da337:51935:40)
            at Generator.invoke [as _invoke] (http://localhost:9877/base/node_modules/cucumber/dist/cucumber.js?d26dba2d243753ad877577bbe2ebb7a5ef1da337:52161:22)
            at Generator.prototype.<computed> [as next] (http://localhost:9877/base/node_modules/cucumber/dist/cucumber.js?d26dba2d243753ad877577bbe2ebb7a5ef1da337:51987:21)
            at asyncGeneratorStep (http://localhost:9877/base/node_modules/cucumber/dist/cucumber.js?d26dba2d243753ad877577bbe2ebb7a5ef1da337:65044:103)[39m
    [36m- And NumberStack should only have 1 number[39m # [90mhttp:/localhost:9877/base/node_modules/cucumber/dist/cucumber.js?d26dba2d243753ad877577bbe2ebb7a5ef1da337:66013[39m

[93mFeature: Fouth Emulator [33m(/base/src/test/resources/javascript/feature/redux.feature)[0m
16) Scenario: 0-equal 0 by 0= leaving the true flag -1 # [90m/base/src/test/resources/javascript/feature/redux.feature:41[39m
    [32m✔ Before[39m # [90mhttp:/localhost:9877/base/node_modules/cucumber/dist/cucumber.js?d26dba2d243753ad877577bbe2ebb7a5ef1da337:66013[39m
    [32m✔ Given User has entered 0[39m # [90mhttp:/localhost:9877/base/node_modules/cucumber/dist/cucumber.js?d26dba2d243753ad877577bbe2ebb7a5ef1da337:66013[39m
    [32m✔ When User runs 0=[39m # [90mhttp:/localhost:9877/base/node_modules/cucumber/dist/cucumber.js?d26dba2d243753ad877577bbe2ebb7a5ef1da337:66013[39m
    [31m✖ Then -1 should be on top of NumberStack[39m # [90mhttp:/localhost:9877/base/node_modules/cucumber/dist/cucumber.js?d26dba2d243753ad877577bbe2ebb7a5ef1da337:66013[39m
        [31mAssertionError[39m
            [32m+ expected[39m [31m- actual[39m

            [31m-0[39m
            [32m+-1[39m
        [90m
            at World.<anonymous> (http://localhost:9877/base/src/test/javascript/feature/redux.steps.js:2733:68)
            at Function._callee$ (http://localhost:9877/base/node_modules/cucumber/dist/cucumber.js?d26dba2d243753ad877577bbe2ebb7a5ef1da337:66516:31)
            at tryCatch (http://localhost:9877/base/node_modules/cucumber/dist/cucumber.js?d26dba2d243753ad877577bbe2ebb7a5ef1da337:51935:40)
            at Generator.invoke [as _invoke] (http://localhost:9877/base/node_modules/cucumber/dist/cucumber.js?d26dba2d243753ad877577bbe2ebb7a5ef1da337:52161:22)
            at Generator.prototype.<computed> [as next] (http://localhost:9877/base/node_modules/cucumber/dist/cucumber.js?d26dba2d243753ad877577bbe2ebb7a5ef1da337:51987:21)
            at asyncGeneratorStep (http://localhost:9877/base/node_modules/cucumber/dist/cucumber.js?d26dba2d243753ad877577bbe2ebb7a5ef1da337:66476:103)
            at _next (http://localhost:9877/base/node_modules/cucumber/dist/cucumber.js?d26dba2d243753ad877577bbe2ebb7a5ef1da337:66478:194)
            at http://localhost:9877/base/node_modules/cucumber/dist/cucumber.js?d26dba2d243753ad877577bbe2ebb7a5ef1da337:66478:364
            at new Promise (<anonymous>)
            at Function.<anonymous> (http://localhost:9877/base/node_modules/cucumber/dist/cucumber.js?d26dba2d243753ad877577bbe2ebb7a5ef1da337:66478:97)
            at Function.run (http://localhost:9877/base/node_modules/cucumber/dist/cucumber.js?d26dba2d243753ad877577bbe2ebb7a5ef1da337:66625:21)
            at Object._callee$ (http://localhost:9877/base/node_modules/cucumber/dist/cucumber.js?d26dba2d243753ad877577bbe2ebb7a5ef1da337:65099:46)
            at tryCatch (http://localhost:9877/base/node_modules/cucumber/dist/cucumber.js?d26dba2d243753ad877577bbe2ebb7a5ef1da337:51935:40)
            at Generator.invoke [as _invoke] (http://localhost:9877/base/node_modules/cucumber/dist/cucumber.js?d26dba2d243753ad877577bbe2ebb7a5ef1da337:52161:22)
            at Generator.prototype.<computed> [as next] (http://localhost:9877/base/node_modules/cucumber/dist/cucumber.js?d26dba2d243753ad877577bbe2ebb7a5ef1da337:51987:21)
            at asyncGeneratorStep (http://localhost:9877/base/node_modules/cucumber/dist/cucumber.js?d26dba2d243753ad877577bbe2ebb7a5ef1da337:65044:103)[39m
    [36m- And NumberStack should only have 1 number[39m # [90mhttp:/localhost:9877/base/node_modules/cucumber/dist/cucumber.js?d26dba2d243753ad877577bbe2ebb7a5ef1da337:66013[39m

[93mFeature: Fouth Emulator [33m(/base/src/test/resources/javascript/feature/redux.feature)[0m
17) Scenario: 0-greater-than 99 by 0> leaving the true flag -1 # [90m/base/src/test/resources/javascript/feature/redux.feature:42[39m
    [32m✔ Before[39m # [90mhttp:/localhost:9877/base/node_modules/cucumber/dist/cucumber.js?d26dba2d243753ad877577bbe2ebb7a5ef1da337:66013[39m
    [32m✔ Given User has entered 99[39m # [90mhttp:/localhost:9877/base/node_modules/cucumber/dist/cucumber.js?d26dba2d243753ad877577bbe2ebb7a5ef1da337:66013[39m
    [32m✔ When User runs 0>[39m # [90mhttp:/localhost:9877/base/node_modules/cucumber/dist/cucumber.js?d26dba2d243753ad877577bbe2ebb7a5ef1da337:66013[39m
    [31m✖ Then -1 should be on top of NumberStack[39m # [90mhttp:/localhost:9877/base/node_modules/cucumber/dist/cucumber.js?d26dba2d243753ad877577bbe2ebb7a5ef1da337:66013[39m
        [31mAssertionError[39m
            [32m+ expected[39m [31m- actual[39m

            [31m-0[39m
            [32m+-1[39m
        [90m
            at World.<anonymous> (http://localhost:9877/base/src/test/javascript/feature/redux.steps.js:2733:68)
            at Function._callee$ (http://localhost:9877/base/node_modules/cucumber/dist/cucumber.js?d26dba2d243753ad877577bbe2ebb7a5ef1da337:66516:31)
            at tryCatch (http://localhost:9877/base/node_modules/cucumber/dist/cucumber.js?d26dba2d243753ad877577bbe2ebb7a5ef1da337:51935:40)
            at Generator.invoke [as _invoke] (http://localhost:9877/base/node_modules/cucumber/dist/cucumber.js?d26dba2d243753ad877577bbe2ebb7a5ef1da337:52161:22)
            at Generator.prototype.<computed> [as next] (http://localhost:9877/base/node_modules/cucumber/dist/cucumber.js?d26dba2d243753ad877577bbe2ebb7a5ef1da337:51987:21)
            at asyncGeneratorStep (http://localhost:9877/base/node_modules/cucumber/dist/cucumber.js?d26dba2d243753ad877577bbe2ebb7a5ef1da337:66476:103)
            at _next (http://localhost:9877/base/node_modules/cucumber/dist/cucumber.js?d26dba2d243753ad877577bbe2ebb7a5ef1da337:66478:194)
            at http://localhost:9877/base/node_modules/cucumber/dist/cucumber.js?d26dba2d243753ad877577bbe2ebb7a5ef1da337:66478:364
            at new Promise (<anonymous>)
            at Function.<anonymous> (http://localhost:9877/base/node_modules/cucumber/dist/cucumber.js?d26dba2d243753ad877577bbe2ebb7a5ef1da337:66478:97)
            at Function.run (http://localhost:9877/base/node_modules/cucumber/dist/cucumber.js?d26dba2d243753ad877577bbe2ebb7a5ef1da337:66625:21)
            at Object._callee$ (http://localhost:9877/base/node_modules/cucumber/dist/cucumber.js?d26dba2d243753ad877577bbe2ebb7a5ef1da337:65099:46)
            at tryCatch (http://localhost:9877/base/node_modules/cucumber/dist/cucumber.js?d26dba2d243753ad877577bbe2ebb7a5ef1da337:51935:40)
            at Generator.invoke [as _invoke] (http://localhost:9877/base/node_modules/cucumber/dist/cucumber.js?d26dba2d243753ad877577bbe2ebb7a5ef1da337:52161:22)
            at Generator.prototype.<computed> [as next] (http://localhost:9877/base/node_modules/cucumber/dist/cucumber.js?d26dba2d243753ad877577bbe2ebb7a5ef1da337:51987:21)
            at asyncGeneratorStep (http://localhost:9877/base/node_modules/cucumber/dist/cucumber.js?d26dba2d243753ad877577bbe2ebb7a5ef1da337:65044:103)[39m
    [36m- And NumberStack should only have 1 number[39m # [90mhttp:/localhost:9877/base/node_modules/cucumber/dist/cucumber.js?d26dba2d243753ad877577bbe2ebb7a5ef1da337:66013[39m

[93mFeature: Fouth Emulator [33m(/base/src/test/resources/javascript/feature/redux.feature)[0m
18) Scenario: Multiply integer 1 by integer 2, creating result d. Then divide d by integer 3, leaving the integer 4. # [90m/base/src/test/resources/javascript/feature/redux.feature:44[39m
    [32m✔ Before[39m # [90mhttp:/localhost:9877/base/node_modules/cucumber/dist/cucumber.js?d26dba2d243753ad877577bbe2ebb7a5ef1da337:66013[39m
    [32m✔ Given User has entered 2[39m # [90mhttp:/localhost:9877/base/node_modules/cucumber/dist/cucumber.js?d26dba2d243753ad877577bbe2ebb7a5ef1da337:66013[39m
    [32m✔ And User has entered 9[39m # [90mhttp:/localhost:9877/base/node_modules/cucumber/dist/cucumber.js?d26dba2d243753ad877577bbe2ebb7a5ef1da337:66013[39m
    [32m✔ And User has entered 10[39m # [90mhttp:/localhost:9877/base/node_modules/cucumber/dist/cucumber.js?d26dba2d243753ad877577bbe2ebb7a5ef1da337:66013[39m
    [32m✔ When User runs */[39m # [90mhttp:/localhost:9877/base/node_modules/cucumber/dist/cucumber.js?d26dba2d243753ad877577bbe2ebb7a5ef1da337:66013[39m
    [31m✖ Then 1 should be on top of NumberStack[39m # [90mhttp:/localhost:9877/base/node_modules/cucumber/dist/cucumber.js?d26dba2d243753ad877577bbe2ebb7a5ef1da337:66013[39m
        [31mAssertionError[39m
            [32m+ expected[39m [31m- actual[39m

            [31m-NaN[39m
            [32m+1[39m
        [90m
            at World.<anonymous> (http://localhost:9877/base/src/test/javascript/feature/redux.steps.js:2733:68)
            at Function._callee$ (http://localhost:9877/base/node_modules/cucumber/dist/cucumber.js?d26dba2d243753ad877577bbe2ebb7a5ef1da337:66516:31)
            at tryCatch (http://localhost:9877/base/node_modules/cucumber/dist/cucumber.js?d26dba2d243753ad877577bbe2ebb7a5ef1da337:51935:40)
            at Generator.invoke [as _invoke] (http://localhost:9877/base/node_modules/cucumber/dist/cucumber.js?d26dba2d243753ad877577bbe2ebb7a5ef1da337:52161:22)
            at Generator.prototype.<computed> [as next] (http://localhost:9877/base/node_modules/cucumber/dist/cucumber.js?d26dba2d243753ad877577bbe2ebb7a5ef1da337:51987:21)
            at asyncGeneratorStep (http://localhost:9877/base/node_modules/cucumber/dist/cucumber.js?d26dba2d243753ad877577bbe2ebb7a5ef1da337:66476:103)
            at _next (http://localhost:9877/base/node_modules/cucumber/dist/cucumber.js?d26dba2d243753ad877577bbe2ebb7a5ef1da337:66478:194)
            at http://localhost:9877/base/node_modules/cucumber/dist/cucumber.js?d26dba2d243753ad877577bbe2ebb7a5ef1da337:66478:364
            at new Promise (<anonymous>)
            at Function.<anonymous> (http://localhost:9877/base/node_modules/cucumber/dist/cucumber.js?d26dba2d243753ad877577bbe2ebb7a5ef1da337:66478:97)
            at Function.run (http://localhost:9877/base/node_modules/cucumber/dist/cucumber.js?d26dba2d243753ad877577bbe2ebb7a5ef1da337:66625:21)
            at Object._callee$ (http://localhost:9877/base/node_modules/cucumber/dist/cucumber.js?d26dba2d243753ad877577bbe2ebb7a5ef1da337:65099:46)
            at tryCatch (http://localhost:9877/base/node_modules/cucumber/dist/cucumber.js?d26dba2d243753ad877577bbe2ebb7a5ef1da337:51935:40)
            at Generator.invoke [as _invoke] (http://localhost:9877/base/node_modules/cucumber/dist/cucumber.js?d26dba2d243753ad877577bbe2ebb7a5ef1da337:52161:22)
            at Generator.prototype.<computed> [as next] (http://localhost:9877/base/node_modules/cucumber/dist/cucumber.js?d26dba2d243753ad877577bbe2ebb7a5ef1da337:51987:21)
            at asyncGeneratorStep (http://localhost:9877/base/node_modules/cucumber/dist/cucumber.js?d26dba2d243753ad877577bbe2ebb7a5ef1da337:65044:103)[39m
    [36m- And NumberStack should only have 1 number[39m # [90mhttp:/localhost:9877/base/node_modules/cucumber/dist/cucumber.js?d26dba2d243753ad877577bbe2ebb7a5ef1da337:66013[39m

[93mFeature: Fouth Emulator [33m(/base/src/test/resources/javascript/feature/redux.feature)[0m
19) Scenario: Multiply integer 1 by integer 2, creating result d. Then divide d by integer 3, and leaving the integer 4 and remainder 5 # [90m/base/src/test/resources/javascript/feature/redux.feature:52[39m
    [32m✔ Before[39m # [90mhttp:/localhost:9877/base/node_modules/cucumber/dist/cucumber.js?d26dba2d243753ad877577bbe2ebb7a5ef1da337:66013[39m
    [32m✔ Given User has entered 3[39m # [90mhttp:/localhost:9877/base/node_modules/cucumber/dist/cucumber.js?d26dba2d243753ad877577bbe2ebb7a5ef1da337:66013[39m
    [32m✔ And User has entered 6[39m # [90mhttp:/localhost:9877/base/node_modules/cucumber/dist/cucumber.js?d26dba2d243753ad877577bbe2ebb7a5ef1da337:66013[39m
    [32m✔ And User has entered 10[39m # [90mhttp:/localhost:9877/base/node_modules/cucumber/dist/cucumber.js?d26dba2d243753ad877577bbe2ebb7a5ef1da337:66013[39m
    [32m✔ When User runs */MOD[39m # [90mhttp:/localhost:9877/base/node_modules/cucumber/dist/cucumber.js?d26dba2d243753ad877577bbe2ebb7a5ef1da337:66013[39m
    [31m✖ Then 1 should be on top of NumberStack[39m # [90mhttp:/localhost:9877/base/node_modules/cucumber/dist/cucumber.js?d26dba2d243753ad877577bbe2ebb7a5ef1da337:66013[39m
        [31mAssertionError[39m
            [32m+ expected[39m [31m- actual[39m

            [31m-NaN[39m
            [32m+1[39m
        [90m
            at World.<anonymous> (http://localhost:9877/base/src/test/javascript/feature/redux.steps.js:2733:68)
            at Function._callee$ (http://localhost:9877/base/node_modules/cucumber/dist/cucumber.js?d26dba2d243753ad877577bbe2ebb7a5ef1da337:66516:31)
            at tryCatch (http://localhost:9877/base/node_modules/cucumber/dist/cucumber.js?d26dba2d243753ad877577bbe2ebb7a5ef1da337:51935:40)
            at Generator.invoke [as _invoke] (http://localhost:9877/base/node_modules/cucumber/dist/cucumber.js?d26dba2d243753ad877577bbe2ebb7a5ef1da337:52161:22)
            at Generator.prototype.<computed> [as next] (http://localhost:9877/base/node_modules/cucumber/dist/cucumber.js?d26dba2d243753ad877577bbe2ebb7a5ef1da337:51987:21)
            at asyncGeneratorStep (http://localhost:9877/base/node_modules/cucumber/dist/cucumber.js?d26dba2d243753ad877577bbe2ebb7a5ef1da337:66476:103)
            at _next (http://localhost:9877/base/node_modules/cucumber/dist/cucumber.js?d26dba2d243753ad877577bbe2ebb7a5ef1da337:66478:194)
            at http://localhost:9877/base/node_modules/cucumber/dist/cucumber.js?d26dba2d243753ad877577bbe2ebb7a5ef1da337:66478:364
            at new Promise (<anonymous>)
            at Function.<anonymous> (http://localhost:9877/base/node_modules/cucumber/dist/cucumber.js?d26dba2d243753ad877577bbe2ebb7a5ef1da337:66478:97)
            at Function.run (http://localhost:9877/base/node_modules/cucumber/dist/cucumber.js?d26dba2d243753ad877577bbe2ebb7a5ef1da337:66625:21)
            at Object._callee$ (http://localhost:9877/base/node_modules/cucumber/dist/cucumber.js?d26dba2d243753ad877577bbe2ebb7a5ef1da337:65099:46)
            at tryCatch (http://localhost:9877/base/node_modules/cucumber/dist/cucumber.js?d26dba2d243753ad877577bbe2ebb7a5ef1da337:51935:40)
            at Generator.invoke [as _invoke] (http://localhost:9877/base/node_modules/cucumber/dist/cucumber.js?d26dba2d243753ad877577bbe2ebb7a5ef1da337:52161:22)
            at Generator.prototype.<computed> [as next] (http://localhost:9877/base/node_modules/cucumber/dist/cucumber.js?d26dba2d243753ad877577bbe2ebb7a5ef1da337:51987:21)
            at asyncGeneratorStep (http://localhost:9877/base/node_modules/cucumber/dist/cucumber.js?d26dba2d243753ad877577bbe2ebb7a5ef1da337:65044:103)[39m
    [36m- And 8 should be under 1[39m # [90mhttp:/localhost:9877/base/node_modules/cucumber/dist/cucumber.js?d26dba2d243753ad877577bbe2ebb7a5ef1da337:66013[39m
    [36m- And NumberStack should only have 2 numbers[39m # [90mhttp:/localhost:9877/base/node_modules/cucumber/dist/cucumber.js?d26dba2d243753ad877577bbe2ebb7a5ef1da337:66013[39m

[93mFeature: Fouth Emulator [33m(/base/src/test/resources/javascript/feature/redux.feature)[0m
20) Scenario: Give me the absolute value of integer 1, leaving integer 2 # [90m/base/src/test/resources/javascript/feature/redux.feature:61[39m
    [32m✔ Before[39m # [90mhttp:/localhost:9877/base/node_modules/cucumber/dist/cucumber.js?d26dba2d243753ad877577bbe2ebb7a5ef1da337:66013[39m
    [32m✔ Given User has entered -80[39m # [90mhttp:/localhost:9877/base/node_modules/cucumber/dist/cucumber.js?d26dba2d243753ad877577bbe2ebb7a5ef1da337:66013[39m
    [32m✔ When User runs ABS[39m # [90mhttp:/localhost:9877/base/node_modules/cucumber/dist/cucumber.js?d26dba2d243753ad877577bbe2ebb7a5ef1da337:66013[39m
    [31m✖ Then 80 should be on top of NumberStack[39m # [90mhttp:/localhost:9877/base/node_modules/cucumber/dist/cucumber.js?d26dba2d243753ad877577bbe2ebb7a5ef1da337:66013[39m
        [31mAssertionError[39m
            [32m+ expected[39m [31m- actual[39m

            [31m-NaN[39m
            [32m+80[39m
        [90m
            at World.<anonymous> (http://localhost:9877/base/src/test/javascript/feature/redux.steps.js:2733:68)
            at Function._callee$ (http://localhost:9877/base/node_modules/cucumber/dist/cucumber.js?d26dba2d243753ad877577bbe2ebb7a5ef1da337:66516:31)
            at tryCatch (http://localhost:9877/base/node_modules/cucumber/dist/cucumber.js?d26dba2d243753ad877577bbe2ebb7a5ef1da337:51935:40)
            at Generator.invoke [as _invoke] (http://localhost:9877/base/node_modules/cucumber/dist/cucumber.js?d26dba2d243753ad877577bbe2ebb7a5ef1da337:52161:22)
            at Generator.prototype.<computed> [as next] (http://localhost:9877/base/node_modules/cucumber/dist/cucumber.js?d26dba2d243753ad877577bbe2ebb7a5ef1da337:51987:21)
            at asyncGeneratorStep (http://localhost:9877/base/node_modules/cucumber/dist/cucumber.js?d26dba2d243753ad877577bbe2ebb7a5ef1da337:66476:103)
            at _next (http://localhost:9877/base/node_modules/cucumber/dist/cucumber.js?d26dba2d243753ad877577bbe2ebb7a5ef1da337:66478:194)
            at http://localhost:9877/base/node_modules/cucumber/dist/cucumber.js?d26dba2d243753ad877577bbe2ebb7a5ef1da337:66478:364
            at new Promise (<anonymous>)
            at Function.<anonymous> (http://localhost:9877/base/node_modules/cucumber/dist/cucumber.js?d26dba2d243753ad877577bbe2ebb7a5ef1da337:66478:97)
            at Function.run (http://localhost:9877/base/node_modules/cucumber/dist/cucumber.js?d26dba2d243753ad877577bbe2ebb7a5ef1da337:66625:21)
            at Object._callee$ (http://localhost:9877/base/node_modules/cucumber/dist/cucumber.js?d26dba2d243753ad877577bbe2ebb7a5ef1da337:65099:46)
            at tryCatch (http://localhost:9877/base/node_modules/cucumber/dist/cucumber.js?d26dba2d243753ad877577bbe2ebb7a5ef1da337:51935:40)
            at Generator.invoke [as _invoke] (http://localhost:9877/base/node_modules/cucumber/dist/cucumber.js?d26dba2d243753ad877577bbe2ebb7a5ef1da337:52161:22)
            at Generator.prototype.<computed> [as next] (http://localhost:9877/base/node_modules/cucumber/dist/cucumber.js?d26dba2d243753ad877577bbe2ebb7a5ef1da337:51987:21)
            at asyncGeneratorStep (http://localhost:9877/base/node_modules/cucumber/dist/cucumber.js?d26dba2d243753ad877577bbe2ebb7a5ef1da337:65044:103)[39m
    [36m- And NumberStack should only have 1 number[39m # [90mhttp:/localhost:9877/base/node_modules/cucumber/dist/cucumber.js?d26dba2d243753ad877577bbe2ebb7a5ef1da337:66013[39m

[93mFeature: Fouth Emulator [33m(/base/src/test/resources/javascript/feature/redux.feature)[0m
21) Scenario: Find if integer 1 or integer 2 is greater # [90m/base/src/test/resources/javascript/feature/redux.feature:67[39m
    [32m✔ Before[39m # [90mhttp:/localhost:9877/base/node_modules/cucumber/dist/cucumber.js?d26dba2d243753ad877577bbe2ebb7a5ef1da337:66013[39m
    [32m✔ Given User has entered 30[39m # [90mhttp:/localhost:9877/base/node_modules/cucumber/dist/cucumber.js?d26dba2d243753ad877577bbe2ebb7a5ef1da337:66013[39m
    [32m✔ And User has entered 20[39m # [90mhttp:/localhost:9877/base/node_modules/cucumber/dist/cucumber.js?d26dba2d243753ad877577bbe2ebb7a5ef1da337:66013[39m
    [32m✔ When User runs MAX[39m # [90mhttp:/localhost:9877/base/node_modules/cucumber/dist/cucumber.js?d26dba2d243753ad877577bbe2ebb7a5ef1da337:66013[39m
    [31m✖ Then 30 should be on top of NumberStack[39m # [90mhttp:/localhost:9877/base/node_modules/cucumber/dist/cucumber.js?d26dba2d243753ad877577bbe2ebb7a5ef1da337:66013[39m
        [31mAssertionError[39m
            [32m+ expected[39m [31m- actual[39m

            [31m-NaN[39m
            [32m+30[39m
        [90m
            at World.<anonymous> (http://localhost:9877/base/src/test/javascript/feature/redux.steps.js:2733:68)
            at Function._callee$ (http://localhost:9877/base/node_modules/cucumber/dist/cucumber.js?d26dba2d243753ad877577bbe2ebb7a5ef1da337:66516:31)
            at tryCatch (http://localhost:9877/base/node_modules/cucumber/dist/cucumber.js?d26dba2d243753ad877577bbe2ebb7a5ef1da337:51935:40)
            at Generator.invoke [as _invoke] (http://localhost:9877/base/node_modules/cucumber/dist/cucumber.js?d26dba2d243753ad877577bbe2ebb7a5ef1da337:52161:22)
            at Generator.prototype.<computed> [as next] (http://localhost:9877/base/node_modules/cucumber/dist/cucumber.js?d26dba2d243753ad877577bbe2ebb7a5ef1da337:51987:21)
            at asyncGeneratorStep (http://localhost:9877/base/node_modules/cucumber/dist/cucumber.js?d26dba2d243753ad877577bbe2ebb7a5ef1da337:66476:103)
            at _next (http://localhost:9877/base/node_modules/cucumber/dist/cucumber.js?d26dba2d243753ad877577bbe2ebb7a5ef1da337:66478:194)
            at http://localhost:9877/base/node_modules/cucumber/dist/cucumber.js?d26dba2d243753ad877577bbe2ebb7a5ef1da337:66478:364
            at new Promise (<anonymous>)
            at Function.<anonymous> (http://localhost:9877/base/node_modules/cucumber/dist/cucumber.js?d26dba2d243753ad877577bbe2ebb7a5ef1da337:66478:97)
            at Function.run (http://localhost:9877/base/node_modules/cucumber/dist/cucumber.js?d26dba2d243753ad877577bbe2ebb7a5ef1da337:66625:21)
            at Object._callee$ (http://localhost:9877/base/node_modules/cucumber/dist/cucumber.js?d26dba2d243753ad877577bbe2ebb7a5ef1da337:65099:46)
            at tryCatch (http://localhost:9877/base/node_modules/cucumber/dist/cucumber.js?d26dba2d243753ad877577bbe2ebb7a5ef1da337:51935:40)
            at Generator.invoke [as _invoke] (http://localhost:9877/base/node_modules/cucumber/dist/cucumber.js?d26dba2d243753ad877577bbe2ebb7a5ef1da337:52161:22)
            at Generator.prototype.<computed> [as next] (http://localhost:9877/base/node_modules/cucumber/dist/cucumber.js?d26dba2d243753ad877577bbe2ebb7a5ef1da337:51987:21)
            at asyncGeneratorStep (http://localhost:9877/base/node_modules/cucumber/dist/cucumber.js?d26dba2d243753ad877577bbe2ebb7a5ef1da337:65044:103)[39m
    [36m- And NumberStack should only have 1 number[39m # [90mhttp:/localhost:9877/base/node_modules/cucumber/dist/cucumber.js?d26dba2d243753ad877577bbe2ebb7a5ef1da337:66013[39m

[93mFeature: Fouth Emulator [33m(/base/src/test/resources/javascript/feature/redux.feature)[0m
22) Scenario: Find if integer 1 or integer 2 is lesser # [90m/base/src/test/resources/javascript/feature/redux.feature:74[39m
    [32m✔ Before[39m # [90mhttp:/localhost:9877/base/node_modules/cucumber/dist/cucumber.js?d26dba2d243753ad877577bbe2ebb7a5ef1da337:66013[39m
    [32m✔ Given User has entered 100[39m # [90mhttp:/localhost:9877/base/node_modules/cucumber/dist/cucumber.js?d26dba2d243753ad877577bbe2ebb7a5ef1da337:66013[39m
    [32m✔ And User has entered 300[39m # [90mhttp:/localhost:9877/base/node_modules/cucumber/dist/cucumber.js?d26dba2d243753ad877577bbe2ebb7a5ef1da337:66013[39m
    [32m✔ When User runs MIN[39m # [90mhttp:/localhost:9877/base/node_modules/cucumber/dist/cucumber.js?d26dba2d243753ad877577bbe2ebb7a5ef1da337:66013[39m
    [31m✖ Then 100 should be on top of NumberStack[39m # [90mhttp:/localhost:9877/base/node_modules/cucumber/dist/cucumber.js?d26dba2d243753ad877577bbe2ebb7a5ef1da337:66013[39m
        [31mAssertionError[39m
            [32m+ expected[39m [31m- actual[39m

            [31m-NaN[39m
            [32m+100[39m
        [90m
            at World.<anonymous> (http://localhost:9877/base/src/test/javascript/feature/redux.steps.js:2733:68)
            at Function._callee$ (http://localhost:9877/base/node_modules/cucumber/dist/cucumber.js?d26dba2d243753ad877577bbe2ebb7a5ef1da337:66516:31)
            at tryCatch (http://localhost:9877/base/node_modules/cucumber/dist/cucumber.js?d26dba2d243753ad877577bbe2ebb7a5ef1da337:51935:40)
            at Generator.invoke [as _invoke] (http://localhost:9877/base/node_modules/cucumber/dist/cucumber.js?d26dba2d243753ad877577bbe2ebb7a5ef1da337:52161:22)
            at Generator.prototype.<computed> [as next] (http://localhost:9877/base/node_modules/cucumber/dist/cucumber.js?d26dba2d243753ad877577bbe2ebb7a5ef1da337:51987:21)
            at asyncGeneratorStep (http://localhost:9877/base/node_modules/cucumber/dist/cucumber.js?d26dba2d243753ad877577bbe2ebb7a5ef1da337:66476:103)
            at _next (http://localhost:9877/base/node_modules/cucumber/dist/cucumber.js?d26dba2d243753ad877577bbe2ebb7a5ef1da337:66478:194)
            at http://localhost:9877/base/node_modules/cucumber/dist/cucumber.js?d26dba2d243753ad877577bbe2ebb7a5ef1da337:66478:364
            at new Promise (<anonymous>)
            at Function.<anonymous> (http://localhost:9877/base/node_modules/cucumber/dist/cucumber.js?d26dba2d243753ad877577bbe2ebb7a5ef1da337:66478:97)
            at Function.run (http://localhost:9877/base/node_modules/cucumber/dist/cucumber.js?d26dba2d243753ad877577bbe2ebb7a5ef1da337:66625:21)
            at Object._callee$ (http://localhost:9877/base/node_modules/cucumber/dist/cucumber.js?d26dba2d243753ad877577bbe2ebb7a5ef1da337:65099:46)
            at tryCatch (http://localhost:9877/base/node_modules/cucumber/dist/cucumber.js?d26dba2d243753ad877577bbe2ebb7a5ef1da337:51935:40)
            at Generator.invoke [as _invoke] (http://localhost:9877/base/node_modules/cucumber/dist/cucumber.js?d26dba2d243753ad877577bbe2ebb7a5ef1da337:52161:22)
            at Generator.prototype.<computed> [as next] (http://localhost:9877/base/node_modules/cucumber/dist/cucumber.js?d26dba2d243753ad877577bbe2ebb7a5ef1da337:51987:21)
            at asyncGeneratorStep (http://localhost:9877/base/node_modules/cucumber/dist/cucumber.js?d26dba2d243753ad877577bbe2ebb7a5ef1da337:65044:103)[39m
    [36m- And NumberStack should only have 1 number[39m # [90mhttp:/localhost:9877/base/node_modules/cucumber/dist/cucumber.js?d26dba2d243753ad877577bbe2ebb7a5ef1da337:66013[39m

[93mFeature: Fouth Emulator [33m(/base/src/test/resources/javascript/feature/redux.feature)[0m
23) Scenario: Negate the top integer, leaving the changed integer # [90m/base/src/test/resources/javascript/feature/redux.feature:81[39m
    [32m✔ Before[39m # [90mhttp:/localhost:9877/base/node_modules/cucumber/dist/cucumber.js?d26dba2d243753ad877577bbe2ebb7a5ef1da337:66013[39m
    [32m✔ Given User has entered -10[39m # [90mhttp:/localhost:9877/base/node_modules/cucumber/dist/cucumber.js?d26dba2d243753ad877577bbe2ebb7a5ef1da337:66013[39m
    [32m✔ When User runs NEGATE[39m # [90mhttp:/localhost:9877/base/node_modules/cucumber/dist/cucumber.js?d26dba2d243753ad877577bbe2ebb7a5ef1da337:66013[39m
    [31m✖ Then 10 should be on top of NumberStack[39m # [90mhttp:/localhost:9877/base/node_modules/cucumber/dist/cucumber.js?d26dba2d243753ad877577bbe2ebb7a5ef1da337:66013[39m
        [31mAssertionError[39m
            [32m+ expected[39m [31m- actual[39m

            [31m-NaN[39m
            [32m+10[39m
        [90m
            at World.<anonymous> (http://localhost:9877/base/src/test/javascript/feature/redux.steps.js:2733:68)
            at Function._callee$ (http://localhost:9877/base/node_modules/cucumber/dist/cucumber.js?d26dba2d243753ad877577bbe2ebb7a5ef1da337:66516:31)
            at tryCatch (http://localhost:9877/base/node_modules/cucumber/dist/cucumber.js?d26dba2d243753ad877577bbe2ebb7a5ef1da337:51935:40)
            at Generator.invoke [as _invoke] (http://localhost:9877/base/node_modules/cucumber/dist/cucumber.js?d26dba2d243753ad877577bbe2ebb7a5ef1da337:52161:22)
            at Generator.prototype.<computed> [as next] (http://localhost:9877/base/node_modules/cucumber/dist/cucumber.js?d26dba2d243753ad877577bbe2ebb7a5ef1da337:51987:21)
            at asyncGeneratorStep (http://localhost:9877/base/node_modules/cucumber/dist/cucumber.js?d26dba2d243753ad877577bbe2ebb7a5ef1da337:66476:103)
            at _next (http://localhost:9877/base/node_modules/cucumber/dist/cucumber.js?d26dba2d243753ad877577bbe2ebb7a5ef1da337:66478:194)
            at http://localhost:9877/base/node_modules/cucumber/dist/cucumber.js?d26dba2d243753ad877577bbe2ebb7a5ef1da337:66478:364
            at new Promise (<anonymous>)
            at Function.<anonymous> (http://localhost:9877/base/node_modules/cucumber/dist/cucumber.js?d26dba2d243753ad877577bbe2ebb7a5ef1da337:66478:97)
            at Function.run (http://localhost:9877/base/node_modules/cucumber/dist/cucumber.js?d26dba2d243753ad877577bbe2ebb7a5ef1da337:66625:21)
            at Object._callee$ (http://localhost:9877/base/node_modules/cucumber/dist/cucumber.js?d26dba2d243753ad877577bbe2ebb7a5ef1da337:65099:46)
            at tryCatch (http://localhost:9877/base/node_modules/cucumber/dist/cucumber.js?d26dba2d243753ad877577bbe2ebb7a5ef1da337:51935:40)
            at Generator.invoke [as _invoke] (http://localhost:9877/base/node_modules/cucumber/dist/cucumber.js?d26dba2d243753ad877577bbe2ebb7a5ef1da337:52161:22)
            at Generator.prototype.<computed> [as next] (http://localhost:9877/base/node_modules/cucumber/dist/cucumber.js?d26dba2d243753ad877577bbe2ebb7a5ef1da337:51987:21)
            at asyncGeneratorStep (http://localhost:9877/base/node_modules/cucumber/dist/cucumber.js?d26dba2d243753ad877577bbe2ebb7a5ef1da337:65044:103)[39m
    [36m- And NumberStack should only have 1 number[39m # [90mhttp:/localhost:9877/base/node_modules/cucumber/dist/cucumber.js?d26dba2d243753ad877577bbe2ebb7a5ef1da337:66013[39m

[93mFeature: Fouth Emulator [33m(/base/src/test/resources/javascript/feature/redux.feature)[0m
24) Scenario: User prints integer 1 # [90m/base/src/test/resources/javascript/feature/redux.feature:87[39m
    [32m✔ Before[39m # [90mhttp:/localhost:9877/base/node_modules/cucumber/dist/cucumber.js?d26dba2d243753ad877577bbe2ebb7a5ef1da337:66013[39m
    [32m✔ Given User has entered 10[39m # [90mhttp:/localhost:9877/base/node_modules/cucumber/dist/cucumber.js?d26dba2d243753ad877577bbe2ebb7a5ef1da337:66013[39m
    [32m✔ When User runs .[39m # [90mhttp:/localhost:9877/base/node_modules/cucumber/dist/cucumber.js?d26dba2d243753ad877577bbe2ebb7a5ef1da337:66013[39m
    [32m✔ Then NumberStack should only have 0 numbers[39m # [90mhttp:/localhost:9877/base/node_modules/cucumber/dist/cucumber.js?d26dba2d243753ad877577bbe2ebb7a5ef1da337:66013[39m
    [31m✖ And 10 should be on top of DisplayStack[39m # [90mhttp:/localhost:9877/base/node_modules/cucumber/dist/cucumber.js?d26dba2d243753ad877577bbe2ebb7a5ef1da337:66013[39m
        [31mAssertionError: expected undefined to equal 10[39m[90m
            at World.<anonymous> (http://localhost:9877/base/src/test/javascript/feature/redux.steps.js:2733:68)
            at Function._callee$ (http://localhost:9877/base/node_modules/cucumber/dist/cucumber.js?d26dba2d243753ad877577bbe2ebb7a5ef1da337:66516:31)
            at tryCatch (http://localhost:9877/base/node_modules/cucumber/dist/cucumber.js?d26dba2d243753ad877577bbe2ebb7a5ef1da337:51935:40)
            at Generator.invoke [as _invoke] (http://localhost:9877/base/node_modules/cucumber/dist/cucumber.js?d26dba2d243753ad877577bbe2ebb7a5ef1da337:52161:22)
            at Generator.prototype.<computed> [as next] (http://localhost:9877/base/node_modules/cucumber/dist/cucumber.js?d26dba2d243753ad877577bbe2ebb7a5ef1da337:51987:21)
            at asyncGeneratorStep (http://localhost:9877/base/node_modules/cucumber/dist/cucumber.js?d26dba2d243753ad877577bbe2ebb7a5ef1da337:66476:103)
            at _next (http://localhost:9877/base/node_modules/cucumber/dist/cucumber.js?d26dba2d243753ad877577bbe2ebb7a5ef1da337:66478:194)
            at http://localhost:9877/base/node_modules/cucumber/dist/cucumber.js?d26dba2d243753ad877577bbe2ebb7a5ef1da337:66478:364
            at new Promise (<anonymous>)
            at Function.<anonymous> (http://localhost:9877/base/node_modules/cucumber/dist/cucumber.js?d26dba2d243753ad877577bbe2ebb7a5ef1da337:66478:97)
            at Function.run (http://localhost:9877/base/node_modules/cucumber/dist/cucumber.js?d26dba2d243753ad877577bbe2ebb7a5ef1da337:66625:21)
            at Object._callee$ (http://localhost:9877/base/node_modules/cucumber/dist/cucumber.js?d26dba2d243753ad877577bbe2ebb7a5ef1da337:65099:46)
            at tryCatch (http://localhost:9877/base/node_modules/cucumber/dist/cucumber.js?d26dba2d243753ad877577bbe2ebb7a5ef1da337:51935:40)
            at Generator.invoke [as _invoke] (http://localhost:9877/base/node_modules/cucumber/dist/cucumber.js?d26dba2d243753ad877577bbe2ebb7a5ef1da337:52161:22)
            at Generator.prototype.<computed> [as next] (http://localhost:9877/base/node_modules/cucumber/dist/cucumber.js?d26dba2d243753ad877577bbe2ebb7a5ef1da337:51987:21)
            at asyncGeneratorStep (http://localhost:9877/base/node_modules/cucumber/dist/cucumber.js?d26dba2d243753ad877577bbe2ebb7a5ef1da337:65044:103)[39m
    [36m- And DisplayStack should only have 1 value[39m # [90mhttp:/localhost:9877/base/node_modules/cucumber/dist/cucumber.js?d26dba2d243753ad877577bbe2ebb7a5ef1da337:66013[39m

[93mFeature: Fouth Emulator [33m(/base/src/test/resources/javascript/feature/redux.feature)[0m
25) Scenario: User prints NumberStack # [90m/base/src/test/resources/javascript/feature/redux.feature:94[39m
    [32m✔ Before[39m # [90mhttp:/localhost:9877/base/node_modules/cucumber/dist/cucumber.js?d26dba2d243753ad877577bbe2ebb7a5ef1da337:66013[39m
    [32m✔ Given User has entered 38[39m # [90mhttp:/localhost:9877/base/node_modules/cucumber/dist/cucumber.js?d26dba2d243753ad877577bbe2ebb7a5ef1da337:66013[39m
    [32m✔ And User has entered 46[39m # [90mhttp:/localhost:9877/base/node_modules/cucumber/dist/cucumber.js?d26dba2d243753ad877577bbe2ebb7a5ef1da337:66013[39m
    [32m✔ When User runs .S[39m # [90mhttp:/localhost:9877/base/node_modules/cucumber/dist/cucumber.js?d26dba2d243753ad877577bbe2ebb7a5ef1da337:66013[39m
    [31m✖ Then NumberStack should only have 2 numbers[39m # [90mhttp:/localhost:9877/base/node_modules/cucumber/dist/cucumber.js?d26dba2d243753ad877577bbe2ebb7a5ef1da337:66013[39m
        [31mAssertionError[39m
            [32m+ expected[39m [31m- actual[39m

            [31m-0[39m
            [32m+2[39m
        [90m
            at World.<anonymous> (http://localhost:9877/base/src/test/javascript/feature/redux.steps.js:2737:67)
            at Function._callee$ (http://localhost:9877/base/node_modules/cucumber/dist/cucumber.js?d26dba2d243753ad877577bbe2ebb7a5ef1da337:66516:31)
            at tryCatch (http://localhost:9877/base/node_modules/cucumber/dist/cucumber.js?d26dba2d243753ad877577bbe2ebb7a5ef1da337:51935:40)
            at Generator.invoke [as _invoke] (http://localhost:9877/base/node_modules/cucumber/dist/cucumber.js?d26dba2d243753ad877577bbe2ebb7a5ef1da337:52161:22)
            at Generator.prototype.<computed> [as next] (http://localhost:9877/base/node_modules/cucumber/dist/cucumber.js?d26dba2d243753ad877577bbe2ebb7a5ef1da337:51987:21)
            at asyncGeneratorStep (http://localhost:9877/base/node_modules/cucumber/dist/cucumber.js?d26dba2d243753ad877577bbe2ebb7a5ef1da337:66476:103)
            at _next (http://localhost:9877/base/node_modules/cucumber/dist/cucumber.js?d26dba2d243753ad877577bbe2ebb7a5ef1da337:66478:194)
            at http://localhost:9877/base/node_modules/cucumber/dist/cucumber.js?d26dba2d243753ad877577bbe2ebb7a5ef1da337:66478:364
            at new Promise (<anonymous>)
            at Function.<anonymous> (http://localhost:9877/base/node_modules/cucumber/dist/cucumber.js?d26dba2d243753ad877577bbe2ebb7a5ef1da337:66478:97)
            at Function.run (http://localhost:9877/base/node_modules/cucumber/dist/cucumber.js?d26dba2d243753ad877577bbe2ebb7a5ef1da337:66625:21)
            at Object._callee$ (http://localhost:9877/base/node_modules/cucumber/dist/cucumber.js?d26dba2d243753ad877577bbe2ebb7a5ef1da337:65099:46)
            at tryCatch (http://localhost:9877/base/node_modules/cucumber/dist/cucumber.js?d26dba2d243753ad877577bbe2ebb7a5ef1da337:51935:40)
            at Generator.invoke [as _invoke] (http://localhost:9877/base/node_modules/cucumber/dist/cucumber.js?d26dba2d243753ad877577bbe2ebb7a5ef1da337:52161:22)
            at Generator.prototype.<computed> [as next] (http://localhost:9877/base/node_modules/cucumber/dist/cucumber.js?d26dba2d243753ad877577bbe2ebb7a5ef1da337:51987:21)
            at asyncGeneratorStep (http://localhost:9877/base/node_modules/cucumber/dist/cucumber.js?d26dba2d243753ad877577bbe2ebb7a5ef1da337:65044:103)[39m
    [36m- And DisplayStack should only have 2 values[39m # [90mhttp:/localhost:9877/base/node_modules/cucumber/dist/cucumber.js?d26dba2d243753ad877577bbe2ebb7a5ef1da337:66013[39m
    [36m- And DisplayStack should equal NumberStack[39m # [90mhttp:/localhost:9877/base/node_modules/cucumber/dist/cucumber.js?d26dba2d243753ad877577bbe2ebb7a5ef1da337:66013[39m

[93mFeature: Fouth Emulator [33m(/base/src/test/resources/javascript/feature/redux.feature)[0m
26) Scenario: User wishes to duplicate the top number on the NumberStack # [90m/base/src/test/resources/javascript/feature/redux.feature:102[39m
    [32m✔ Before[39m # [90mhttp:/localhost:9877/base/node_modules/cucumber/dist/cucumber.js?d26dba2d243753ad877577bbe2ebb7a5ef1da337:66013[39m
    [32m✔ Given User has entered 91[39m # [90mhttp:/localhost:9877/base/node_modules/cucumber/dist/cucumber.js?d26dba2d243753ad877577bbe2ebb7a5ef1da337:66013[39m
    [32m✔ And User has entered 60[39m # [90mhttp:/localhost:9877/base/node_modules/cucumber/dist/cucumber.js?d26dba2d243753ad877577bbe2ebb7a5ef1da337:66013[39m
    [32m✔ When User runs DUP[39m # [90mhttp:/localhost:9877/base/node_modules/cucumber/dist/cucumber.js?d26dba2d243753ad877577bbe2ebb7a5ef1da337:66013[39m
    [31m✖ Then NumberStack should only have 3 numbers[39m # [90mhttp:/localhost:9877/base/node_modules/cucumber/dist/cucumber.js?d26dba2d243753ad877577bbe2ebb7a5ef1da337:66013[39m
        [31mAssertionError[39m
            [32m+ expected[39m [31m- actual[39m

            [31m-1[39m
            [32m+3[39m
        [90m
            at World.<anonymous> (http://localhost:9877/base/src/test/javascript/feature/redux.steps.js:2737:67)
            at Function._callee$ (http://localhost:9877/base/node_modules/cucumber/dist/cucumber.js?d26dba2d243753ad877577bbe2ebb7a5ef1da337:66516:31)
            at tryCatch (http://localhost:9877/base/node_modules/cucumber/dist/cucumber.js?d26dba2d243753ad877577bbe2ebb7a5ef1da337:51935:40)
            at Generator.invoke [as _invoke] (http://localhost:9877/base/node_modules/cucumber/dist/cucumber.js?d26dba2d243753ad877577bbe2ebb7a5ef1da337:52161:22)
            at Generator.prototype.<computed> [as next] (http://localhost:9877/base/node_modules/cucumber/dist/cucumber.js?d26dba2d243753ad877577bbe2ebb7a5ef1da337:51987:21)
            at asyncGeneratorStep (http://localhost:9877/base/node_modules/cucumber/dist/cucumber.js?d26dba2d243753ad877577bbe2ebb7a5ef1da337:66476:103)
            at _next (http://localhost:9877/base/node_modules/cucumber/dist/cucumber.js?d26dba2d243753ad877577bbe2ebb7a5ef1da337:66478:194)
            at http://localhost:9877/base/node_modules/cucumber/dist/cucumber.js?d26dba2d243753ad877577bbe2ebb7a5ef1da337:66478:364
            at new Promise (<anonymous>)
            at Function.<anonymous> (http://localhost:9877/base/node_modules/cucumber/dist/cucumber.js?d26dba2d243753ad877577bbe2ebb7a5ef1da337:66478:97)
            at Function.run (http://localhost:9877/base/node_modules/cucumber/dist/cucumber.js?d26dba2d243753ad877577bbe2ebb7a5ef1da337:66625:21)
            at Object._callee$ (http://localhost:9877/base/node_modules/cucumber/dist/cucumber.js?d26dba2d243753ad877577bbe2ebb7a5ef1da337:65099:46)
            at tryCatch (http://localhost:9877/base/node_modules/cucumber/dist/cucumber.js?d26dba2d243753ad877577bbe2ebb7a5ef1da337:51935:40)
            at Generator.invoke [as _invoke] (http://localhost:9877/base/node_modules/cucumber/dist/cucumber.js?d26dba2d243753ad877577bbe2ebb7a5ef1da337:52161:22)
            at Generator.prototype.<computed> [as next] (http://localhost:9877/base/node_modules/cucumber/dist/cucumber.js?d26dba2d243753ad877577bbe2ebb7a5ef1da337:51987:21)
            at asyncGeneratorStep (http://localhost:9877/base/node_modules/cucumber/dist/cucumber.js?d26dba2d243753ad877577bbe2ebb7a5ef1da337:65044:103)[39m
    [36m- And 60 should be on top of NumberStack[39m # [90mhttp:/localhost:9877/base/node_modules/cucumber/dist/cucumber.js?d26dba2d243753ad877577bbe2ebb7a5ef1da337:66013[39m

[93mFeature: Fouth Emulator [33m(/base/src/test/resources/javascript/feature/redux.feature)[0m
27) Scenario: User wishes to delete the top item on the NumberStack # [90m/base/src/test/resources/javascript/feature/redux.feature:109[39m
    [32m✔ Before[39m # [90mhttp:/localhost:9877/base/node_modules/cucumber/dist/cucumber.js?d26dba2d243753ad877577bbe2ebb7a5ef1da337:66013[39m
    [32m✔ Given User has entered 37[39m # [90mhttp:/localhost:9877/base/node_modules/cucumber/dist/cucumber.js?d26dba2d243753ad877577bbe2ebb7a5ef1da337:66013[39m
    [32m✔ And User has entered 110[39m # [90mhttp:/localhost:9877/base/node_modules/cucumber/dist/cucumber.js?d26dba2d243753ad877577bbe2ebb7a5ef1da337:66013[39m
    [32m✔ And User has entered 16[39m # [90mhttp:/localhost:9877/base/node_modules/cucumber/dist/cucumber.js?d26dba2d243753ad877577bbe2ebb7a5ef1da337:66013[39m
    [32m✔ When user runs DROP[39m # [90mhttp:/localhost:9877/base/node_modules/cucumber/dist/cucumber.js?d26dba2d243753ad877577bbe2ebb7a5ef1da337:66013[39m
    [31m✖ Then NumberStack should only have 2 numbers[39m # [90mhttp:/localhost:9877/base/node_modules/cucumber/dist/cucumber.js?d26dba2d243753ad877577bbe2ebb7a5ef1da337:66013[39m
        [31mAssertionError[39m
            [32m+ expected[39m [31m- actual[39m

            [31m-0[39m
            [32m+2[39m
        [90m
            at World.<anonymous> (http://localhost:9877/base/src/test/javascript/feature/redux.steps.js:2737:67)
            at Function._callee$ (http://localhost:9877/base/node_modules/cucumber/dist/cucumber.js?d26dba2d243753ad877577bbe2ebb7a5ef1da337:66516:31)
            at tryCatch (http://localhost:9877/base/node_modules/cucumber/dist/cucumber.js?d26dba2d243753ad877577bbe2ebb7a5ef1da337:51935:40)
            at Generator.invoke [as _invoke] (http://localhost:9877/base/node_modules/cucumber/dist/cucumber.js?d26dba2d243753ad877577bbe2ebb7a5ef1da337:52161:22)
            at Generator.prototype.<computed> [as next] (http://localhost:9877/base/node_modules/cucumber/dist/cucumber.js?d26dba2d243753ad877577bbe2ebb7a5ef1da337:51987:21)
            at asyncGeneratorStep (http://localhost:9877/base/node_modules/cucumber/dist/cucumber.js?d26dba2d243753ad877577bbe2ebb7a5ef1da337:66476:103)
            at _next (http://localhost:9877/base/node_modules/cucumber/dist/cucumber.js?d26dba2d243753ad877577bbe2ebb7a5ef1da337:66478:194)
            at http://localhost:9877/base/node_modules/cucumber/dist/cucumber.js?d26dba2d243753ad877577bbe2ebb7a5ef1da337:66478:364
            at new Promise (<anonymous>)
            at Function.<anonymous> (http://localhost:9877/base/node_modules/cucumber/dist/cucumber.js?d26dba2d243753ad877577bbe2ebb7a5ef1da337:66478:97)
            at Function.run (http://localhost:9877/base/node_modules/cucumber/dist/cucumber.js?d26dba2d243753ad877577bbe2ebb7a5ef1da337:66625:21)
            at Object._callee$ (http://localhost:9877/base/node_modules/cucumber/dist/cucumber.js?d26dba2d243753ad877577bbe2ebb7a5ef1da337:65099:46)
            at tryCatch (http://localhost:9877/base/node_modules/cucumber/dist/cucumber.js?d26dba2d243753ad877577bbe2ebb7a5ef1da337:51935:40)
            at Generator.invoke [as _invoke] (http://localhost:9877/base/node_modules/cucumber/dist/cucumber.js?d26dba2d243753ad877577bbe2ebb7a5ef1da337:52161:22)
            at Generator.prototype.<computed> [as next] (http://localhost:9877/base/node_modules/cucumber/dist/cucumber.js?d26dba2d243753ad877577bbe2ebb7a5ef1da337:51987:21)
            at asyncGeneratorStep (http://localhost:9877/base/node_modules/cucumber/dist/cucumber.js?d26dba2d243753ad877577bbe2ebb7a5ef1da337:65044:103)[39m
    [36m- And 110 should be on top of NumberStack[39m # [90mhttp:/localhost:9877/base/node_modules/cucumber/dist/cucumber.js?d26dba2d243753ad877577bbe2ebb7a5ef1da337:66013[39m

[93mFeature: Fouth Emulator [33m(/base/src/test/resources/javascript/feature/redux.feature)[0m
28) Scenario: User exchanges the top two numbers on the stack # [90m/base/src/test/resources/javascript/feature/redux.feature:117[39m
    [32m✔ Before[39m # [90mhttp:/localhost:9877/base/node_modules/cucumber/dist/cucumber.js?d26dba2d243753ad877577bbe2ebb7a5ef1da337:66013[39m
    [32m✔ Given User has entered 1[39m # [90mhttp:/localhost:9877/base/node_modules/cucumber/dist/cucumber.js?d26dba2d243753ad877577bbe2ebb7a5ef1da337:66013[39m
    [32m✔ And User has entered 2[39m # [90mhttp:/localhost:9877/base/node_modules/cucumber/dist/cucumber.js?d26dba2d243753ad877577bbe2ebb7a5ef1da337:66013[39m
    [32m✔ And User has entered 3[39m # [90mhttp:/localhost:9877/base/node_modules/cucumber/dist/cucumber.js?d26dba2d243753ad877577bbe2ebb7a5ef1da337:66013[39m
    [32m✔ When User runs SWAP[39m # [90mhttp:/localhost:9877/base/node_modules/cucumber/dist/cucumber.js?d26dba2d243753ad877577bbe2ebb7a5ef1da337:66013[39m
    [31m✖ Then 2 should be on top of NumberStack[39m # [90mhttp:/localhost:9877/base/node_modules/cucumber/dist/cucumber.js?d26dba2d243753ad877577bbe2ebb7a5ef1da337:66013[39m
        [31mAssertionError: expected undefined to equal 2[39m[90m
            at World.<anonymous> (http://localhost:9877/base/src/test/javascript/feature/redux.steps.js:2733:68)
            at Function._callee$ (http://localhost:9877/base/node_modules/cucumber/dist/cucumber.js?d26dba2d243753ad877577bbe2ebb7a5ef1da337:66516:31)
            at tryCatch (http://localhost:9877/base/node_modules/cucumber/dist/cucumber.js?d26dba2d243753ad877577bbe2ebb7a5ef1da337:51935:40)
            at Generator.invoke [as _invoke] (http://localhost:9877/base/node_modules/cucumber/dist/cucumber.js?d26dba2d243753ad877577bbe2ebb7a5ef1da337:52161:22)
            at Generator.prototype.<computed> [as next] (http://localhost:9877/base/node_modules/cucumber/dist/cucumber.js?d26dba2d243753ad877577bbe2ebb7a5ef1da337:51987:21)
            at asyncGeneratorStep (http://localhost:9877/base/node_modules/cucumber/dist/cucumber.js?d26dba2d243753ad877577bbe2ebb7a5ef1da337:66476:103)
            at _next (http://localhost:9877/base/node_modules/cucumber/dist/cucumber.js?d26dba2d243753ad877577bbe2ebb7a5ef1da337:66478:194)
            at http://localhost:9877/base/node_modules/cucumber/dist/cucumber.js?d26dba2d243753ad877577bbe2ebb7a5ef1da337:66478:364
            at new Promise (<anonymous>)
            at Function.<anonymous> (http://localhost:9877/base/node_modules/cucumber/dist/cucumber.js?d26dba2d243753ad877577bbe2ebb7a5ef1da337:66478:97)
            at Function.run (http://localhost:9877/base/node_modules/cucumber/dist/cucumber.js?d26dba2d243753ad877577bbe2ebb7a5ef1da337:66625:21)
            at Object._callee$ (http://localhost:9877/base/node_modules/cucumber/dist/cucumber.js?d26dba2d243753ad877577bbe2ebb7a5ef1da337:65099:46)
            at tryCatch (http://localhost:9877/base/node_modules/cucumber/dist/cucumber.js?d26dba2d243753ad877577bbe2ebb7a5ef1da337:51935:40)
            at Generator.invoke [as _invoke] (http://localhost:9877/base/node_modules/cucumber/dist/cucumber.js?d26dba2d243753ad877577bbe2ebb7a5ef1da337:52161:22)
            at Generator.prototype.<computed> [as next] (http://localhost:9877/base/node_modules/cucumber/dist/cucumber.js?d26dba2d243753ad877577bbe2ebb7a5ef1da337:51987:21)
            at asyncGeneratorStep (http://localhost:9877/base/node_modules/cucumber/dist/cucumber.js?d26dba2d243753ad877577bbe2ebb7a5ef1da337:65044:103)[39m
    [36m- And 3 should be under 2[39m # [90mhttp:/localhost:9877/base/node_modules/cucumber/dist/cucumber.js?d26dba2d243753ad877577bbe2ebb7a5ef1da337:66013[39m
    [36m- And NumberStack should only have 3 numbers[39m # [90mhttp:/localhost:9877/base/node_modules/cucumber/dist/cucumber.js?d26dba2d243753ad877577bbe2ebb7a5ef1da337:66013[39m

[93mFeature: Fouth Emulator [33m(/base/src/test/resources/javascript/feature/redux.feature)[0m
29) Scenario: User copies the second number to the top of the stack # [90m/base/src/test/resources/javascript/feature/redux.feature:126[39m
    [32m✔ Before[39m # [90mhttp:/localhost:9877/base/node_modules/cucumber/dist/cucumber.js?d26dba2d243753ad877577bbe2ebb7a5ef1da337:66013[39m
    [32m✔ Given User has entered 4[39m # [90mhttp:/localhost:9877/base/node_modules/cucumber/dist/cucumber.js?d26dba2d243753ad877577bbe2ebb7a5ef1da337:66013[39m
    [32m✔ And User has entered 5[39m # [90mhttp:/localhost:9877/base/node_modules/cucumber/dist/cucumber.js?d26dba2d243753ad877577bbe2ebb7a5ef1da337:66013[39m
    [32m✔ And User has entered 6[39m # [90mhttp:/localhost:9877/base/node_modules/cucumber/dist/cucumber.js?d26dba2d243753ad877577bbe2ebb7a5ef1da337:66013[39m
    [32m✔ When user runs OVER[39m # [90mhttp:/localhost:9877/base/node_modules/cucumber/dist/cucumber.js?d26dba2d243753ad877577bbe2ebb7a5ef1da337:66013[39m
    [31m✖ Then 5 should be on top of NumberStack[39m # [90mhttp:/localhost:9877/base/node_modules/cucumber/dist/cucumber.js?d26dba2d243753ad877577bbe2ebb7a5ef1da337:66013[39m
        [31mAssertionError: expected undefined to equal 5[39m[90m
            at World.<anonymous> (http://localhost:9877/base/src/test/javascript/feature/redux.steps.js:2733:68)
            at Function._callee$ (http://localhost:9877/base/node_modules/cucumber/dist/cucumber.js?d26dba2d243753ad877577bbe2ebb7a5ef1da337:66516:31)
            at tryCatch (http://localhost:9877/base/node_modules/cucumber/dist/cucumber.js?d26dba2d243753ad877577bbe2ebb7a5ef1da337:51935:40)
            at Generator.invoke [as _invoke] (http://localhost:9877/base/node_modules/cucumber/dist/cucumber.js?d26dba2d243753ad877577bbe2ebb7a5ef1da337:52161:22)
            at Generator.prototype.<computed> [as next] (http://localhost:9877/base/node_modules/cucumber/dist/cucumber.js?d26dba2d243753ad877577bbe2ebb7a5ef1da337:51987:21)
            at asyncGeneratorStep (http://localhost:9877/base/node_modules/cucumber/dist/cucumber.js?d26dba2d243753ad877577bbe2ebb7a5ef1da337:66476:103)
            at _next (http://localhost:9877/base/node_modules/cucumber/dist/cucumber.js?d26dba2d243753ad877577bbe2ebb7a5ef1da337:66478:194)
            at http://localhost:9877/base/node_modules/cucumber/dist/cucumber.js?d26dba2d243753ad877577bbe2ebb7a5ef1da337:66478:364
            at new Promise (<anonymous>)
            at Function.<anonymous> (http://localhost:9877/base/node_modules/cucumber/dist/cucumber.js?d26dba2d243753ad877577bbe2ebb7a5ef1da337:66478:97)
            at Function.run (http://localhost:9877/base/node_modules/cucumber/dist/cucumber.js?d26dba2d243753ad877577bbe2ebb7a5ef1da337:66625:21)
            at Object._callee$ (http://localhost:9877/base/node_modules/cucumber/dist/cucumber.js?d26dba2d243753ad877577bbe2ebb7a5ef1da337:65099:46)
            at tryCatch (http://localhost:9877/base/node_modules/cucumber/dist/cucumber.js?d26dba2d243753ad877577bbe2ebb7a5ef1da337:51935:40)
            at Generator.invoke [as _invoke] (http://localhost:9877/base/node_modules/cucumber/dist/cucumber.js?d26dba2d243753ad877577bbe2ebb7a5ef1da337:52161:22)
            at Generator.prototype.<computed> [as next] (http://localhost:9877/base/node_modules/cucumber/dist/cucumber.js?d26dba2d243753ad877577bbe2ebb7a5ef1da337:51987:21)
            at asyncGeneratorStep (http://localhost:9877/base/node_modules/cucumber/dist/cucumber.js?d26dba2d243753ad877577bbe2ebb7a5ef1da337:65044:103)[39m
    [36m- And 6 should be under 5[39m # [90mhttp:/localhost:9877/base/node_modules/cucumber/dist/cucumber.js?d26dba2d243753ad877577bbe2ebb7a5ef1da337:66013[39m
    [36m- And NumberStack should only have 4 numbers[39m # [90mhttp:/localhost:9877/base/node_modules/cucumber/dist/cucumber.js?d26dba2d243753ad877577bbe2ebb7a5ef1da337:66013[39m

[93mFeature: Fouth Emulator [33m(/base/src/test/resources/javascript/feature/redux.feature)[0m
30) Scenario: User wants to move 3 number number to the top of the stack # [90m/base/src/test/resources/javascript/feature/redux.feature:135[39m
    [32m✔ Before[39m # [90mhttp:/localhost:9877/base/node_modules/cucumber/dist/cucumber.js?d26dba2d243753ad877577bbe2ebb7a5ef1da337:66013[39m
    [32m✔ Given User has entered 1[39m # [90mhttp:/localhost:9877/base/node_modules/cucumber/dist/cucumber.js?d26dba2d243753ad877577bbe2ebb7a5ef1da337:66013[39m
    [32m✔ And User has entered 2[39m # [90mhttp:/localhost:9877/base/node_modules/cucumber/dist/cucumber.js?d26dba2d243753ad877577bbe2ebb7a5ef1da337:66013[39m
    [32m✔ And User has entered 3[39m # [90mhttp:/localhost:9877/base/node_modules/cucumber/dist/cucumber.js?d26dba2d243753ad877577bbe2ebb7a5ef1da337:66013[39m
    [32m✔ And User has entered 4[39m # [90mhttp:/localhost:9877/base/node_modules/cucumber/dist/cucumber.js?d26dba2d243753ad877577bbe2ebb7a5ef1da337:66013[39m
    [32m✔ When User runs ROT[39m # [90mhttp:/localhost:9877/base/node_modules/cucumber/dist/cucumber.js?d26dba2d243753ad877577bbe2ebb7a5ef1da337:66013[39m
    [31m✖ Then NumberStack should only have 4 numbers[39m # [90mhttp:/localhost:9877/base/node_modules/cucumber/dist/cucumber.js?d26dba2d243753ad877577bbe2ebb7a5ef1da337:66013[39m
        [31mAssertionError[39m
            [32m+ expected[39m [31m- actual[39m

            [31m-1[39m
            [32m+4[39m
        [90m
            at World.<anonymous> (http://localhost:9877/base/src/test/javascript/feature/redux.steps.js:2737:67)
            at Function._callee$ (http://localhost:9877/base/node_modules/cucumber/dist/cucumber.js?d26dba2d243753ad877577bbe2ebb7a5ef1da337:66516:31)
            at tryCatch (http://localhost:9877/base/node_modules/cucumber/dist/cucumber.js?d26dba2d243753ad877577bbe2ebb7a5ef1da337:51935:40)
            at Generator.invoke [as _invoke] (http://localhost:9877/base/node_modules/cucumber/dist/cucumber.js?d26dba2d243753ad877577bbe2ebb7a5ef1da337:52161:22)
            at Generator.prototype.<computed> [as next] (http://localhost:9877/base/node_modules/cucumber/dist/cucumber.js?d26dba2d243753ad877577bbe2ebb7a5ef1da337:51987:21)
            at asyncGeneratorStep (http://localhost:9877/base/node_modules/cucumber/dist/cucumber.js?d26dba2d243753ad877577bbe2ebb7a5ef1da337:66476:103)
            at _next (http://localhost:9877/base/node_modules/cucumber/dist/cucumber.js?d26dba2d243753ad877577bbe2ebb7a5ef1da337:66478:194)
            at http://localhost:9877/base/node_modules/cucumber/dist/cucumber.js?d26dba2d243753ad877577bbe2ebb7a5ef1da337:66478:364
            at new Promise (<anonymous>)
            at Function.<anonymous> (http://localhost:9877/base/node_modules/cucumber/dist/cucumber.js?d26dba2d243753ad877577bbe2ebb7a5ef1da337:66478:97)
            at Function.run (http://localhost:9877/base/node_modules/cucumber/dist/cucumber.js?d26dba2d243753ad877577bbe2ebb7a5ef1da337:66625:21)
            at Object._callee$ (http://localhost:9877/base/node_modules/cucumber/dist/cucumber.js?d26dba2d243753ad877577bbe2ebb7a5ef1da337:65099:46)
            at tryCatch (http://localhost:9877/base/node_modules/cucumber/dist/cucumber.js?d26dba2d243753ad877577bbe2ebb7a5ef1da337:51935:40)
            at Generator.invoke [as _invoke] (http://localhost:9877/base/node_modules/cucumber/dist/cucumber.js?d26dba2d243753ad877577bbe2ebb7a5ef1da337:52161:22)
            at Generator.prototype.<computed> [as next] (http://localhost:9877/base/node_modules/cucumber/dist/cucumber.js?d26dba2d243753ad877577bbe2ebb7a5ef1da337:51987:21)
            at asyncGeneratorStep (http://localhost:9877/base/node_modules/cucumber/dist/cucumber.js?d26dba2d243753ad877577bbe2ebb7a5ef1da337:65044:103)[39m
    [36m- And 2 should be on top of NumberStack[39m # [90mhttp:/localhost:9877/base/node_modules/cucumber/dist/cucumber.js?d26dba2d243753ad877577bbe2ebb7a5ef1da337:66013[39m
    [36m- And 4 should be under 2[39m # [90mhttp:/localhost:9877/base/node_modules/cucumber/dist/cucumber.js?d26dba2d243753ad877577bbe2ebb7a5ef1da337:66013[39m
    [36m- And 3 should be 3 positions from the top of NumberStack[39m # [90mhttp:/localhost:9877/base/node_modules/cucumber/dist/cucumber.js?d26dba2d243753ad877577bbe2ebb7a5ef1da337:66013[39m

[93mFeature: Fouth Emulator [33m(/base/src/test/resources/javascript/feature/redux.feature)[0m
31) Scenario: User wants to use the top number to determine which number to copy to the top of the stack, not counting n itself. (i.e. the sequence 2 PICK is equivlent to OVER). # [90m/base/src/test/resources/javascript/feature/redux.feature:146[39m
    [32m✔ Before[39m # [90mhttp:/localhost:9877/base/node_modules/cucumber/dist/cucumber.js?d26dba2d243753ad877577bbe2ebb7a5ef1da337:66013[39m
    [32m✔ Given User has entered 4[39m # [90mhttp:/localhost:9877/base/node_modules/cucumber/dist/cucumber.js?d26dba2d243753ad877577bbe2ebb7a5ef1da337:66013[39m
    [32m✔ And User has entered 5[39m # [90mhttp:/localhost:9877/base/node_modules/cucumber/dist/cucumber.js?d26dba2d243753ad877577bbe2ebb7a5ef1da337:66013[39m
    [32m✔ And User has entered 6[39m # [90mhttp:/localhost:9877/base/node_modules/cucumber/dist/cucumber.js?d26dba2d243753ad877577bbe2ebb7a5ef1da337:66013[39m
    [32m✔ And User has entered 7[39m # [90mhttp:/localhost:9877/base/node_modules/cucumber/dist/cucumber.js?d26dba2d243753ad877577bbe2ebb7a5ef1da337:66013[39m
    [32m✔ And User has entered 2[39m # [90mhttp:/localhost:9877/base/node_modules/cucumber/dist/cucumber.js?d26dba2d243753ad877577bbe2ebb7a5ef1da337:66013[39m
    [32m✔ When User runs PICK[39m # [90mhttp:/localhost:9877/base/node_modules/cucumber/dist/cucumber.js?d26dba2d243753ad877577bbe2ebb7a5ef1da337:66013[39m
    [31m✖ Then NumberStack should only have 6 numbers[39m # [90mhttp:/localhost:9877/base/node_modules/cucumber/dist/cucumber.js?d26dba2d243753ad877577bbe2ebb7a5ef1da337:66013[39m
        [31mAssertionError[39m
            [32m+ expected[39m [31m- actual[39m

            [31m-1[39m
            [32m+6[39m
        [90m
            at World.<anonymous> (http://localhost:9877/base/src/test/javascript/feature/redux.steps.js:2737:67)
            at Function._callee$ (http://localhost:9877/base/node_modules/cucumber/dist/cucumber.js?d26dba2d243753ad877577bbe2ebb7a5ef1da337:66516:31)
            at tryCatch (http://localhost:9877/base/node_modules/cucumber/dist/cucumber.js?d26dba2d243753ad877577bbe2ebb7a5ef1da337:51935:40)
            at Generator.invoke [as _invoke] (http://localhost:9877/base/node_modules/cucumber/dist/cucumber.js?d26dba2d243753ad877577bbe2ebb7a5ef1da337:52161:22)
            at Generator.prototype.<computed> [as next] (http://localhost:9877/base/node_modules/cucumber/dist/cucumber.js?d26dba2d243753ad877577bbe2ebb7a5ef1da337:51987:21)
            at asyncGeneratorStep (http://localhost:9877/base/node_modules/cucumber/dist/cucumber.js?d26dba2d243753ad877577bbe2ebb7a5ef1da337:66476:103)
            at _next (http://localhost:9877/base/node_modules/cucumber/dist/cucumber.js?d26dba2d243753ad877577bbe2ebb7a5ef1da337:66478:194)
            at http://localhost:9877/base/node_modules/cucumber/dist/cucumber.js?d26dba2d243753ad877577bbe2ebb7a5ef1da337:66478:364
            at new Promise (<anonymous>)
            at Function.<anonymous> (http://localhost:9877/base/node_modules/cucumber/dist/cucumber.js?d26dba2d243753ad877577bbe2ebb7a5ef1da337:66478:97)
            at Function.run (http://localhost:9877/base/node_modules/cucumber/dist/cucumber.js?d26dba2d243753ad877577bbe2ebb7a5ef1da337:66625:21)
            at Object._callee$ (http://localhost:9877/base/node_modules/cucumber/dist/cucumber.js?d26dba2d243753ad877577bbe2ebb7a5ef1da337:65099:46)
            at tryCatch (http://localhost:9877/base/node_modules/cucumber/dist/cucumber.js?d26dba2d243753ad877577bbe2ebb7a5ef1da337:51935:40)
            at Generator.invoke [as _invoke] (http://localhost:9877/base/node_modules/cucumber/dist/cucumber.js?d26dba2d243753ad877577bbe2ebb7a5ef1da337:52161:22)
            at Generator.prototype.<computed> [as next] (http://localhost:9877/base/node_modules/cucumber/dist/cucumber.js?d26dba2d243753ad877577bbe2ebb7a5ef1da337:51987:21)
            at asyncGeneratorStep (http://localhost:9877/base/node_modules/cucumber/dist/cucumber.js?d26dba2d243753ad877577bbe2ebb7a5ef1da337:65044:103)[39m
    [36m- And 6 should be on top of NumberStack[39m # [90mhttp:/localhost:9877/base/node_modules/cucumber/dist/cucumber.js?d26dba2d243753ad877577bbe2ebb7a5ef1da337:66013[39m
    [36m- And 2 should be under 6[39m # [90mhttp:/localhost:9877/base/node_modules/cucumber/dist/cucumber.js?d26dba2d243753ad877577bbe2ebb7a5ef1da337:66013[39m
    [36m- And 6 should be 4 positions from the top of NumberStack[39m # [90mhttp:/localhost:9877/base/node_modules/cucumber/dist/cucumber.js?d26dba2d243753ad877577bbe2ebb7a5ef1da337:66013[39m

[93mFeature: Fouth Emulator [33m(/base/src/test/resources/javascript/feature/redux.feature)[0m
38 scenarios ([31m31 failed[39m, [32m7 passed[39m)
198 steps ([31m31 failed[39m, [36m39 skipped[39m, [32m128 passed[39m)
0m00.168s'[39m


[1A[2KHeadlessChrome 75.0.3770 (Linux 0.0.0): Executed 0 of 236[32m SUCCESS[39m (0 secs / 0 secs)
[1A[2KHeadlessChrome 75.0.3770 (Linux 0.0.0): Executed 1 of 236[32m SUCCESS[39m (0 secs / 0.011 secs)
[1A[2KHeadlessChrome 75.0.3770 (Linux 0.0.0): Executed 2 of 236[32m SUCCESS[39m (0 secs / 0.013 secs)
[1A[2KHeadlessChrome 75.0.3770 (Linux 0.0.0): Executed 3 of 236[32m SUCCESS[39m (0 secs / 0.014 secs)
[1A[2KHeadlessChrome 75.0.3770 (Linux 0.0.0): Executed 4 of 236[32m SUCCESS[39m (0 secs / 0.016 secs)
[1A[2K[31mHeadlessChrome 75.0.3770 (Linux 0.0.0) Fouth Emulator 	| Multiply	| *	     | 2    | 3	   | product    | 6	    | | Greater Than	| >	     | 7    | 3    | true flag	| -1	    | FAILED[39m
	Step: | Greater Than	| >	     | 7    | 3    | true flag	| -1	    | <- src/test/resources/javascript/feature/redux.feature:17
HeadlessChrome 75.0.3770 (Linux 0.0.0): Executed 5 of 236[31m (1 FAILED)[39m (0 secs / 0.019 secs)
[1A[2KHeadlessChrome 75.0.3770 (Linux 0.0.0): Executed 6 of 236[31m (1 FAILED)[39m (skipped 1) (0 secs / 0.023 secs)
[1A[2KHeadlessChrome 75.0.3770 (Linux 0.0.0): Executed 7 of 236[31m (1 FAILED)[39m (skipped 1) (0 secs / 0.025 secs)
[1A[2KHeadlessChrome 75.0.3770 (Linux 0.0.0): Executed 8 of 236[31m (1 FAILED)[39m (skipped 1) (0 secs / 0.027 secs)
[1A[2KHeadlessChrome 75.0.3770 (Linux 0.0.0): Executed 9 of 236[31m (1 FAILED)[39m (skipped 1) (0 secs / 0.028 secs)
[1A[2K[31mHeadlessChrome 75.0.3770 (Linux 0.0.0) Fouth Emulator 	| Divide	| /	     | 29   | 10   | quotient   | 2	    | | Equal		| =	     | 4    | 4	   | true flag	| -1	    | FAILED[39m
	Step: | Equal		| =	     | 4    | 4	   | true flag	| -1	    | <- src/test/resources/javascript/feature/redux.feature:18
HeadlessChrome 75.0.3770 (Linux 0.0.0): Executed 10 of 236[31m (2 FAILED)[39m (skipped 1) (0 secs / 0.028 secs)
[1A[2KHeadlessChrome 75.0.3770 (Linux 0.0.0): Executed 11 of 236[31m (2 FAILED)[39m (skipped 2) (0 secs / 0.029 secs)
[1A[2KHeadlessChrome 75.0.3770 (Linux 0.0.0): Executed 12 of 236[31m (2 FAILED)[39m (skipped 2) (0 secs / 0.03 secs)
[1A[2KHeadlessChrome 75.0.3770 (Linux 0.0.0): Executed 13 of 236[31m (2 FAILED)[39m (skipped 2) (0 secs / 0.03 secs)
[1A[2KHeadlessChrome 75.0.3770 (Linux 0.0.0): Executed 14 of 236[31m (2 FAILED)[39m (skipped 2) (0 secs / 0.03 secs)
[1A[2K[31mHeadlessChrome 75.0.3770 (Linux 0.0.0) Fouth Emulator 	| Add		| +	     | 4    | 9	   | sum	| 13	    | | Not Equal	| <>	     | 50   | 20   | true flag	| -1	    | FAILED[39m
	Step: | Not Equal	| <>	     | 50   | 20   | true flag	| -1	    | <- src/test/resources/javascript/feature/redux.feature:19
HeadlessChrome 75.0.3770 (Linux 0.0.0): Executed 15 of 236[31m (3 FAILED)[39m (skipped 2) (0 secs / 0.031 secs)
[1A[2KHeadlessChrome 75.0.3770 (Linux 0.0.0): Executed 16 of 236[31m (3 FAILED)[39m (skipped 3) (0 secs / 0.032 secs)
[1A[2KHeadlessChrome 75.0.3770 (Linux 0.0.0): Executed 17 of 236[31m (3 FAILED)[39m (skipped 3) (0 secs / 0.032 secs)
[1A[2KHeadlessChrome 75.0.3770 (Linux 0.0.0): Executed 18 of 236[31m (3 FAILED)[39m (skipped 3) (0 secs / 0.032 secs)
[1A[2KHeadlessChrome 75.0.3770 (Linux 0.0.0): Executed 19 of 236[31m (3 FAILED)[39m (skipped 3) (0 secs / 0.033 secs)
[1A[2K[31mHeadlessChrome 75.0.3770 (Linux 0.0.0) Fouth Emulator 	| Subtract	| -	     | 20   | 10   | difference | 10	    | | Less Than	| <	     | 10   | 2	   | false flag	| 0 	    | FAILED[39m
	Step: | Less Than	| <	     | 10   | 2	   | false flag	| 0 	    | <- src/test/resources/javascript/feature/redux.feature:20
HeadlessChrome 75.0.3770 (Linux 0.0.0): Executed 20 of 236[31m (4 FAILED)[39m (skipped 3) (0 secs / 0.034 secs)
[1A[2KHeadlessChrome 75.0.3770 (Linux 0.0.0): Executed 21 of 236[31m (4 FAILED)[39m (skipped 4) (0 secs / 0.035 secs)
[1A[2KHeadlessChrome 75.0.3770 (Linux 0.0.0): Executed 22 of 236[31m (4 FAILED)[39m (skipped 4) (0 secs / 0.036 secs)
[1A[2KHeadlessChrome 75.0.3770 (Linux 0.0.0): Executed 23 of 236[31m (4 FAILED)[39m (skipped 4) (0 secs / 0.037 secs)
[1A[2KHeadlessChrome 75.0.3770 (Linux 0.0.0): Executed 24 of 236[31m (4 FAILED)[39m (skipped 4) (0 secs / 0.038 secs)
[1A[2K[31mHeadlessChrome 75.0.3770 (Linux 0.0.0) Fouth Emulator 	| Less Than	| <	     | 5    | 6	   | true flag	| -1	    | | Greater Than	| >	     | 1    | 9    | false flag	| 0	    | FAILED[39m
	Step: | Greater Than	| >	     | 1    | 9    | false flag	| 0	    | <- src/test/resources/javascript/feature/redux.feature:21
HeadlessChrome 75.0.3770 (Linux 0.0.0): Executed 25 of 236[31m (5 FAILED)[39m (skipped 4) (0 secs / 0.039 secs)
[1A[2KHeadlessChrome 75.0.3770 (Linux 0.0.0): Executed 26 of 236[31m (5 FAILED)[39m (skipped 5) (0 secs / 0.041 secs)
[1A[2KHeadlessChrome 75.0.3770 (Linux 0.0.0): Executed 27 of 236[31m (5 FAILED)[39m (skipped 5) (0 secs / 0.041 secs)
[1A[2KHeadlessChrome 75.0.3770 (Linux 0.0.0): Executed 28 of 236[31m (5 FAILED)[39m (skipped 5) (0 secs / 0.042 secs)
[1A[2KHeadlessChrome 75.0.3770 (Linux 0.0.0): Executed 29 of 236[31m (5 FAILED)[39m (skipped 5) (0 secs / 0.042 secs)
[1A[2K[31mHeadlessChrome 75.0.3770 (Linux 0.0.0) Fouth Emulator 	| Greater Than	| >	     | 7    | 3    | true flag	| -1	    | | Equal		| =	     | 8    | 4	   | false flag	| 0	    | FAILED[39m
	Step: | Equal		| =	     | 8    | 4	   | false flag	| 0	    | <- src/test/resources/javascript/feature/redux.feature:22
HeadlessChrome 75.0.3770 (Linux 0.0.0): Executed 30 of 236[31m (6 FAILED)[39m (skipped 5) (0 secs / 0.042 secs)
[1A[2KHeadlessChrome 75.0.3770 (Linux 0.0.0): Executed 31 of 236[31m (6 FAILED)[39m (skipped 6) (0 secs / 0.043 secs)
[1A[2KHeadlessChrome 75.0.3770 (Linux 0.0.0): Executed 32 of 236[31m (6 FAILED)[39m (skipped 6) (0 secs / 0.044 secs)
[1A[2KHeadlessChrome 75.0.3770 (Linux 0.0.0): Executed 33 of 236[31m (6 FAILED)[39m (skipped 6) (0 secs / 0.045 secs)
[1A[2KHeadlessChrome 75.0.3770 (Linux 0.0.0): Executed 34 of 236[31m (6 FAILED)[39m (skipped 6) (0 secs / 0.046 secs)
[1A[2KHeadlessChrome 75.0.3770 (Linux 0.0.0): Executed 35 of 236[31m (6 FAILED)[39m (skipped 6) (0 secs / 0.046 secs)
[1A[2KHeadlessChrome 75.0.3770 (Linux 0.0.0): Executed 36 of 236[31m (6 FAILED)[39m (skipped 6) (0 secs / 0.048 secs)
[1A[2KHeadlessChrome 75.0.3770 (Linux 0.0.0): Executed 37 of 236[31m (6 FAILED)[39m (skipped 6) (0 secs / 0.049 secs)
[1A[2KHeadlessChrome 75.0.3770 (Linux 0.0.0): Executed 38 of 236[31m (6 FAILED)[39m (skipped 6) (0 secs / 0.049 secs)
[1A[2KHeadlessChrome 75.0.3770 (Linux 0.0.0): Executed 39 of 236[31m (6 FAILED)[39m (skipped 6) (0 secs / 0.05 secs)
[1A[2KHeadlessChrome 75.0.3770 (Linux 0.0.0): Executed 40 of 236[31m (6 FAILED)[39m (skipped 6) (0 secs / 0.051 secs)
[1A[2K[31mHeadlessChrome 75.0.3770 (Linux 0.0.0) Fouth Emulator 	| Not Equal	| <>	     | 50   | 20   | true flag	| -1	    | | Not Equal	| <>	     | 50   | 20   | true flag	| -1	    | FAILED[39m
	Step: | Not Equal	| <>	     | 50   | 20   | true flag	| -1	    | <- src/test/resources/javascript/feature/redux.feature:24
HeadlessChrome 75.0.3770 (Linux 0.0.0): Executed 41 of 236[31m (7 FAILED)[39m (skipped 6) (0 secs / 0.051 secs)
[1A[2KHeadlessChrome 75.0.3770 (Linux 0.0.0): Executed 42 of 236[31m (7 FAILED)[39m (skipped 7) (0 secs / 0.052 secs)
[1A[2KHeadlessChrome 75.0.3770 (Linux 0.0.0): Executed 43 of 236[31m (7 FAILED)[39m (skipped 7) (0 secs / 0.053 secs)
[1A[2KHeadlessChrome 75.0.3770 (Linux 0.0.0): Executed 44 of 236[31m (7 FAILED)[39m (skipped 7) (0 secs / 0.053 secs)
[1A[2KHeadlessChrome 75.0.3770 (Linux 0.0.0): Executed 45 of 236[31m (7 FAILED)[39m (skipped 7) (0 secs / 0.053 secs)
[1A[2KHeadlessChrome 75.0.3770 (Linux 0.0.0): Executed 46 of 236[31m (7 FAILED)[39m (skipped 7) (0 secs / 0.053 secs)
[1A[2KHeadlessChrome 75.0.3770 (Linux 0.0.0): Executed 47 of 236[31m (7 FAILED)[39m (skipped 7) (0 secs / 0.053 secs)
[1A[2KHeadlessChrome 75.0.3770 (Linux 0.0.0): Executed 48 of 236[31m (7 FAILED)[39m (skipped 7) (0 secs / 0.054 secs)
[1A[2KHeadlessChrome 75.0.3770 (Linux 0.0.0): Executed 49 of 236[31m (7 FAILED)[39m (skipped 7) (0 secs / 0.055 secs)
[1A[2KHeadlessChrome 75.0.3770 (Linux 0.0.0): Executed 50 of 236[31m (7 FAILED)[39m (skipped 7) (0 secs / 0.056 secs)
[1A[2KHeadlessChrome 75.0.3770 (Linux 0.0.0): Executed 51 of 236[31m (7 FAILED)[39m (skipped 7) (0 secs / 0.056 secs)
[1A[2KHeadlessChrome 75.0.3770 (Linux 0.0.0): Executed 52 of 236[31m (7 FAILED)[39m (skipped 7) (0 secs / 0.056 secs)
[1A[2KHeadlessChrome 75.0.3770 (Linux 0.0.0): Executed 53 of 236[31m (7 FAILED)[39m (skipped 7) (0 secs / 0.056 secs)
[1A[2KHeadlessChrome 75.0.3770 (Linux 0.0.0): Executed 54 of 236[31m (7 FAILED)[39m (skipped 7) (0 secs / 0.057 secs)
[1A[2KHeadlessChrome 75.0.3770 (Linux 0.0.0): Executed 55 of 236[31m (7 FAILED)[39m (skipped 7) (0 secs / 0.057 secs)
[1A[2KHeadlessChrome 75.0.3770 (Linux 0.0.0): Executed 56 of 236[31m (7 FAILED)[39m (skipped 7) (0 secs / 0.057 secs)
[1A[2KHeadlessChrome 75.0.3770 (Linux 0.0.0): Executed 57 of 236[31m (7 FAILED)[39m (skipped 7) (0 secs / 0.058 secs)
[1A[2K[31mHeadlessChrome 75.0.3770 (Linux 0.0.0) Fouth Emulator 	| Equal		| =	     | 8    | 4	   | false flag	| 0	    | When User runs <command> FAILED[39m
	Step: When User runs <command> <- src/test/resources/javascript/feature/redux.feature:27
HeadlessChrome 75.0.3770 (Linux 0.0.0): Executed 58 of 236[31m (8 FAILED)[39m (skipped 7) (0 secs / 0.058 secs)
[1A[2KHeadlessChrome 75.0.3770 (Linux 0.0.0): Executed 59 of 236[31m (8 FAILED)[39m (skipped 8) (0 secs / 0.059 secs)
[1A[2KHeadlessChrome 75.0.3770 (Linux 0.0.0): Executed 60 of 236[31m (8 FAILED)[39m (skipped 8) (0 secs / 0.06 secs)
[1A[2KHeadlessChrome 75.0.3770 (Linux 0.0.0): Executed 61 of 236[31m (8 FAILED)[39m (skipped 8) (0 secs / 0.061 secs)
[1A[2KHeadlessChrome 75.0.3770 (Linux 0.0.0): Executed 62 of 236[31m (8 FAILED)[39m (skipped 8) (0 secs / 0.062 secs)
[1A[2KHeadlessChrome 75.0.3770 (Linux 0.0.0): Executed 63 of 236[31m (8 FAILED)[39m (skipped 8) (0 secs / 0.062 secs)
[1A[2KHeadlessChrome 75.0.3770 (Linux 0.0.0): Executed 64 of 236[31m (8 FAILED)[39m (skipped 8) (0 secs / 0.062 secs)
[1A[2KHeadlessChrome 75.0.3770 (Linux 0.0.0): Executed 65 of 236[31m (8 FAILED)[39m (skipped 8) (0 secs / 0.063 secs)
[1A[2KHeadlessChrome 75.0.3770 (Linux 0.0.0): Executed 66 of 236[31m (8 FAILED)[39m (skipped 8) (0 secs / 0.064 secs)
[1A[2KHeadlessChrome 75.0.3770 (Linux 0.0.0): Executed 67 of 236[31m (8 FAILED)[39m (skipped 8) (0 secs / 0.065 secs)
[1A[2K[31mHeadlessChrome 75.0.3770 (Linux 0.0.0) Fouth Emulator 	| One-minus 	 | 1-      | 3    | difference	| 2	    | | 25-multiply	 | 25*     | 5    | product	| 125	    | FAILED[39m
	Step: | 25-multiply	 | 25*     | 5    | product	| 125	    | <- src/test/resources/javascript/feature/redux.feature:37
HeadlessChrome 75.0.3770 (Linux 0.0.0): Executed 68 of 236[31m (9 FAILED)[39m (skipped 8) (0 secs / 0.066 secs)
[1A[2KHeadlessChrome 75.0.3770 (Linux 0.0.0): Executed 69 of 236[31m (9 FAILED)[39m (skipped 9) (0 secs / 0.067 secs)
[1A[2KHeadlessChrome 75.0.3770 (Linux 0.0.0): Executed 70 of 236[31m (9 FAILED)[39m (skipped 9) (0 secs / 0.067 secs)
[1A[2KHeadlessChrome 75.0.3770 (Linux 0.0.0): Executed 71 of 236[31m (9 FAILED)[39m (skipped 9) (0 secs / 0.068 secs)
[1A[2K[31mHeadlessChrome 75.0.3770 (Linux 0.0.0) Fouth Emulator 	| One-plus	 | 1+      | 29   | sum		| 30	    | | 45-divide	 | 30/     | 99   | quotient	| 3	    | FAILED[39m
	Step: | 45-divide	 | 30/     | 99   | quotient	| 3	    | <- src/test/resources/javascript/feature/redux.feature:38
HeadlessChrome 75.0.3770 (Linux 0.0.0): Executed 72 of 236[31m (10 FAILED)[39m (skipped 9) (0 secs / 0.068 secs)
[1A[2KHeadlessChrome 75.0.3770 (Linux 0.0.0): Executed 73 of 236[31m (10 FAILED)[39m (skipped 10) (0 secs / 0.069 secs)
[1A[2KHeadlessChrome 75.0.3770 (Linux 0.0.0): Executed 74 of 236[31m (10 FAILED)[39m (skipped 10) (0 secs / 0.069 secs)
[1A[2KHeadlessChrome 75.0.3770 (Linux 0.0.0): Executed 75 of 236[31m (10 FAILED)[39m (skipped 10) (0 secs / 0.069 secs)
[1A[2K[31mHeadlessChrome 75.0.3770 (Linux 0.0.0) Fouth Emulator 	| Two-minus	 | 2-      | 6    | difference	| 4	    | | 0-less-than	 | 0<      | -5   | true flag	| -1	    | FAILED[39m
	Step: | 0-less-than	 | 0<      | -5   | true flag	| -1	    | <- src/test/resources/javascript/feature/redux.feature:39
HeadlessChrome 75.0.3770 (Linux 0.0.0): Executed 76 of 236[31m (11 FAILED)[39m (skipped 10) (0 secs / 0.07 secs)
[1A[2KHeadlessChrome 75.0.3770 (Linux 0.0.0): Executed 77 of 236[31m (11 FAILED)[39m (skipped 11) (0 secs / 0.071 secs)
[1A[2KHeadlessChrome 75.0.3770 (Linux 0.0.0): Executed 78 of 236[31m (11 FAILED)[39m (skipped 11) (0 secs / 0.072 secs)
[1A[2KHeadlessChrome 75.0.3770 (Linux 0.0.0): Executed 79 of 236[31m (11 FAILED)[39m (skipped 11) (0 secs / 0.073 secs)
[1A[2K[31mHeadlessChrome 75.0.3770 (Linux 0.0.0) Fouth Emulator 	| Two-plus	 | 2+      | 20   | sum		| 22	    | | 0-not-equal	 | 0<>     | 10   | true flag	| -1	    | FAILED[39m
	Step: | 0-not-equal	 | 0<>     | 10   | true flag	| -1	    | <- src/test/resources/javascript/feature/redux.feature:40
HeadlessChrome 75.0.3770 (Linux 0.0.0): Executed 80 of 236[31m (12 FAILED)[39m (skipped 11) (0 secs / 0.073 secs)
[1A[2KHeadlessChrome 75.0.3770 (Linux 0.0.0): Executed 81 of 236[31m (12 FAILED)[39m (skipped 12) (0 secs / 0.073 secs)
[1A[2KHeadlessChrome 75.0.3770 (Linux 0.0.0): Executed 82 of 236[31m (12 FAILED)[39m (skipped 12) (0 secs / 0.073 secs)
[1A[2KHeadlessChrome 75.0.3770 (Linux 0.0.0): Executed 83 of 236[31m (12 FAILED)[39m (skipped 12) (0 secs / 0.073 secs)
[1A[2K[31mHeadlessChrome 75.0.3770 (Linux 0.0.0) Fouth Emulator 	| 25-multiply	 | 25*     | 5    | product	| 125	    | | 0-equal	 | 0=      | 0    | true flag   | -1	    | FAILED[39m
	Step: | 0-equal	 | 0=      | 0    | true flag   | -1	    | <- src/test/resources/javascript/feature/redux.feature:41
HeadlessChrome 75.0.3770 (Linux 0.0.0): Executed 84 of 236[31m (13 FAILED)[39m (skipped 12) (0 secs / 0.073 secs)
[1A[2KHeadlessChrome 75.0.3770 (Linux 0.0.0): Executed 85 of 236[31m (13 FAILED)[39m (skipped 13) (0 secs / 0.074 secs)
[1A[2KHeadlessChrome 75.0.3770 (Linux 0.0.0): Executed 86 of 236[31m (13 FAILED)[39m (skipped 13) (0 secs / 0.075 secs)
[1A[2KHeadlessChrome 75.0.3770 (Linux 0.0.0): Executed 87 of 236[31m (13 FAILED)[39m (skipped 13) (0 secs / 0.075 secs)
[1A[2K[31mHeadlessChrome 75.0.3770 (Linux 0.0.0) Fouth Emulator 	| 45-divide	 | 30/     | 99   | quotient	| 3	    | | 0-greater-than | 0>      | 99   | true flag   | -1	    | FAILED[39m
	Step: | 0-greater-than | 0>      | 99   | true flag   | -1	    | <- src/test/resources/javascript/feature/redux.feature:42
HeadlessChrome 75.0.3770 (Linux 0.0.0): Executed 88 of 236[31m (14 FAILED)[39m (skipped 13) (0 secs / 0.075 secs)
[1A[2KHeadlessChrome 75.0.3770 (Linux 0.0.0): Executed 89 of 236[31m (14 FAILED)[39m (skipped 14) (0 secs / 0.076 secs)
[1A[2KHeadlessChrome 75.0.3770 (Linux 0.0.0): Executed 90 of 236[31m (14 FAILED)[39m (skipped 14) (0 secs / 0.076 secs)
[1A[2KHeadlessChrome 75.0.3770 (Linux 0.0.0): Executed 91 of 236[31m (14 FAILED)[39m (skipped 14) (0 secs / 0.076 secs)
[1A[2K[31mHeadlessChrome 75.0.3770 (Linux 0.0.0) Fouth Emulator 	| 0-less-than	 | 0<      | -5   | true flag	| -1	    | | 0-less-than	 | 0<      | -5   | true flag	| -1	    | FAILED[39m
	Step: | 0-less-than	 | 0<      | -5   | true flag	| -1	    | <- src/test/resources/javascript/feature/redux.feature:43
HeadlessChrome 75.0.3770 (Linux 0.0.0): Executed 92 of 236[31m (15 FAILED)[39m (skipped 14) (0 secs / 0.076 secs)
[1A[2KHeadlessChrome 75.0.3770 (Linux 0.0.0): Executed 93 of 236[31m (15 FAILED)[39m (skipped 15) (0 secs / 0.077 secs)
[1A[2KHeadlessChrome 75.0.3770 (Linux 0.0.0): Executed 94 of 236[31m (15 FAILED)[39m (skipped 15) (0 secs / 0.077 secs)
[1A[2KHeadlessChrome 75.0.3770 (Linux 0.0.0): Executed 95 of 236[31m (15 FAILED)[39m (skipped 15) (0 secs / 0.078 secs)
[1A[2KHeadlessChrome 75.0.3770 (Linux 0.0.0): Executed 96 of 236[31m (15 FAILED)[39m (skipped 15) (0 secs / 0.078 secs)
[1A[2KHeadlessChrome 75.0.3770 (Linux 0.0.0): Executed 97 of 236[31m (15 FAILED)[39m (skipped 15) (0 secs / 0.079 secs)
[1A[2KHeadlessChrome 75.0.3770 (Linux 0.0.0): Executed 98 of 236[31m (15 FAILED)[39m (skipped 15) (0 secs / 0.08 secs)
[1A[2KHeadlessChrome 75.0.3770 (Linux 0.0.0): Executed 99 of 236[31m (15 FAILED)[39m (skipped 15) (0 secs / 0.081 secs)
[1A[2KHeadlessChrome 75.0.3770 (Linux 0.0.0): Executed 100 of 236[31m (15 FAILED)[39m (skipped 15) (0 secs / 0.082 secs)
[1A[2K[31mHeadlessChrome 75.0.3770 (Linux 0.0.0) Fouth Emulator 	| 0-equal	 | 0=      | 0    | true flag   | -1	    | Given User has entered 2 FAILED[39m
	Step: Given User has entered 2 <- src/test/resources/javascript/feature/redux.feature:45
HeadlessChrome 75.0.3770 (Linux 0.0.0): Executed 101 of 236[31m (16 FAILED)[39m (skipped 15) (0 secs / 0.082 secs)
[1A[2KHeadlessChrome 75.0.3770 (Linux 0.0.0): Executed 102 of 236[31m (16 FAILED)[39m (skipped 16) (0 secs / 0.083 secs)
[1A[2KHeadlessChrome 75.0.3770 (Linux 0.0.0): Executed 103 of 236[31m (16 FAILED)[39m (skipped 16) (0 secs / 0.085 secs)
[1A[2KHeadlessChrome 75.0.3770 (Linux 0.0.0): Executed 104 of 236[31m (16 FAILED)[39m (skipped 16) (0 secs / 0.1 secs)
[1A[2K[31mHeadlessChrome 75.0.3770 (Linux 0.0.0) Fouth Emulator 	| 0-greater-than | 0>      | 99   | true flag   | -1	    | And User has entered 9 FAILED[39m
	Step: And User has entered 9 <- src/test/resources/javascript/feature/redux.feature:46
HeadlessChrome 75.0.3770 (Linux 0.0.0): Executed 105 of 236[31m (17 FAILED)[39m (skipped 16) (0 secs / 0.1 secs)
[1A[2KHeadlessChrome 75.0.3770 (Linux 0.0.0): Executed 106 of 236[31m (17 FAILED)[39m (skipped 17) (0 secs / 0.101 secs)
[1A[2KHeadlessChrome 75.0.3770 (Linux 0.0.0): Executed 107 of 236[31m (17 FAILED)[39m (skipped 17) (0 secs / 0.102 secs)
[1A[2KHeadlessChrome 75.0.3770 (Linux 0.0.0): Executed 108 of 236[31m (17 FAILED)[39m (skipped 17) (0 secs / 0.103 secs)
[1A[2KHeadlessChrome 75.0.3770 (Linux 0.0.0): Executed 109 of 236[31m (17 FAILED)[39m (skipped 17) (0 secs / 0.104 secs)
[1A[2KHeadlessChrome 75.0.3770 (Linux 0.0.0): Executed 110 of 236[31m (17 FAILED)[39m (skipped 17) (0 secs / 0.105 secs)
[1A[2K[31mHeadlessChrome 75.0.3770 (Linux 0.0.0) Fouth Emulator Multiply integer 1 by integer 2, creating result d. Then divide d by integer 3, leaving the integer 4.  And NumberStack should only have 1 number FAILED[39m
	Step: And NumberStack should only have 1 number <- src/test/resources/javascript/feature/redux.feature:50
HeadlessChrome 75.0.3770 (Linux 0.0.0): Executed 111 of 236[31m (18 FAILED)[39m (skipped 17) (0 secs / 0.105 secs)
[1A[2KHeadlessChrome 75.0.3770 (Linux 0.0.0): Executed 112 of 236[31m (18 FAILED)[39m (skipped 18) (0 secs / 0.106 secs)
[1A[2KHeadlessChrome 75.0.3770 (Linux 0.0.0): Executed 113 of 236[31m (18 FAILED)[39m (skipped 18) (0 secs / 0.106 secs)
[1A[2KHeadlessChrome 75.0.3770 (Linux 0.0.0): Executed 114 of 236[31m (18 FAILED)[39m (skipped 18) (0 secs / 0.107 secs)
[1A[2KHeadlessChrome 75.0.3770 (Linux 0.0.0): Executed 115 of 236[31m (18 FAILED)[39m (skipped 18) (0 secs / 0.108 secs)
[1A[2KHeadlessChrome 75.0.3770 (Linux 0.0.0): Executed 116 of 236[31m (18 FAILED)[39m (skipped 18) (0 secs / 0.109 secs)
[1A[2K[31mHeadlessChrome 75.0.3770 (Linux 0.0.0) Fouth Emulator Multiply integer 1 by integer 2, creating result d. Then divide d by integer 3, and leaving the integer 4 and remainder 5 And 8 should be under 1 FAILED[39m
	Step: And 8 should be under 1 <- src/test/resources/javascript/feature/redux.feature:58
HeadlessChrome 75.0.3770 (Linux 0.0.0): Executed 117 of 236[31m (19 FAILED)[39m (skipped 18) (0 secs / 0.109 secs)
[1A[2KHeadlessChrome 75.0.3770 (Linux 0.0.0): Executed 118 of 236[31m (19 FAILED)[39m (skipped 20) (0 secs / 0.11 secs)
[1A[2KHeadlessChrome 75.0.3770 (Linux 0.0.0): Executed 119 of 236[31m (19 FAILED)[39m (skipped 20) (0 secs / 0.11 secs)
[1A[2KHeadlessChrome 75.0.3770 (Linux 0.0.0): Executed 120 of 236[31m (19 FAILED)[39m (skipped 20) (0 secs / 0.11 secs)
[1A[2K[31mHeadlessChrome 75.0.3770 (Linux 0.0.0) Fouth Emulator Give me the absolute value of integer 1, leaving integer 2 And NumberStack should only have 1 number FAILED[39m
	Step: And NumberStack should only have 1 number <- src/test/resources/javascript/feature/redux.feature:65
HeadlessChrome 75.0.3770 (Linux 0.0.0): Executed 121 of 236[31m (20 FAILED)[39m (skipped 20) (0 secs / 0.11 secs)
[1A[2KHeadlessChrome 75.0.3770 (Linux 0.0.0): Executed 122 of 236[31m (20 FAILED)[39m (skipped 21) (0 secs / 0.113 secs)
[1A[2KHeadlessChrome 75.0.3770 (Linux 0.0.0): Executed 123 of 236[31m (20 FAILED)[39m (skipped 21) (0 secs / 0.114 secs)
[1A[2KHeadlessChrome 75.0.3770 (Linux 0.0.0): Executed 124 of 236[31m (20 FAILED)[39m (skipped 21) (0 secs / 0.115 secs)
[1A[2KHeadlessChrome 75.0.3770 (Linux 0.0.0): Executed 125 of 236[31m (20 FAILED)[39m (skipped 21) (0 secs / 0.116 secs)
[1A[2K[31mHeadlessChrome 75.0.3770 (Linux 0.0.0) Fouth Emulator Find if integer 1 or integer 2 is greater And NumberStack should only have 1 number FAILED[39m
	Step: And NumberStack should only have 1 number <- src/test/resources/javascript/feature/redux.feature:72
HeadlessChrome 75.0.3770 (Linux 0.0.0): Executed 126 of 236[31m (21 FAILED)[39m (skipped 21) (0 secs / 0.117 secs)
[1A[2KHeadlessChrome 75.0.3770 (Linux 0.0.0): Executed 127 of 236[31m (21 FAILED)[39m (skipped 22) (0 secs / 0.118 secs)
[1A[2KHeadlessChrome 75.0.3770 (Linux 0.0.0): Executed 128 of 236[31m (21 FAILED)[39m (skipped 22) (0 secs / 0.119 secs)
[1A[2KHeadlessChrome 75.0.3770 (Linux 0.0.0): Executed 129 of 236[31m (21 FAILED)[39m (skipped 22) (0 secs / 0.12 secs)
[1A[2KHeadlessChrome 75.0.3770 (Linux 0.0.0): Executed 130 of 236[31m (21 FAILED)[39m (skipped 22) (0 secs / 0.121 secs)
[1A[2K[31mHeadlessChrome 75.0.3770 (Linux 0.0.0) Fouth Emulator Find if integer 1 or integer 2 is lesser And NumberStack should only have 1 number FAILED[39m
	Step: And NumberStack should only have 1 number <- src/test/resources/javascript/feature/redux.feature:79
HeadlessChrome 75.0.3770 (Linux 0.0.0): Executed 131 of 236[31m (22 FAILED)[39m (skipped 22) (0 secs / 0.121 secs)
[1A[2KHeadlessChrome 75.0.3770 (Linux 0.0.0): Executed 132 of 236[31m (22 FAILED)[39m (skipped 23) (0 secs / 0.122 secs)
[1A[2KHeadlessChrome 75.0.3770 (Linux 0.0.0): Executed 133 of 236[31m (22 FAILED)[39m (skipped 23) (0 secs / 0.123 secs)
[1A[2KHeadlessChrome 75.0.3770 (Linux 0.0.0): Executed 134 of 236[31m (22 FAILED)[39m (skipped 23) (0 secs / 0.123 secs)
[1A[2K[31mHeadlessChrome 75.0.3770 (Linux 0.0.0) Fouth Emulator Negate the top integer, leaving the changed integer And NumberStack should only have 1 number FAILED[39m
	Step: And NumberStack should only have 1 number <- src/test/resources/javascript/feature/redux.feature:85
HeadlessChrome 75.0.3770 (Linux 0.0.0): Executed 135 of 236[31m (23 FAILED)[39m (skipped 23) (0 secs / 0.124 secs)
[1A[2KHeadlessChrome 75.0.3770 (Linux 0.0.0): Executed 136 of 236[31m (23 FAILED)[39m (skipped 24) (0 secs / 0.13 secs)
[1A[2KHeadlessChrome 75.0.3770 (Linux 0.0.0): Executed 137 of 236[31m (23 FAILED)[39m (skipped 24) (0 secs / 0.13 secs)
[1A[2KHeadlessChrome 75.0.3770 (Linux 0.0.0): Executed 138 of 236[31m (23 FAILED)[39m (skipped 24) (0 secs / 0.13 secs)
[1A[2KHeadlessChrome 75.0.3770 (Linux 0.0.0): Executed 139 of 236[31m (23 FAILED)[39m (skipped 24) (0 secs / 0.131 secs)
[1A[2K[31mHeadlessChrome 75.0.3770 (Linux 0.0.0) Fouth Emulator User prints integer 1 And DisplayStack should only have 1 value FAILED[39m
	Step: And DisplayStack should only have 1 value <- src/test/resources/javascript/feature/redux.feature:92
HeadlessChrome 75.0.3770 (Linux 0.0.0): Executed 140 of 236[31m (24 FAILED)[39m (skipped 24) (0 secs / 0.131 secs)
[1A[2KHeadlessChrome 75.0.3770 (Linux 0.0.0): Executed 141 of 236[31m (24 FAILED)[39m (skipped 25) (0 secs / 0.132 secs)
[1A[2KHeadlessChrome 75.0.3770 (Linux 0.0.0): Executed 142 of 236[31m (24 FAILED)[39m (skipped 25) (0 secs / 0.133 secs)
[1A[2KHeadlessChrome 75.0.3770 (Linux 0.0.0): Executed 143 of 236[31m (24 FAILED)[39m (skipped 25) (0 secs / 0.133 secs)
[1A[2KHeadlessChrome 75.0.3770 (Linux 0.0.0): Executed 144 of 236[31m (24 FAILED)[39m (skipped 25) (0 secs / 0.134 secs)
[1A[2K[31mHeadlessChrome 75.0.3770 (Linux 0.0.0) Fouth Emulator User prints NumberStack And DisplayStack should only have 2 values FAILED[39m
	Step: And DisplayStack should only have 2 values <- src/test/resources/javascript/feature/redux.feature:99
HeadlessChrome 75.0.3770 (Linux 0.0.0): Executed 145 of 236[31m (25 FAILED)[39m (skipped 25) (0 secs / 0.135 secs)
[1A[2KHeadlessChrome 75.0.3770 (Linux 0.0.0): Executed 146 of 236[31m (25 FAILED)[39m (skipped 27) (0 secs / 0.136 secs)
[1A[2KHeadlessChrome 75.0.3770 (Linux 0.0.0): Executed 147 of 236[31m (25 FAILED)[39m (skipped 27) (0 secs / 0.137 secs)
[1A[2KHeadlessChrome 75.0.3770 (Linux 0.0.0): Executed 148 of 236[31m (25 FAILED)[39m (skipped 27) (0 secs / 0.137 secs)
[1A[2KHeadlessChrome 75.0.3770 (Linux 0.0.0): Executed 149 of 236[31m (25 FAILED)[39m (skipped 27) (0 secs / 0.138 secs)
[1A[2K[31mHeadlessChrome 75.0.3770 (Linux 0.0.0) Fouth Emulator User wishes to duplicate the top number on the NumberStack  And 60 should be on top of NumberStack FAILED[39m
	Step: And 60 should be on top of NumberStack <- src/test/resources/javascript/feature/redux.feature:107
HeadlessChrome 75.0.3770 (Linux 0.0.0): Executed 150 of 236[31m (26 FAILED)[39m (skipped 27) (0 secs / 0.139 secs)
[1A[2KHeadlessChrome 75.0.3770 (Linux 0.0.0): Executed 151 of 236[31m (26 FAILED)[39m (skipped 28) (0 secs / 0.14 secs)
[1A[2KHeadlessChrome 75.0.3770 (Linux 0.0.0): Executed 152 of 236[31m (26 FAILED)[39m (skipped 28) (0 secs / 0.141 secs)
[1A[2KHeadlessChrome 75.0.3770 (Linux 0.0.0): Executed 153 of 236[31m (26 FAILED)[39m (skipped 28) (0 secs / 0.142 secs)
[1A[2KHeadlessChrome 75.0.3770 (Linux 0.0.0): Executed 154 of 236[31m (26 FAILED)[39m (skipped 28) (0 secs / 0.142 secs)
[1A[2KHeadlessChrome 75.0.3770 (Linux 0.0.0): Executed 155 of 236[31m (26 FAILED)[39m (skipped 28) (0 secs / 0.143 secs)
[1A[2K[31mHeadlessChrome 75.0.3770 (Linux 0.0.0) Fouth Emulator User wishes to delete the top item on the NumberStack And 110 should be on top of NumberStack FAILED[39m
	Step: And 110 should be on top of NumberStack <- src/test/resources/javascript/feature/redux.feature:115
HeadlessChrome 75.0.3770 (Linux 0.0.0): Executed 156 of 236[31m (27 FAILED)[39m (skipped 28) (0 secs / 0.143 secs)
[1A[2KHeadlessChrome 75.0.3770 (Linux 0.0.0): Executed 157 of 236[31m (27 FAILED)[39m (skipped 29) (0 secs / 0.144 secs)
[1A[2KHeadlessChrome 75.0.3770 (Linux 0.0.0): Executed 158 of 236[31m (27 FAILED)[39m (skipped 29) (0 secs / 0.144 secs)
[1A[2KHeadlessChrome 75.0.3770 (Linux 0.0.0): Executed 159 of 236[31m (27 FAILED)[39m (skipped 29) (0 secs / 0.145 secs)
[1A[2KHeadlessChrome 75.0.3770 (Linux 0.0.0): Executed 160 of 236[31m (27 FAILED)[39m (skipped 29) (0 secs / 0.145 secs)
[1A[2KHeadlessChrome 75.0.3770 (Linux 0.0.0): Executed 161 of 236[31m (27 FAILED)[39m (skipped 29) (0 secs / 0.145 secs)
[1A[2K[31mHeadlessChrome 75.0.3770 (Linux 0.0.0) Fouth Emulator User exchanges the top two numbers on the stack And 3 should be under 2 FAILED[39m
	Step: And 3 should be under 2 <- src/test/resources/javascript/feature/redux.feature:123
HeadlessChrome 75.0.3770 (Linux 0.0.0): Executed 162 of 236[31m (28 FAILED)[39m (skipped 29) (0 secs / 0.145 secs)
[1A[2KHeadlessChrome 75.0.3770 (Linux 0.0.0): Executed 163 of 236[31m (28 FAILED)[39m (skipped 31) (0 secs / 0.145 secs)
[1A[2KHeadlessChrome 75.0.3770 (Linux 0.0.0): Executed 164 of 236[31m (28 FAILED)[39m (skipped 31) (0 secs / 0.145 secs)
[1A[2KHeadlessChrome 75.0.3770 (Linux 0.0.0): Executed 165 of 236[31m (28 FAILED)[39m (skipped 31) (0 secs / 0.145 secs)
[1A[2KHeadlessChrome 75.0.3770 (Linux 0.0.0): Executed 166 of 236[31m (28 FAILED)[39m (skipped 31) (0 secs / 0.146 secs)
[1A[2KHeadlessChrome 75.0.3770 (Linux 0.0.0): Executed 167 of 236[31m (28 FAILED)[39m (skipped 31) (0 secs / 0.146 secs)
[1A[2K[31mHeadlessChrome 75.0.3770 (Linux 0.0.0) Fouth Emulator User copies the second number to the top of the stack And 6 should be under 5 FAILED[39m
	Step: And 6 should be under 5 <- src/test/resources/javascript/feature/redux.feature:132
HeadlessChrome 75.0.3770 (Linux 0.0.0): Executed 168 of 236[31m (29 FAILED)[39m (skipped 31) (0 secs / 0.147 secs)
[1A[2KHeadlessChrome 75.0.3770 (Linux 0.0.0): Executed 169 of 236[31m (29 FAILED)[39m (skipped 33) (0 secs / 0.148 secs)
[1A[2KHeadlessChrome 75.0.3770 (Linux 0.0.0): Executed 170 of 236[31m (29 FAILED)[39m (skipped 33) (0 secs / 0.148 secs)
[1A[2KHeadlessChrome 75.0.3770 (Linux 0.0.0): Executed 171 of 236[31m (29 FAILED)[39m (skipped 33) (0 secs / 0.148 secs)
[1A[2KHeadlessChrome 75.0.3770 (Linux 0.0.0): Executed 172 of 236[31m (29 FAILED)[39m (skipped 33) (0 secs / 0.149 secs)
[1A[2KHeadlessChrome 75.0.3770 (Linux 0.0.0): Executed 173 of 236[31m (29 FAILED)[39m (skipped 33) (0 secs / 0.15 secs)
[1A[2KHeadlessChrome 75.0.3770 (Linux 0.0.0): Executed 174 of 236[31m (29 FAILED)[39m (skipped 33) (0 secs / 0.15 secs)
[1A[2K[31mHeadlessChrome 75.0.3770 (Linux 0.0.0) Fouth Emulator User wants to move 3 number number to the top of the stack And 2 should be on top of NumberStack FAILED[39m
	Step: And 2 should be on top of NumberStack <- src/test/resources/javascript/feature/redux.feature:142
HeadlessChrome 75.0.3770 (Linux 0.0.0): Executed 175 of 236[31m (30 FAILED)[39m (skipped 33) (0 secs / 0.151 secs)
[1A[2KHeadlessChrome 75.0.3770 (Linux 0.0.0): Executed 176 of 236[31m (30 FAILED)[39m (skipped 36) (0 secs / 0.151 secs)
[1A[2KHeadlessChrome 75.0.3770 (Linux 0.0.0): Executed 177 of 236[31m (30 FAILED)[39m (skipped 36) (0 secs / 0.152 secs)
[1A[2KHeadlessChrome 75.0.3770 (Linux 0.0.0): Executed 178 of 236[31m (30 FAILED)[39m (skipped 36) (0 secs / 0.152 secs)
[1A[2KHeadlessChrome 75.0.3770 (Linux 0.0.0): Executed 179 of 236[31m (30 FAILED)[39m (skipped 36) (0 secs / 0.152 secs)
[1A[2KHeadlessChrome 75.0.3770 (Linux 0.0.0): Executed 180 of 236[31m (30 FAILED)[39m (skipped 36) (0 secs / 0.153 secs)
[1A[2KHeadlessChrome 75.0.3770 (Linux 0.0.0): Executed 181 of 236[31m (30 FAILED)[39m (skipped 36) (0 secs / 0.153 secs)
[1A[2KHeadlessChrome 75.0.3770 (Linux 0.0.0): Executed 182 of 236[31m (30 FAILED)[39m (skipped 36) (0 secs / 0.153 secs)
[1A[2K[31mHeadlessChrome 75.0.3770 (Linux 0.0.0) Fouth Emulator User wants to use the top number to determine which number to copy to the top of the stack, not counting n itself. (i.e. the sequence 2 PICK is equivlent to OVER). And 6 should be on top of NumberStack FAILED[39m
	Step: And 6 should be on top of NumberStack <- src/test/resources/javascript/feature/redux.feature:154
HeadlessChrome 75.0.3770 (Linux 0.0.0): Executed 183 of 236[31m (31 FAILED)[39m (skipped 36) (0 secs / 0.154 secs)
[1A[2KHeadlessChrome 75.0.3770 (Linux 0.0.0): Executed 184 of 236[31m (31 FAILED)[39m (skipped 39) (0 secs / 0.155 secs)
[1A[2KHeadlessChrome 75.0.3770 (Linux 0.0.0): Executed 185 of 236[31m (31 FAILED)[39m (skipped 39) (0 secs / 0.155 secs)
[1A[2KHeadlessChrome 75.0.3770 (Linux 0.0.0): Executed 186 of 236[31m (31 FAILED)[39m (skipped 39) (0 secs / 0.155 secs)
[1A[2KHeadlessChrome 75.0.3770 (Linux 0.0.0): Executed 187 of 236[31m (31 FAILED)[39m (skipped 39) (0 secs / 0.156 secs)
[1A[2KHeadlessChrome 75.0.3770 (Linux 0.0.0): Executed 188 of 236[31m (31 FAILED)[39m (skipped 39) (0 secs / 0.156 secs)
[1A[2KHeadlessChrome 75.0.3770 (Linux 0.0.0): Executed 189 of 236[31m (31 FAILED)[39m (skipped 39) (0 secs / 0.157 secs)
[1A[2KHeadlessChrome 75.0.3770 (Linux 0.0.0): Executed 190 of 236[31m (31 FAILED)[39m (skipped 39) (0 secs / 0.157 secs)
[1A[2KHeadlessChrome 75.0.3770 (Linux 0.0.0): Executed 191 of 236[31m (31 FAILED)[39m (skipped 39) (0 secs / 0.159 secs)
[1A[2KHeadlessChrome 75.0.3770 (Linux 0.0.0): Executed 192 of 236[31m (31 FAILED)[39m (skipped 39) (0 secs / 0.162 secs)
[1A[2KHeadlessChrome 75.0.3770 (Linux 0.0.0): Executed 193 of 236[31m (31 FAILED)[39m (skipped 39) (0 secs / 0.165 secs)
[1A[2KHeadlessChrome 75.0.3770 (Linux 0.0.0): Executed 194 of 236[31m (31 FAILED)[39m (skipped 39) (0 secs / 0.166 secs)
[1A[2KHeadlessChrome 75.0.3770 (Linux 0.0.0): Executed 195 of 236[31m (31 FAILED)[39m (skipped 39) (0 secs / 0.166 secs)
[1A[2KHeadlessChrome 75.0.3770 (Linux 0.0.0): Executed 196 of 236[31m (31 FAILED)[39m (skipped 39) (0 secs / 0.167 secs)
[1A[2KHeadlessChrome 75.0.3770 (Linux 0.0.0): Executed 197 of 236[31m (31 FAILED)[39m (skipped 39) (0 secs / 0.168 secs)
[1A[2KHeadlessChrome 75.0.3770 (Linux 0.0.0): Executed 197 of 236[31m (31 FAILED)[39m (skipped 39) (0.375 secs / 0.168 secs)
[31mTOTAL: 31 FAILED, 166 SUCCESS[39m
[34mℹ[39m [90m｢wdm｣[39m: Compiling...


 SMP  ⏱  
General output time took 0.502 secs

 SMP  ⏱  Loaders
babel-loader took 0.428 secs
  module count = 1



[34mℹ[39m [90m｢wdm｣[39m: Hash: [1m08a495eaf73c490836cd[39m[22m
Version: webpack [1m4.41.0[39m[22m
Time: [1m502[39m[22mms
Built at: 2019-10-10 [1m17:22:28[39m[22m
                                     [1mAsset[39m[22m      [1mSize[39m[22m                                   [1mChunks[39m[22m  [1m[39m[22m           [1m[39m[22m[1mChunk Names[39m[22m
                                   [1m[32mmain.js[39m[22m  93.6 KiB                                     [1mmain[39m[22m  [1m[32m[emitted][39m[22m  main
            [1m[32msrc/main/javascript/scripts.js[39m[22m  93.6 KiB              [1msrc/main/javascript/scripts[39m[22m  [1m[32m[emitted][39m[22m  src/main/javascript/scripts
[1m[32msrc/test/javascript/feature/redux.steps.js[39m[22m  88.4 KiB  [1msrc/test/javascript/feature/redux.steps[39m[22m  [1m[32m[39m[22m           src/test/javascript/feature/redux.steps
Entrypoint [1mmain[39m[22m = [1m[32mmain.js[39m[22m
Entrypoint [1msrc/main/javascript/scripts[39m[22m = [1m[32msrc/main/javascript/scripts.js[39m[22m
Entrypoint [1msrc/test/javascript/feature/redux.steps[39m[22m = [1m[32msrc/test/javascript/feature/redux.steps.js[39m[22m
[[1m../node_modules/object-assign/index.js[39m[22m] 2.06 KiB {[1m[33msrc/test/javascript/feature/redux.steps[39m[22m}
[[1m../node_modules/prop-types/checkPropTypes.js[39m[22m] 3.69 KiB {[1m[33msrc/test/javascript/feature/redux.steps[39m[22m}
[[1m../node_modules/prop-types/lib/ReactPropTypesSecret.js[39m[22m] 314 bytes {[1m[33msrc/test/javascript/feature/redux.steps[39m[22m}
[[1m../node_modules/react/cjs/react.development.js[39m[22m] 73.3 KiB {[1m[33msrc/test/javascript/feature/redux.steps[39m[22m}
[[1m../node_modules/react/index.js[39m[22m] 190 bytes {[1m[33msrc/test/javascript/feature/redux.steps[39m[22m}
[[1m../node_modules/redux-logger/dist/redux-logger.js[39m[22m] 10.3 KiB {[1m[33mmain[39m[22m} {[1m[33msrc/main/javascript/scripts[39m[22m}
[[1m../node_modules/redux/es/redux.js[39m[22m] 23.5 KiB {[1m[33mmain[39m[22m} {[1m[33msrc/main/javascript/scripts[39m[22m}
[[1m../node_modules/symbol-observable/es/index.js[39m[22m] 403 bytes {[1m[33mmain[39m[22m} {[1m[33msrc/main/javascript/scripts[39m[22m}
[[1m../node_modules/symbol-observable/es/ponyfill.js[39m[22m] 333 bytes {[1m[33mmain[39m[22m} {[1m[33msrc/main/javascript/scripts[39m[22m}
[[1m../node_modules/webpack/buildin/global.js[39m[22m] 472 bytes {[1m[33mmain[39m[22m} {[1m[33msrc/main/javascript/scripts[39m[22m}
[[1m../node_modules/webpack/buildin/harmony-module.js[39m[22m] 573 bytes {[1m[33mmain[39m[22m} {[1m[33msrc/main/javascript/scripts[39m[22m}
[[1m./main/javascript/scripts.js[39m[22m] 50.1 KiB {[1m[33mmain[39m[22m} {[1m[33msrc/main/javascript/scripts[39m[22m}[1m[32m [built][39m[22m
[[1m./test/javascript/feature/redux.steps.js[39m[22m] 3.04 KiB {[1m[33msrc/test/javascript/feature/redux.steps[39m[22m}
[34mℹ[39m [90m｢wdm｣[39m: Compiled successfully.
[32m10 10 2019 17:22:28.037:INFO [filelist]: [39mChanged file "/home/hmt/hmtgithub/redux-forth/src/main/javascript/scripts.js".
HeadlessChrome 75.0.3770 (Linux 0.0.0) LOG: [36m'%c prev state', 'color: #9E9E9E; font-weight: bold', Object{numberStack: [], dictionary: Object{}, displayStack: []}[39m

HeadlessChrome 75.0.3770 (Linux 0.0.0) LOG: [36m'%c action    ', 'color: #03A9F4; font-weight: bold', Object{type: 'CLEAR_INTEGER_STACK'}[39m

HeadlessChrome 75.0.3770 (Linux 0.0.0) LOG: [36m'%c next state', 'color: #4CAF50; font-weight: bold', Object{numberStack: [], dictionary: Object{}, displayStack: []}[39m

HeadlessChrome 75.0.3770 (Linux 0.0.0) LOG: [36m'%c prev state', 'color: #9E9E9E; font-weight: bold', Object{numberStack: [], dictionary: Object{}, displayStack: []}[39m

HeadlessChrome 75.0.3770 (Linux 0.0.0) LOG: [36m'%c action    ', 'color: #03A9F4; font-weight: bold', Object{type: 'CLEAR_DISPLAY_STACK'}[39m

HeadlessChrome 75.0.3770 (Linux 0.0.0) LOG: [36m'%c next state', 'color: #4CAF50; font-weight: bold', Object{numberStack: [], dictionary: Object{}, displayStack: []}[39m

HeadlessChrome 75.0.3770 (Linux 0.0.0) LOG: [36m'======', 2[39m

HeadlessChrome 75.0.3770 (Linux 0.0.0) LOG: [36m'%c prev state', 'color: #9E9E9E; font-weight: bold', Object{numberStack: [], dictionary: Object{}, displayStack: []}[39m

HeadlessChrome 75.0.3770 (Linux 0.0.0) LOG: [36m'%c action    ', 'color: #03A9F4; font-weight: bold', Object{type: 2}[39m

HeadlessChrome 75.0.3770 (Linux 0.0.0) LOG: [36m'%c next state', 'color: #4CAF50; font-weight: bold', Object{numberStack: [2], dictionary: Object{}, displayStack: []}[39m

HeadlessChrome 75.0.3770 (Linux 0.0.0) LOG: [36m'======', 3[39m

HeadlessChrome 75.0.3770 (Linux 0.0.0) LOG: [36m'%c prev state', 'color: #9E9E9E; font-weight: bold', Object{numberStack: [2], dictionary: Object{}, displayStack: []}[39m

HeadlessChrome 75.0.3770 (Linux 0.0.0) LOG: [36m'%c action    ', 'color: #03A9F4; font-weight: bold', Object{type: 3}[39m

HeadlessChrome 75.0.3770 (Linux 0.0.0) LOG: [36m'%c next state', 'color: #4CAF50; font-weight: bold', Object{numberStack: [2, 3], dictionary: Object{}, displayStack: []}[39m

HeadlessChrome 75.0.3770 (Linux 0.0.0) LOG: [36m'%c prev state', 'color: #9E9E9E; font-weight: bold', Object{numberStack: [2, 3], dictionary: Object{}, displayStack: []}[39m

HeadlessChrome 75.0.3770 (Linux 0.0.0) LOG: [36m'%c action    ', 'color: #03A9F4; font-weight: bold', Object{type: '*'}[39m

HeadlessChrome 75.0.3770 (Linux 0.0.0) LOG: [36m'%c next state', 'color: #4CAF50; font-weight: bold', Object{numberStack: [6], dictionary: Object{}, displayStack: []}[39m

HeadlessChrome 75.0.3770 (Linux 0.0.0) LOG: [36m'%c prev state', 'color: #9E9E9E; font-weight: bold', Object{numberStack: [6], dictionary: Object{}, displayStack: []}[39m

HeadlessChrome 75.0.3770 (Linux 0.0.0) LOG: [36m'%c action    ', 'color: #03A9F4; font-weight: bold', Object{type: 'CLEAR_INTEGER_STACK'}[39m

HeadlessChrome 75.0.3770 (Linux 0.0.0) LOG: [36m'%c next state', 'color: #4CAF50; font-weight: bold', Object{numberStack: [], dictionary: Object{}, displayStack: []}[39m

HeadlessChrome 75.0.3770 (Linux 0.0.0) LOG: [36m'%c prev state', 'color: #9E9E9E; font-weight: bold', Object{numberStack: [], dictionary: Object{}, displayStack: []}[39m

HeadlessChrome 75.0.3770 (Linux 0.0.0) LOG: [36m'%c action    ', 'color: #03A9F4; font-weight: bold', Object{type: 'CLEAR_DISPLAY_STACK'}[39m

HeadlessChrome 75.0.3770 (Linux 0.0.0) LOG: [36m'%c next state', 'color: #4CAF50; font-weight: bold', Object{numberStack: [], dictionary: Object{}, displayStack: []}[39m

HeadlessChrome 75.0.3770 (Linux 0.0.0) LOG: [36m'======', 29[39m

HeadlessChrome 75.0.3770 (Linux 0.0.0) LOG: [36m'%c prev state', 'color: #9E9E9E; font-weight: bold', Object{numberStack: [], dictionary: Object{}, displayStack: []}[39m

HeadlessChrome 75.0.3770 (Linux 0.0.0) LOG: [36m'%c action    ', 'color: #03A9F4; font-weight: bold', Object{type: 29}[39m

HeadlessChrome 75.0.3770 (Linux 0.0.0) LOG: [36m'%c next state', 'color: #4CAF50; font-weight: bold', Object{numberStack: [29], dictionary: Object{}, displayStack: []}[39m

HeadlessChrome 75.0.3770 (Linux 0.0.0) LOG: [36m'======', 10[39m

HeadlessChrome 75.0.3770 (Linux 0.0.0) LOG: [36m'%c prev state', 'color: #9E9E9E; font-weight: bold', Object{numberStack: [29], dictionary: Object{}, displayStack: []}[39m

HeadlessChrome 75.0.3770 (Linux 0.0.0) LOG: [36m'%c action    ', 'color: #03A9F4; font-weight: bold', Object{type: 10}[39m

HeadlessChrome 75.0.3770 (Linux 0.0.0) LOG: [36m'%c next state', 'color: #4CAF50; font-weight: bold', Object{numberStack: [29, 10], dictionary: Object{}, displayStack: []}[39m

HeadlessChrome 75.0.3770 (Linux 0.0.0) LOG: [36m'%c prev state', 'color: #9E9E9E; font-weight: bold', Object{numberStack: [29, 10], dictionary: Object{}, displayStack: []}[39m

HeadlessChrome 75.0.3770 (Linux 0.0.0) LOG: [36m'%c action    ', 'color: #03A9F4; font-weight: bold', Object{type: '/'}[39m

HeadlessChrome 75.0.3770 (Linux 0.0.0) LOG: [36m'%c next state', 'color: #4CAF50; font-weight: bold', Object{numberStack: [2], dictionary: Object{}, displayStack: []}[39m

HeadlessChrome 75.0.3770 (Linux 0.0.0) LOG: [36m'%c prev state', 'color: #9E9E9E; font-weight: bold', Object{numberStack: [2], dictionary: Object{}, displayStack: []}[39m

HeadlessChrome 75.0.3770 (Linux 0.0.0) LOG: [36m'%c action    ', 'color: #03A9F4; font-weight: bold', Object{type: 'CLEAR_INTEGER_STACK'}[39m

HeadlessChrome 75.0.3770 (Linux 0.0.0) LOG: [36m'%c next state', 'color: #4CAF50; font-weight: bold', Object{numberStack: [], dictionary: Object{}, displayStack: []}[39m

HeadlessChrome 75.0.3770 (Linux 0.0.0) LOG: [36m'%c prev state', 'color: #9E9E9E; font-weight: bold', Object{numberStack: [], dictionary: Object{}, displayStack: []}[39m

HeadlessChrome 75.0.3770 (Linux 0.0.0) LOG: [36m'%c action    ', 'color: #03A9F4; font-weight: bold', Object{type: 'CLEAR_DISPLAY_STACK'}[39m

HeadlessChrome 75.0.3770 (Linux 0.0.0) LOG: [36m'%c next state', 'color: #4CAF50; font-weight: bold', Object{numberStack: [], dictionary: Object{}, displayStack: []}[39m

HeadlessChrome 75.0.3770 (Linux 0.0.0) LOG: [36m'======', 4[39m

HeadlessChrome 75.0.3770 (Linux 0.0.0) LOG: [36m'%c prev state', 'color: #9E9E9E; font-weight: bold', Object{numberStack: [], dictionary: Object{}, displayStack: []}[39m

HeadlessChrome 75.0.3770 (Linux 0.0.0) LOG: [36m'%c action    ', 'color: #03A9F4; font-weight: bold', Object{type: 4}[39m

HeadlessChrome 75.0.3770 (Linux 0.0.0) LOG: [36m'%c next state', 'color: #4CAF50; font-weight: bold', Object{numberStack: [4], dictionary: Object{}, displayStack: []}[39m

HeadlessChrome 75.0.3770 (Linux 0.0.0) LOG: [36m'======', 9[39m

HeadlessChrome 75.0.3770 (Linux 0.0.0) LOG: [36m'%c prev state', 'color: #9E9E9E; font-weight: bold', Object{numberStack: [4], dictionary: Object{}, displayStack: []}[39m

HeadlessChrome 75.0.3770 (Linux 0.0.0) LOG: [36m'%c action    ', 'color: #03A9F4; font-weight: bold', Object{type: 9}[39m

HeadlessChrome 75.0.3770 (Linux 0.0.0) LOG: [36m'%c next state', 'color: #4CAF50; font-weight: bold', Object{numberStack: [4, 9], dictionary: Object{}, displayStack: []}[39m

HeadlessChrome 75.0.3770 (Linux 0.0.0) LOG: [36m'%c prev state', 'color: #9E9E9E; font-weight: bold', Object{numberStack: [4, 9], dictionary: Object{}, displayStack: []}[39m

HeadlessChrome 75.0.3770 (Linux 0.0.0) LOG: [36m'%c action    ', 'color: #03A9F4; font-weight: bold', Object{type: '+'}[39m

HeadlessChrome 75.0.3770 (Linux 0.0.0) LOG: [36m'%c next state', 'color: #4CAF50; font-weight: bold', Object{numberStack: [13], dictionary: Object{}, displayStack: []}[39m

HeadlessChrome 75.0.3770 (Linux 0.0.0) LOG: [36m'%c prev state', 'color: #9E9E9E; font-weight: bold', Object{numberStack: [13], dictionary: Object{}, displayStack: []}[39m

HeadlessChrome 75.0.3770 (Linux 0.0.0) LOG: [36m'%c action    ', 'color: #03A9F4; font-weight: bold', Object{type: 'CLEAR_INTEGER_STACK'}[39m

HeadlessChrome 75.0.3770 (Linux 0.0.0) LOG: [36m'%c next state', 'color: #4CAF50; font-weight: bold', Object{numberStack: [], dictionary: Object{}, displayStack: []}[39m

HeadlessChrome 75.0.3770 (Linux 0.0.0) LOG: [36m'%c prev state', 'color: #9E9E9E; font-weight: bold', Object{numberStack: [], dictionary: Object{}, displayStack: []}[39m

HeadlessChrome 75.0.3770 (Linux 0.0.0) LOG: [36m'%c action    ', 'color: #03A9F4; font-weight: bold', Object{type: 'CLEAR_DISPLAY_STACK'}[39m

HeadlessChrome 75.0.3770 (Linux 0.0.0) LOG: [36m'%c next state', 'color: #4CAF50; font-weight: bold', Object{numberStack: [], dictionary: Object{}, displayStack: []}[39m

HeadlessChrome 75.0.3770 (Linux 0.0.0) LOG: [36m'======', 20[39m

HeadlessChrome 75.0.3770 (Linux 0.0.0) LOG: [36m'%c prev state', 'color: #9E9E9E; font-weight: bold', Object{numberStack: [], dictionary: Object{}, displayStack: []}[39m

HeadlessChrome 75.0.3770 (Linux 0.0.0) LOG: [36m'%c action    ', 'color: #03A9F4; font-weight: bold', Object{type: 20}[39m

HeadlessChrome 75.0.3770 (Linux 0.0.0) LOG: [36m'%c next state', 'color: #4CAF50; font-weight: bold', Object{numberStack: [20], dictionary: Object{}, displayStack: []}[39m

HeadlessChrome 75.0.3770 (Linux 0.0.0) LOG: [36m'======', 10[39m

HeadlessChrome 75.0.3770 (Linux 0.0.0) LOG: [36m'%c prev state', 'color: #9E9E9E; font-weight: bold', Object{numberStack: [20], dictionary: Object{}, displayStack: []}[39m

HeadlessChrome 75.0.3770 (Linux 0.0.0) LOG: [36m'%c action    ', 'color: #03A9F4; font-weight: bold', Object{type: 10}[39m

HeadlessChrome 75.0.3770 (Linux 0.0.0) LOG: [36m'%c next state', 'color: #4CAF50; font-weight: bold', Object{numberStack: [20, 10], dictionary: Object{}, displayStack: []}[39m

HeadlessChrome 75.0.3770 (Linux 0.0.0) LOG: [36m'%c prev state', 'color: #9E9E9E; font-weight: bold', Object{numberStack: [20, 10], dictionary: Object{}, displayStack: []}[39m

HeadlessChrome 75.0.3770 (Linux 0.0.0) LOG: [36m'%c action    ', 'color: #03A9F4; font-weight: bold', Object{type: '-'}[39m

HeadlessChrome 75.0.3770 (Linux 0.0.0) LOG: [36m'%c next state', 'color: #4CAF50; font-weight: bold', Object{numberStack: [10], dictionary: Object{}, displayStack: []}[39m

HeadlessChrome 75.0.3770 (Linux 0.0.0) LOG: [36m'%c prev state', 'color: #9E9E9E; font-weight: bold', Object{numberStack: [10], dictionary: Object{}, displayStack: []}[39m

HeadlessChrome 75.0.3770 (Linux 0.0.0) LOG: [36m'%c action    ', 'color: #03A9F4; font-weight: bold', Object{type: 'CLEAR_INTEGER_STACK'}[39m

HeadlessChrome 75.0.3770 (Linux 0.0.0) LOG: [36m'%c next state', 'color: #4CAF50; font-weight: bold', Object{numberStack: [], dictionary: Object{}, displayStack: []}[39m

HeadlessChrome 75.0.3770 (Linux 0.0.0) LOG: [36m'%c prev state', 'color: #9E9E9E; font-weight: bold', Object{numberStack: [], dictionary: Object{}, displayStack: []}[39m

HeadlessChrome 75.0.3770 (Linux 0.0.0) LOG: [36m'%c action    ', 'color: #03A9F4; font-weight: bold', Object{type: 'CLEAR_DISPLAY_STACK'}[39m

HeadlessChrome 75.0.3770 (Linux 0.0.0) LOG: [36m'%c next state', 'color: #4CAF50; font-weight: bold', Object{numberStack: [], dictionary: Object{}, displayStack: []}[39m

HeadlessChrome 75.0.3770 (Linux 0.0.0) LOG: [36m'======', 5[39m

HeadlessChrome 75.0.3770 (Linux 0.0.0) LOG: [36m'%c prev state', 'color: #9E9E9E; font-weight: bold', Object{numberStack: [], dictionary: Object{}, displayStack: []}[39m

HeadlessChrome 75.0.3770 (Linux 0.0.0) LOG: [36m'%c action    ', 'color: #03A9F4; font-weight: bold', Object{type: 5}[39m

HeadlessChrome 75.0.3770 (Linux 0.0.0) LOG: [36m'%c next state', 'color: #4CAF50; font-weight: bold', Object{numberStack: [5], dictionary: Object{}, displayStack: []}[39m

HeadlessChrome 75.0.3770 (Linux 0.0.0) LOG: [36m'======', 6[39m

HeadlessChrome 75.0.3770 (Linux 0.0.0) LOG: [36m'%c prev state', 'color: #9E9E9E; font-weight: bold', Object{numberStack: [5], dictionary: Object{}, displayStack: []}[39m

HeadlessChrome 75.0.3770 (Linux 0.0.0) LOG: [36m'%c action    ', 'color: #03A9F4; font-weight: bold', Object{type: 6}[39m

HeadlessChrome 75.0.3770 (Linux 0.0.0) LOG: [36m'%c next state', 'color: #4CAF50; font-weight: bold', Object{numberStack: [5, 6], dictionary: Object{}, displayStack: []}[39m

HeadlessChrome 75.0.3770 (Linux 0.0.0) LOG: [36m'%c prev state', 'color: #9E9E9E; font-weight: bold', Object{numberStack: [5, 6], dictionary: Object{}, displayStack: []}[39m

HeadlessChrome 75.0.3770 (Linux 0.0.0) LOG: [36m'%c action    ', 'color: #03A9F4; font-weight: bold', Object{type: '<'}[39m

HeadlessChrome 75.0.3770 (Linux 0.0.0) LOG: [36m'%c next state', 'color: #4CAF50; font-weight: bold', Object{numberStack: [-1], dictionary: Object{}, displayStack: []}[39m

HeadlessChrome 75.0.3770 (Linux 0.0.0) LOG: [36m'%c prev state', 'color: #9E9E9E; font-weight: bold', Object{numberStack: [-1], dictionary: Object{}, displayStack: []}[39m

HeadlessChrome 75.0.3770 (Linux 0.0.0) LOG: [36m'%c action    ', 'color: #03A9F4; font-weight: bold', Object{type: 'CLEAR_INTEGER_STACK'}[39m

HeadlessChrome 75.0.3770 (Linux 0.0.0) LOG: [36m'%c next state', 'color: #4CAF50; font-weight: bold', Object{numberStack: [], dictionary: Object{}, displayStack: []}[39m

HeadlessChrome 75.0.3770 (Linux 0.0.0) LOG: [36m'%c prev state', 'color: #9E9E9E; font-weight: bold', Object{numberStack: [], dictionary: Object{}, displayStack: []}[39m

HeadlessChrome 75.0.3770 (Linux 0.0.0) LOG: [36m'%c action    ', 'color: #03A9F4; font-weight: bold', Object{type: 'CLEAR_DISPLAY_STACK'}[39m

HeadlessChrome 75.0.3770 (Linux 0.0.0) LOG: [36m'%c next state', 'color: #4CAF50; font-weight: bold', Object{numberStack: [], dictionary: Object{}, displayStack: []}[39m

HeadlessChrome 75.0.3770 (Linux 0.0.0) LOG: [36m'======', 7[39m

HeadlessChrome 75.0.3770 (Linux 0.0.0) LOG: [36m'%c prev state', 'color: #9E9E9E; font-weight: bold', Object{numberStack: [], dictionary: Object{}, displayStack: []}[39m

HeadlessChrome 75.0.3770 (Linux 0.0.0) LOG: [36m'%c action    ', 'color: #03A9F4; font-weight: bold', Object{type: 7}[39m

HeadlessChrome 75.0.3770 (Linux 0.0.0) LOG: [36m'%c next state', 'color: #4CAF50; font-weight: bold', Object{numberStack: [7], dictionary: Object{}, displayStack: []}[39m

HeadlessChrome 75.0.3770 (Linux 0.0.0) LOG: [36m'======', 3[39m

HeadlessChrome 75.0.3770 (Linux 0.0.0) LOG: [36m'%c prev state', 'color: #9E9E9E; font-weight: bold', Object{numberStack: [7], dictionary: Object{}, displayStack: []}[39m

HeadlessChrome 75.0.3770 (Linux 0.0.0) LOG: [36m'%c action    ', 'color: #03A9F4; font-weight: bold', Object{type: 3}[39m

HeadlessChrome 75.0.3770 (Linux 0.0.0) LOG: [36m'%c next state', 'color: #4CAF50; font-weight: bold', Object{numberStack: [7, 3], dictionary: Object{}, displayStack: []}[39m

HeadlessChrome 75.0.3770 (Linux 0.0.0) LOG: [36m'%c prev state', 'color: #9E9E9E; font-weight: bold', Object{numberStack: [7, 3], dictionary: Object{}, displayStack: []}[39m

HeadlessChrome 75.0.3770 (Linux 0.0.0) LOG: [36m'%c action    ', 'color: #03A9F4; font-weight: bold', Object{type: '>'}[39m

HeadlessChrome 75.0.3770 (Linux 0.0.0) LOG: [36m'%c next state', 'color: #4CAF50; font-weight: bold', Object{numberStack: [-1], dictionary: Object{}, displayStack: []}[39m

HeadlessChrome 75.0.3770 (Linux 0.0.0) LOG: [36m'%c prev state', 'color: #9E9E9E; font-weight: bold', Object{numberStack: [-1], dictionary: Object{}, displayStack: []}[39m

HeadlessChrome 75.0.3770 (Linux 0.0.0) LOG: [36m'%c action    ', 'color: #03A9F4; font-weight: bold', Object{type: 'CLEAR_INTEGER_STACK'}[39m

HeadlessChrome 75.0.3770 (Linux 0.0.0) LOG: [36m'%c next state', 'color: #4CAF50; font-weight: bold', Object{numberStack: [], dictionary: Object{}, displayStack: []}[39m

HeadlessChrome 75.0.3770 (Linux 0.0.0) LOG: [36m'%c prev state', 'color: #9E9E9E; font-weight: bold', Object{numberStack: [], dictionary: Object{}, displayStack: []}[39m

HeadlessChrome 75.0.3770 (Linux 0.0.0) LOG: [36m'%c action    ', 'color: #03A9F4; font-weight: bold', Object{type: 'CLEAR_DISPLAY_STACK'}[39m

HeadlessChrome 75.0.3770 (Linux 0.0.0) LOG: [36m'%c next state', 'color: #4CAF50; font-weight: bold', Object{numberStack: [], dictionary: Object{}, displayStack: []}[39m

HeadlessChrome 75.0.3770 (Linux 0.0.0) LOG: [36m'======', 4[39m

HeadlessChrome 75.0.3770 (Linux 0.0.0) LOG: [36m'%c prev state', 'color: #9E9E9E; font-weight: bold', Object{numberStack: [], dictionary: Object{}, displayStack: []}[39m

HeadlessChrome 75.0.3770 (Linux 0.0.0) LOG: [36m'%c action    ', 'color: #03A9F4; font-weight: bold', Object{type: 4}[39m

HeadlessChrome 75.0.3770 (Linux 0.0.0) LOG: [36m'%c next state', 'color: #4CAF50; font-weight: bold', Object{numberStack: [4], dictionary: Object{}, displayStack: []}[39m

HeadlessChrome 75.0.3770 (Linux 0.0.0) LOG: [36m'======', 4[39m

HeadlessChrome 75.0.3770 (Linux 0.0.0) LOG: [36m'%c prev state', 'color: #9E9E9E; font-weight: bold', Object{numberStack: [4], dictionary: Object{}, displayStack: []}[39m

HeadlessChrome 75.0.3770 (Linux 0.0.0) LOG: [36m'%c action    ', 'color: #03A9F4; font-weight: bold', Object{type: 4}[39m

HeadlessChrome 75.0.3770 (Linux 0.0.0) LOG: [36m'%c next state', 'color: #4CAF50; font-weight: bold', Object{numberStack: [4, 4], dictionary: Object{}, displayStack: []}[39m

HeadlessChrome 75.0.3770 (Linux 0.0.0) LOG: [36m'%c prev state', 'color: #9E9E9E; font-weight: bold', Object{numberStack: [4, 4], dictionary: Object{}, displayStack: []}[39m

HeadlessChrome 75.0.3770 (Linux 0.0.0) LOG: [36m'%c action    ', 'color: #03A9F4; font-weight: bold', Object{type: '='}[39m

HeadlessChrome 75.0.3770 (Linux 0.0.0) LOG: [36m'%c next state', 'color: #4CAF50; font-weight: bold', Object{numberStack: [-1], dictionary: Object{}, displayStack: []}[39m

HeadlessChrome 75.0.3770 (Linux 0.0.0) LOG: [36m'%c prev state', 'color: #9E9E9E; font-weight: bold', Object{numberStack: [-1], dictionary: Object{}, displayStack: []}[39m

HeadlessChrome 75.0.3770 (Linux 0.0.0) LOG: [36m'%c action    ', 'color: #03A9F4; font-weight: bold', Object{type: 'CLEAR_INTEGER_STACK'}[39m

HeadlessChrome 75.0.3770 (Linux 0.0.0) LOG: [36m'%c next state', 'color: #4CAF50; font-weight: bold', Object{numberStack: [], dictionary: Object{}, displayStack: []}[39m

HeadlessChrome 75.0.3770 (Linux 0.0.0) LOG: [36m'%c prev state', 'color: #9E9E9E; font-weight: bold', Object{numberStack: [], dictionary: Object{}, displayStack: []}[39m

HeadlessChrome 75.0.3770 (Linux 0.0.0) LOG: [36m'%c action    ', 'color: #03A9F4; font-weight: bold', Object{type: 'CLEAR_DISPLAY_STACK'}[39m

HeadlessChrome 75.0.3770 (Linux 0.0.0) LOG: [36m'%c next state', 'color: #4CAF50; font-weight: bold', Object{numberStack: [], dictionary: Object{}, displayStack: []}[39m

HeadlessChrome 75.0.3770 (Linux 0.0.0) LOG: [36m'======', 50[39m

HeadlessChrome 75.0.3770 (Linux 0.0.0) LOG: [36m'%c prev state', 'color: #9E9E9E; font-weight: bold', Object{numberStack: [], dictionary: Object{}, displayStack: []}[39m

HeadlessChrome 75.0.3770 (Linux 0.0.0) LOG: [36m'%c action    ', 'color: #03A9F4; font-weight: bold', Object{type: 50}[39m

HeadlessChrome 75.0.3770 (Linux 0.0.0) LOG: [36m'%c next state', 'color: #4CAF50; font-weight: bold', Object{numberStack: [50], dictionary: Object{}, displayStack: []}[39m

HeadlessChrome 75.0.3770 (Linux 0.0.0) LOG: [36m'======', 20[39m

HeadlessChrome 75.0.3770 (Linux 0.0.0) LOG: [36m'%c prev state', 'color: #9E9E9E; font-weight: bold', Object{numberStack: [50], dictionary: Object{}, displayStack: []}[39m

HeadlessChrome 75.0.3770 (Linux 0.0.0) LOG: [36m'%c action    ', 'color: #03A9F4; font-weight: bold', Object{type: 20}[39m

HeadlessChrome 75.0.3770 (Linux 0.0.0) LOG: [36m'%c next state', 'color: #4CAF50; font-weight: bold', Object{numberStack: [50, 20], dictionary: Object{}, displayStack: []}[39m

HeadlessChrome 75.0.3770 (Linux 0.0.0) LOG: [36m'%c prev state', 'color: #9E9E9E; font-weight: bold', Object{numberStack: [50, 20], dictionary: Object{}, displayStack: []}[39m

HeadlessChrome 75.0.3770 (Linux 0.0.0) LOG: [36m'%c action    ', 'color: #03A9F4; font-weight: bold', Object{type: '<>'}[39m

HeadlessChrome 75.0.3770 (Linux 0.0.0) LOG: [36m'%c next state', 'color: #4CAF50; font-weight: bold', Object{numberStack: [-1], dictionary: Object{}, displayStack: []}[39m

HeadlessChrome 75.0.3770 (Linux 0.0.0) LOG: [36m'%c prev state', 'color: #9E9E9E; font-weight: bold', Object{numberStack: [-1], dictionary: Object{}, displayStack: []}[39m

HeadlessChrome 75.0.3770 (Linux 0.0.0) LOG: [36m'%c action    ', 'color: #03A9F4; font-weight: bold', Object{type: 'CLEAR_INTEGER_STACK'}[39m

HeadlessChrome 75.0.3770 (Linux 0.0.0) LOG: [36m'%c next state', 'color: #4CAF50; font-weight: bold', Object{numberStack: [], dictionary: Object{}, displayStack: []}[39m

HeadlessChrome 75.0.3770 (Linux 0.0.0) LOG: [36m'%c prev state', 'color: #9E9E9E; font-weight: bold', Object{numberStack: [], dictionary: Object{}, displayStack: []}[39m

HeadlessChrome 75.0.3770 (Linux 0.0.0) LOG: [36m'%c action    ', 'color: #03A9F4; font-weight: bold', Object{type: 'CLEAR_DISPLAY_STACK'}[39m

HeadlessChrome 75.0.3770 (Linux 0.0.0) LOG: [36m'%c next state', 'color: #4CAF50; font-weight: bold', Object{numberStack: [], dictionary: Object{}, displayStack: []}[39m

HeadlessChrome 75.0.3770 (Linux 0.0.0) LOG: [36m'======', 10[39m

HeadlessChrome 75.0.3770 (Linux 0.0.0) LOG: [36m'%c prev state', 'color: #9E9E9E; font-weight: bold', Object{numberStack: [], dictionary: Object{}, displayStack: []}[39m

HeadlessChrome 75.0.3770 (Linux 0.0.0) LOG: [36m'%c action    ', 'color: #03A9F4; font-weight: bold', Object{type: 10}[39m

HeadlessChrome 75.0.3770 (Linux 0.0.0) LOG: [36m'%c next state', 'color: #4CAF50; font-weight: bold', Object{numberStack: [10], dictionary: Object{}, displayStack: []}[39m

HeadlessChrome 75.0.3770 (Linux 0.0.0) LOG: [36m'======', 2[39m

HeadlessChrome 75.0.3770 (Linux 0.0.0) LOG: [36m'%c prev state', 'color: #9E9E9E; font-weight: bold', Object{numberStack: [10], dictionary: Object{}, displayStack: []}[39m

HeadlessChrome 75.0.3770 (Linux 0.0.0) LOG: [36m'%c action    ', 'color: #03A9F4; font-weight: bold', Object{type: 2}[39m

HeadlessChrome 75.0.3770 (Linux 0.0.0) LOG: [36m'%c next state', 'color: #4CAF50; font-weight: bold', Object{numberStack: [10, 2], dictionary: Object{}, displayStack: []}[39m

HeadlessChrome 75.0.3770 (Linux 0.0.0) LOG: [36m'%c prev state', 'color: #9E9E9E; font-weight: bold', Object{numberStack: [10, 2], dictionary: Object{}, displayStack: []}[39m

HeadlessChrome 75.0.3770 (Linux 0.0.0) LOG: [36m'%c action    ', 'color: #03A9F4; font-weight: bold', Object{type: '<'}[39m

HeadlessChrome 75.0.3770 (Linux 0.0.0) LOG: [36m'%c next state', 'color: #4CAF50; font-weight: bold', Object{numberStack: [0], dictionary: Object{}, displayStack: []}[39m

HeadlessChrome 75.0.3770 (Linux 0.0.0) LOG: [36m'%c prev state', 'color: #9E9E9E; font-weight: bold', Object{numberStack: [0], dictionary: Object{}, displayStack: []}[39m

HeadlessChrome 75.0.3770 (Linux 0.0.0) LOG: [36m'%c action    ', 'color: #03A9F4; font-weight: bold', Object{type: 'CLEAR_INTEGER_STACK'}[39m

HeadlessChrome 75.0.3770 (Linux 0.0.0) LOG: [36m'%c next state', 'color: #4CAF50; font-weight: bold', Object{numberStack: [], dictionary: Object{}, displayStack: []}[39m

HeadlessChrome 75.0.3770 (Linux 0.0.0) LOG: [36m'%c prev state', 'color: #9E9E9E; font-weight: bold', Object{numberStack: [], dictionary: Object{}, displayStack: []}[39m

HeadlessChrome 75.0.3770 (Linux 0.0.0) LOG: [36m'%c action    ', 'color: #03A9F4; font-weight: bold', Object{type: 'CLEAR_DISPLAY_STACK'}[39m

HeadlessChrome 75.0.3770 (Linux 0.0.0) LOG: [36m'%c next state', 'color: #4CAF50; font-weight: bold', Object{numberStack: [], dictionary: Object{}, displayStack: []}[39m

HeadlessChrome 75.0.3770 (Linux 0.0.0) LOG: [36m'======', 1[39m

HeadlessChrome 75.0.3770 (Linux 0.0.0) LOG: [36m'%c prev state', 'color: #9E9E9E; font-weight: bold', Object{numberStack: [], dictionary: Object{}, displayStack: []}[39m

HeadlessChrome 75.0.3770 (Linux 0.0.0) LOG: [36m'%c action    ', 'color: #03A9F4; font-weight: bold', Object{type: 1}[39m

HeadlessChrome 75.0.3770 (Linux 0.0.0) LOG: [36m'%c next state', 'color: #4CAF50; font-weight: bold', Object{numberStack: [1], dictionary: Object{}, displayStack: []}[39m

HeadlessChrome 75.0.3770 (Linux 0.0.0) LOG: [36m'======', 9[39m

HeadlessChrome 75.0.3770 (Linux 0.0.0) LOG: [36m'%c prev state', 'color: #9E9E9E; font-weight: bold', Object{numberStack: [1], dictionary: Object{}, displayStack: []}[39m

HeadlessChrome 75.0.3770 (Linux 0.0.0) LOG: [36m'%c action    ', 'color: #03A9F4; font-weight: bold', Object{type: 9}[39m

HeadlessChrome 75.0.3770 (Linux 0.0.0) LOG: [36m'%c next state', 'color: #4CAF50; font-weight: bold', Object{numberStack: [1, 9], dictionary: Object{}, displayStack: []}[39m

HeadlessChrome 75.0.3770 (Linux 0.0.0) LOG: [36m'%c prev state', 'color: #9E9E9E; font-weight: bold', Object{numberStack: [1, 9], dictionary: Object{}, displayStack: []}[39m

HeadlessChrome 75.0.3770 (Linux 0.0.0) LOG: [36m'%c action    ', 'color: #03A9F4; font-weight: bold', Object{type: '>'}[39m

HeadlessChrome 75.0.3770 (Linux 0.0.0) LOG: [36m'%c next state', 'color: #4CAF50; font-weight: bold', Object{numberStack: [0], dictionary: Object{}, displayStack: []}[39m

HeadlessChrome 75.0.3770 (Linux 0.0.0) LOG: [36m'%c prev state', 'color: #9E9E9E; font-weight: bold', Object{numberStack: [0], dictionary: Object{}, displayStack: []}[39m

HeadlessChrome 75.0.3770 (Linux 0.0.0) LOG: [36m'%c action    ', 'color: #03A9F4; font-weight: bold', Object{type: 'CLEAR_INTEGER_STACK'}[39m

HeadlessChrome 75.0.3770 (Linux 0.0.0) LOG: [36m'%c next state', 'color: #4CAF50; font-weight: bold', Object{numberStack: [], dictionary: Object{}, displayStack: []}[39m

HeadlessChrome 75.0.3770 (Linux 0.0.0) LOG: [36m'%c prev state', 'color: #9E9E9E; font-weight: bold', Object{numberStack: [], dictionary: Object{}, displayStack: []}[39m

HeadlessChrome 75.0.3770 (Linux 0.0.0) LOG: [36m'%c action    ', 'color: #03A9F4; font-weight: bold', Object{type: 'CLEAR_DISPLAY_STACK'}[39m

HeadlessChrome 75.0.3770 (Linux 0.0.0) LOG: [36m'%c next state', 'color: #4CAF50; font-weight: bold', Object{numberStack: [], dictionary: Object{}, displayStack: []}[39m

HeadlessChrome 75.0.3770 (Linux 0.0.0) LOG: [36m'======', 8[39m

HeadlessChrome 75.0.3770 (Linux 0.0.0) LOG: [36m'%c prev state', 'color: #9E9E9E; font-weight: bold', Object{numberStack: [], dictionary: Object{}, displayStack: []}[39m

HeadlessChrome 75.0.3770 (Linux 0.0.0) LOG: [36m'%c action    ', 'color: #03A9F4; font-weight: bold', Object{type: 8}[39m

HeadlessChrome 75.0.3770 (Linux 0.0.0) LOG: [36m'%c next state', 'color: #4CAF50; font-weight: bold', Object{numberStack: [8], dictionary: Object{}, displayStack: []}[39m

HeadlessChrome 75.0.3770 (Linux 0.0.0) LOG: [36m'======', 4[39m

HeadlessChrome 75.0.3770 (Linux 0.0.0) LOG: [36m'%c prev state', 'color: #9E9E9E; font-weight: bold', Object{numberStack: [8], dictionary: Object{}, displayStack: []}[39m

HeadlessChrome 75.0.3770 (Linux 0.0.0) LOG: [36m'%c action    ', 'color: #03A9F4; font-weight: bold', Object{type: 4}[39m

HeadlessChrome 75.0.3770 (Linux 0.0.0) LOG: [36m'%c next state', 'color: #4CAF50; font-weight: bold', Object{numberStack: [8, 4], dictionary: Object{}, displayStack: []}[39m

HeadlessChrome 75.0.3770 (Linux 0.0.0) LOG: [36m'%c prev state', 'color: #9E9E9E; font-weight: bold', Object{numberStack: [8, 4], dictionary: Object{}, displayStack: []}[39m

HeadlessChrome 75.0.3770 (Linux 0.0.0) LOG: [36m'%c action    ', 'color: #03A9F4; font-weight: bold', Object{type: '='}[39m

HeadlessChrome 75.0.3770 (Linux 0.0.0) LOG: [36m'%c next state', 'color: #4CAF50; font-weight: bold', Object{numberStack: [0], dictionary: Object{}, displayStack: []}[39m

HeadlessChrome 75.0.3770 (Linux 0.0.0) LOG: [36m'%c prev state', 'color: #9E9E9E; font-weight: bold', Object{numberStack: [0], dictionary: Object{}, displayStack: []}[39m

HeadlessChrome 75.0.3770 (Linux 0.0.0) LOG: [36m'%c action    ', 'color: #03A9F4; font-weight: bold', Object{type: 'CLEAR_INTEGER_STACK'}[39m

HeadlessChrome 75.0.3770 (Linux 0.0.0) LOG: [36m'%c next state', 'color: #4CAF50; font-weight: bold', Object{numberStack: [], dictionary: Object{}, displayStack: []}[39m

HeadlessChrome 75.0.3770 (Linux 0.0.0) LOG: [36m'%c prev state', 'color: #9E9E9E; font-weight: bold', Object{numberStack: [], dictionary: Object{}, displayStack: []}[39m

HeadlessChrome 75.0.3770 (Linux 0.0.0) LOG: [36m'%c action    ', 'color: #03A9F4; font-weight: bold', Object{type: 'CLEAR_DISPLAY_STACK'}[39m

HeadlessChrome 75.0.3770 (Linux 0.0.0) LOG: [36m'%c next state', 'color: #4CAF50; font-weight: bold', Object{numberStack: [], dictionary: Object{}, displayStack: []}[39m

HeadlessChrome 75.0.3770 (Linux 0.0.0) LOG: [36m'======', 4[39m

HeadlessChrome 75.0.3770 (Linux 0.0.0) LOG: [36m'%c prev state', 'color: #9E9E9E; font-weight: bold', Object{numberStack: [], dictionary: Object{}, displayStack: []}[39m

HeadlessChrome 75.0.3770 (Linux 0.0.0) LOG: [36m'%c action    ', 'color: #03A9F4; font-weight: bold', Object{type: 4}[39m

HeadlessChrome 75.0.3770 (Linux 0.0.0) LOG: [36m'%c next state', 'color: #4CAF50; font-weight: bold', Object{numberStack: [4], dictionary: Object{}, displayStack: []}[39m

HeadlessChrome 75.0.3770 (Linux 0.0.0) LOG: [36m'======', 4[39m

HeadlessChrome 75.0.3770 (Linux 0.0.0) LOG: [36m'%c prev state', 'color: #9E9E9E; font-weight: bold', Object{numberStack: [4], dictionary: Object{}, displayStack: []}[39m

HeadlessChrome 75.0.3770 (Linux 0.0.0) LOG: [36m'%c action    ', 'color: #03A9F4; font-weight: bold', Object{type: 4}[39m

HeadlessChrome 75.0.3770 (Linux 0.0.0) LOG: [36m'%c next state', 'color: #4CAF50; font-weight: bold', Object{numberStack: [4, 4], dictionary: Object{}, displayStack: []}[39m

HeadlessChrome 75.0.3770 (Linux 0.0.0) LOG: [36m'%c prev state', 'color: #9E9E9E; font-weight: bold', Object{numberStack: [4, 4], dictionary: Object{}, displayStack: []}[39m

HeadlessChrome 75.0.3770 (Linux 0.0.0) LOG: [36m'%c action    ', 'color: #03A9F4; font-weight: bold', Object{type: '<>'}[39m

HeadlessChrome 75.0.3770 (Linux 0.0.0) LOG: [36m'%c next state', 'color: #4CAF50; font-weight: bold', Object{numberStack: [0], dictionary: Object{}, displayStack: []}[39m

HeadlessChrome 75.0.3770 (Linux 0.0.0) LOG: [36m'%c prev state', 'color: #9E9E9E; font-weight: bold', Object{numberStack: [0], dictionary: Object{}, displayStack: []}[39m

HeadlessChrome 75.0.3770 (Linux 0.0.0) LOG: [36m'%c action    ', 'color: #03A9F4; font-weight: bold', Object{type: 'CLEAR_INTEGER_STACK'}[39m

HeadlessChrome 75.0.3770 (Linux 0.0.0) LOG: [36m'%c next state', 'color: #4CAF50; font-weight: bold', Object{numberStack: [], dictionary: Object{}, displayStack: []}[39m

HeadlessChrome 75.0.3770 (Linux 0.0.0) LOG: [36m'%c prev state', 'color: #9E9E9E; font-weight: bold', Object{numberStack: [], dictionary: Object{}, displayStack: []}[39m

HeadlessChrome 75.0.3770 (Linux 0.0.0) LOG: [36m'%c action    ', 'color: #03A9F4; font-weight: bold', Object{type: 'CLEAR_DISPLAY_STACK'}[39m

HeadlessChrome 75.0.3770 (Linux 0.0.0) LOG: [36m'%c next state', 'color: #4CAF50; font-weight: bold', Object{numberStack: [], dictionary: Object{}, displayStack: []}[39m

HeadlessChrome 75.0.3770 (Linux 0.0.0) LOG: [36m'======', 3[39m

HeadlessChrome 75.0.3770 (Linux 0.0.0) LOG: [36m'%c prev state', 'color: #9E9E9E; font-weight: bold', Object{numberStack: [], dictionary: Object{}, displayStack: []}[39m

HeadlessChrome 75.0.3770 (Linux 0.0.0) LOG: [36m'%c action    ', 'color: #03A9F4; font-weight: bold', Object{type: 3}[39m

HeadlessChrome 75.0.3770 (Linux 0.0.0) LOG: [36m'%c next state', 'color: #4CAF50; font-weight: bold', Object{numberStack: [3], dictionary: Object{}, displayStack: []}[39m

HeadlessChrome 75.0.3770 (Linux 0.0.0) LOG: [36m'%c prev state', 'color: #9E9E9E; font-weight: bold', Object{numberStack: [3], dictionary: Object{}, displayStack: []}[39m

HeadlessChrome 75.0.3770 (Linux 0.0.0) LOG: [36m'%c action    ', 'color: #03A9F4; font-weight: bold', Object{type: '1-'}[39m

HeadlessChrome 75.0.3770 (Linux 0.0.0) LOG: [36m'%c next state', 'color: #4CAF50; font-weight: bold', Object{numberStack: [2], dictionary: Object{}, displayStack: []}[39m

HeadlessChrome 75.0.3770 (Linux 0.0.0) LOG: [36m'%c prev state', 'color: #9E9E9E; font-weight: bold', Object{numberStack: [2], dictionary: Object{}, displayStack: []}[39m

HeadlessChrome 75.0.3770 (Linux 0.0.0) LOG: [36m'%c action    ', 'color: #03A9F4; font-weight: bold', Object{type: 'CLEAR_INTEGER_STACK'}[39m

HeadlessChrome 75.0.3770 (Linux 0.0.0) LOG: [36m'%c next state', 'color: #4CAF50; font-weight: bold', Object{numberStack: [], dictionary: Object{}, displayStack: []}[39m

HeadlessChrome 75.0.3770 (Linux 0.0.0) LOG: [36m'%c prev state', 'color: #9E9E9E; font-weight: bold', Object{numberStack: [], dictionary: Object{}, displayStack: []}[39m

HeadlessChrome 75.0.3770 (Linux 0.0.0) LOG: [36m'%c action    ', 'color: #03A9F4; font-weight: bold', Object{type: 'CLEAR_DISPLAY_STACK'}[39m

HeadlessChrome 75.0.3770 (Linux 0.0.0) LOG: [36m'%c next state', 'color: #4CAF50; font-weight: bold', Object{numberStack: [], dictionary: Object{}, displayStack: []}[39m

HeadlessChrome 75.0.3770 (Linux 0.0.0) LOG: [36m'======', 29[39m

HeadlessChrome 75.0.3770 (Linux 0.0.0) LOG: [36m'%c prev state', 'color: #9E9E9E; font-weight: bold', Object{numberStack: [], dictionary: Object{}, displayStack: []}[39m

HeadlessChrome 75.0.3770 (Linux 0.0.0) LOG: [36m'%c action    ', 'color: #03A9F4; font-weight: bold', Object{type: 29}[39m

HeadlessChrome 75.0.3770 (Linux 0.0.0) LOG: [36m'%c next state', 'color: #4CAF50; font-weight: bold', Object{numberStack: [29], dictionary: Object{}, displayStack: []}[39m

HeadlessChrome 75.0.3770 (Linux 0.0.0) LOG: [36m'%c prev state', 'color: #9E9E9E; font-weight: bold', Object{numberStack: [29], dictionary: Object{}, displayStack: []}[39m

HeadlessChrome 75.0.3770 (Linux 0.0.0) LOG: [36m'%c action    ', 'color: #03A9F4; font-weight: bold', Object{type: '1+'}[39m

HeadlessChrome 75.0.3770 (Linux 0.0.0) LOG: [36m'%c next state', 'color: #4CAF50; font-weight: bold', Object{numberStack: [30], dictionary: Object{}, displayStack: []}[39m

HeadlessChrome 75.0.3770 (Linux 0.0.0) LOG: [36m'%c prev state', 'color: #9E9E9E; font-weight: bold', Object{numberStack: [30], dictionary: Object{}, displayStack: []}[39m

HeadlessChrome 75.0.3770 (Linux 0.0.0) LOG: [36m'%c action    ', 'color: #03A9F4; font-weight: bold', Object{type: 'CLEAR_INTEGER_STACK'}[39m

HeadlessChrome 75.0.3770 (Linux 0.0.0) LOG: [36m'%c next state', 'color: #4CAF50; font-weight: bold', Object{numberStack: [], dictionary: Object{}, displayStack: []}[39m

HeadlessChrome 75.0.3770 (Linux 0.0.0) LOG: [36m'%c prev state', 'color: #9E9E9E; font-weight: bold', Object{numberStack: [], dictionary: Object{}, displayStack: []}[39m

HeadlessChrome 75.0.3770 (Linux 0.0.0) LOG: [36m'%c action    ', 'color: #03A9F4; font-weight: bold', Object{type: 'CLEAR_DISPLAY_STACK'}[39m

HeadlessChrome 75.0.3770 (Linux 0.0.0) LOG: [36m'%c next state', 'color: #4CAF50; font-weight: bold', Object{numberStack: [], dictionary: Object{}, displayStack: []}[39m

HeadlessChrome 75.0.3770 (Linux 0.0.0) LOG: [36m'======', 6[39m

HeadlessChrome 75.0.3770 (Linux 0.0.0) LOG: [36m'%c prev state', 'color: #9E9E9E; font-weight: bold', Object{numberStack: [], dictionary: Object{}, displayStack: []}[39m

HeadlessChrome 75.0.3770 (Linux 0.0.0) LOG: [36m'%c action    ', 'color: #03A9F4; font-weight: bold', Object{type: 6}[39m

HeadlessChrome 75.0.3770 (Linux 0.0.0) LOG: [36m'%c next state', 'color: #4CAF50; font-weight: bold', Object{numberStack: [6], dictionary: Object{}, displayStack: []}[39m

HeadlessChrome 75.0.3770 (Linux 0.0.0) LOG: [36m'%c prev state', 'color: #9E9E9E; font-weight: bold', Object{numberStack: [6], dictionary: Object{}, displayStack: []}[39m

HeadlessChrome 75.0.3770 (Linux 0.0.0) LOG: [36m'%c action    ', 'color: #03A9F4; font-weight: bold', Object{type: '2-'}[39m

HeadlessChrome 75.0.3770 (Linux 0.0.0) LOG: [36m'%c next state', 'color: #4CAF50; font-weight: bold', Object{numberStack: [4], dictionary: Object{}, displayStack: []}[39m

HeadlessChrome 75.0.3770 (Linux 0.0.0) LOG: [36m'%c prev state', 'color: #9E9E9E; font-weight: bold', Object{numberStack: [4], dictionary: Object{}, displayStack: []}[39m

HeadlessChrome 75.0.3770 (Linux 0.0.0) LOG: [36m'%c action    ', 'color: #03A9F4; font-weight: bold', Object{type: 'CLEAR_INTEGER_STACK'}[39m

HeadlessChrome 75.0.3770 (Linux 0.0.0) LOG: [36m'%c next state', 'color: #4CAF50; font-weight: bold', Object{numberStack: [], dictionary: Object{}, displayStack: []}[39m

HeadlessChrome 75.0.3770 (Linux 0.0.0) LOG: [36m'%c prev state', 'color: #9E9E9E; font-weight: bold', Object{numberStack: [], dictionary: Object{}, displayStack: []}[39m

HeadlessChrome 75.0.3770 (Linux 0.0.0) LOG: [36m'%c action    ', 'color: #03A9F4; font-weight: bold', Object{type: 'CLEAR_DISPLAY_STACK'}[39m

HeadlessChrome 75.0.3770 (Linux 0.0.0) LOG: [36m'%c next state', 'color: #4CAF50; font-weight: bold', Object{numberStack: [], dictionary: Object{}, displayStack: []}[39m

HeadlessChrome 75.0.3770 (Linux 0.0.0) LOG: [36m'======', 20[39m

HeadlessChrome 75.0.3770 (Linux 0.0.0) LOG: [36m'%c prev state', 'color: #9E9E9E; font-weight: bold', Object{numberStack: [], dictionary: Object{}, displayStack: []}[39m

HeadlessChrome 75.0.3770 (Linux 0.0.0) LOG: [36m'%c action    ', 'color: #03A9F4; font-weight: bold', Object{type: 20}[39m

HeadlessChrome 75.0.3770 (Linux 0.0.0) LOG: [36m'%c next state', 'color: #4CAF50; font-weight: bold', Object{numberStack: [20], dictionary: Object{}, displayStack: []}[39m

HeadlessChrome 75.0.3770 (Linux 0.0.0) LOG: [36m'%c prev state', 'color: #9E9E9E; font-weight: bold', Object{numberStack: [20], dictionary: Object{}, displayStack: []}[39m

HeadlessChrome 75.0.3770 (Linux 0.0.0) LOG: [36m'%c action    ', 'color: #03A9F4; font-weight: bold', Object{type: '2+'}[39m

HeadlessChrome 75.0.3770 (Linux 0.0.0) LOG: [36m'%c next state', 'color: #4CAF50; font-weight: bold', Object{numberStack: [22], dictionary: Object{}, displayStack: []}[39m

HeadlessChrome 75.0.3770 (Linux 0.0.0) LOG: [36m'%c prev state', 'color: #9E9E9E; font-weight: bold', Object{numberStack: [22], dictionary: Object{}, displayStack: []}[39m

HeadlessChrome 75.0.3770 (Linux 0.0.0) LOG: [36m'%c action    ', 'color: #03A9F4; font-weight: bold', Object{type: 'CLEAR_INTEGER_STACK'}[39m

HeadlessChrome 75.0.3770 (Linux 0.0.0) LOG: [36m'%c next state', 'color: #4CAF50; font-weight: bold', Object{numberStack: [], dictionary: Object{}, displayStack: []}[39m

HeadlessChrome 75.0.3770 (Linux 0.0.0) LOG: [36m'%c prev state', 'color: #9E9E9E; font-weight: bold', Object{numberStack: [], dictionary: Object{}, displayStack: []}[39m

HeadlessChrome 75.0.3770 (Linux 0.0.0) LOG: [36m'%c action    ', 'color: #03A9F4; font-weight: bold', Object{type: 'CLEAR_DISPLAY_STACK'}[39m

HeadlessChrome 75.0.3770 (Linux 0.0.0) LOG: [36m'%c next state', 'color: #4CAF50; font-weight: bold', Object{numberStack: [], dictionary: Object{}, displayStack: []}[39m

HeadlessChrome 75.0.3770 (Linux 0.0.0) LOG: [36m'======', 5[39m

HeadlessChrome 75.0.3770 (Linux 0.0.0) LOG: [36m'%c prev state', 'color: #9E9E9E; font-weight: bold', Object{numberStack: [], dictionary: Object{}, displayStack: []}[39m

HeadlessChrome 75.0.3770 (Linux 0.0.0) LOG: [36m'%c action    ', 'color: #03A9F4; font-weight: bold', Object{type: 5}[39m

HeadlessChrome 75.0.3770 (Linux 0.0.0) LOG: [36m'%c next state', 'color: #4CAF50; font-weight: bold', Object{numberStack: [5], dictionary: Object{}, displayStack: []}[39m

HeadlessChrome 75.0.3770 (Linux 0.0.0) LOG: [36m'%c prev state', 'color: #9E9E9E; font-weight: bold', Object{numberStack: [5], dictionary: Object{}, displayStack: []}[39m

HeadlessChrome 75.0.3770 (Linux 0.0.0) LOG: [36m'%c action    ', 'color: #03A9F4; font-weight: bold', Object{type: '25*'}[39m

HeadlessChrome 75.0.3770 (Linux 0.0.0) LOG: [36m'%c next state', 'color: #4CAF50; font-weight: bold', Object{numberStack: [125], dictionary: Object{}, displayStack: []}[39m

HeadlessChrome 75.0.3770 (Linux 0.0.0) LOG: [36m'%c prev state', 'color: #9E9E9E; font-weight: bold', Object{numberStack: [125], dictionary: Object{}, displayStack: []}[39m

HeadlessChrome 75.0.3770 (Linux 0.0.0) LOG: [36m'%c action    ', 'color: #03A9F4; font-weight: bold', Object{type: 'CLEAR_INTEGER_STACK'}[39m

HeadlessChrome 75.0.3770 (Linux 0.0.0) LOG: [36m'%c next state', 'color: #4CAF50; font-weight: bold', Object{numberStack: [], dictionary: Object{}, displayStack: []}[39m

HeadlessChrome 75.0.3770 (Linux 0.0.0) LOG: [36m'%c prev state', 'color: #9E9E9E; font-weight: bold', Object{numberStack: [], dictionary: Object{}, displayStack: []}[39m

HeadlessChrome 75.0.3770 (Linux 0.0.0) LOG: [36m'%c action    ', 'color: #03A9F4; font-weight: bold', Object{type: 'CLEAR_DISPLAY_STACK'}[39m

HeadlessChrome 75.0.3770 (Linux 0.0.0) LOG: [36m'%c next state', 'color: #4CAF50; font-weight: bold', Object{numberStack: [], dictionary: Object{}, displayStack: []}[39m

HeadlessChrome 75.0.3770 (Linux 0.0.0) LOG: [36m'======', 99[39m

HeadlessChrome 75.0.3770 (Linux 0.0.0) LOG: [36m'%c prev state', 'color: #9E9E9E; font-weight: bold', Object{numberStack: [], dictionary: Object{}, displayStack: []}[39m

HeadlessChrome 75.0.3770 (Linux 0.0.0) LOG: [36m'%c action    ', 'color: #03A9F4; font-weight: bold', Object{type: 99}[39m

HeadlessChrome 75.0.3770 (Linux 0.0.0) LOG: [36m'%c next state', 'color: #4CAF50; font-weight: bold', Object{numberStack: [99], dictionary: Object{}, displayStack: []}[39m

HeadlessChrome 75.0.3770 (Linux 0.0.0) LOG: [36m'%c prev state', 'color: #9E9E9E; font-weight: bold', Object{numberStack: [99], dictionary: Object{}, displayStack: []}[39m

HeadlessChrome 75.0.3770 (Linux 0.0.0) LOG: [36m'%c action    ', 'color: #03A9F4; font-weight: bold', Object{type: '30/'}[39m

HeadlessChrome 75.0.3770 (Linux 0.0.0) LOG: [36m'%c next state', 'color: #4CAF50; font-weight: bold', Object{numberStack: [3], dictionary: Object{}, displayStack: []}[39m

HeadlessChrome 75.0.3770 (Linux 0.0.0) LOG: [36m'%c prev state', 'color: #9E9E9E; font-weight: bold', Object{numberStack: [3], dictionary: Object{}, displayStack: []}[39m

HeadlessChrome 75.0.3770 (Linux 0.0.0) LOG: [36m'%c action    ', 'color: #03A9F4; font-weight: bold', Object{type: 'CLEAR_INTEGER_STACK'}[39m

HeadlessChrome 75.0.3770 (Linux 0.0.0) LOG: [36m'%c next state', 'color: #4CAF50; font-weight: bold', Object{numberStack: [], dictionary: Object{}, displayStack: []}[39m

HeadlessChrome 75.0.3770 (Linux 0.0.0) LOG: [36m'%c prev state', 'color: #9E9E9E; font-weight: bold', Object{numberStack: [], dictionary: Object{}, displayStack: []}[39m

HeadlessChrome 75.0.3770 (Linux 0.0.0) LOG: [36m'%c action    ', 'color: #03A9F4; font-weight: bold', Object{type: 'CLEAR_DISPLAY_STACK'}[39m

HeadlessChrome 75.0.3770 (Linux 0.0.0) LOG: [36m'%c next state', 'color: #4CAF50; font-weight: bold', Object{numberStack: [], dictionary: Object{}, displayStack: []}[39m

HeadlessChrome 75.0.3770 (Linux 0.0.0) LOG: [36m'%c prev state', 'color: #9E9E9E; font-weight: bold', Object{numberStack: [], dictionary: Object{}, displayStack: []}[39m

HeadlessChrome 75.0.3770 (Linux 0.0.0) LOG: [36m'%c action    ', 'color: #03A9F4; font-weight: bold', Object{type: -5}[39m

HeadlessChrome 75.0.3770 (Linux 0.0.0) LOG: [36m'%c next state', 'color: #4CAF50; font-weight: bold', Object{numberStack: [], dictionary: Object{}, displayStack: []}[39m

HeadlessChrome 75.0.3770 (Linux 0.0.0) LOG: [36m'%c prev state', 'color: #9E9E9E; font-weight: bold', Object{numberStack: [], dictionary: Object{}, displayStack: []}[39m

HeadlessChrome 75.0.3770 (Linux 0.0.0) LOG: [36m'%c action    ', 'color: #03A9F4; font-weight: bold', Object{type: '0<'}[39m

HeadlessChrome 75.0.3770 (Linux 0.0.0) LOG: [36m'%c next state', 'color: #4CAF50; font-weight: bold', Object{numberStack: [0], dictionary: Object{}, displayStack: []}[39m

HeadlessChrome 75.0.3770 (Linux 0.0.0) LOG: [36m'%c prev state', 'color: #9E9E9E; font-weight: bold', Object{numberStack: [0], dictionary: Object{}, displayStack: []}[39m

HeadlessChrome 75.0.3770 (Linux 0.0.0) LOG: [36m'%c action    ', 'color: #03A9F4; font-weight: bold', Object{type: 'CLEAR_INTEGER_STACK'}[39m

HeadlessChrome 75.0.3770 (Linux 0.0.0) LOG: [36m'%c next state', 'color: #4CAF50; font-weight: bold', Object{numberStack: [], dictionary: Object{}, displayStack: []}[39m

HeadlessChrome 75.0.3770 (Linux 0.0.0) LOG: [36m'%c prev state', 'color: #9E9E9E; font-weight: bold', Object{numberStack: [], dictionary: Object{}, displayStack: []}[39m

HeadlessChrome 75.0.3770 (Linux 0.0.0) LOG: [36m'%c action    ', 'color: #03A9F4; font-weight: bold', Object{type: 'CLEAR_DISPLAY_STACK'}[39m

HeadlessChrome 75.0.3770 (Linux 0.0.0) LOG: [36m'%c next state', 'color: #4CAF50; font-weight: bold', Object{numberStack: [], dictionary: Object{}, displayStack: []}[39m

HeadlessChrome 75.0.3770 (Linux 0.0.0) LOG: [36m'======', 10[39m

HeadlessChrome 75.0.3770 (Linux 0.0.0) LOG: [36m'%c prev state', 'color: #9E9E9E; font-weight: bold', Object{numberStack: [], dictionary: Object{}, displayStack: []}[39m

HeadlessChrome 75.0.3770 (Linux 0.0.0) LOG: [36m'%c action    ', 'color: #03A9F4; font-weight: bold', Object{type: 10}[39m

HeadlessChrome 75.0.3770 (Linux 0.0.0) LOG: [36m'%c next state', 'color: #4CAF50; font-weight: bold', Object{numberStack: [10], dictionary: Object{}, displayStack: []}[39m

HeadlessChrome 75.0.3770 (Linux 0.0.0) LOG: [36m'%c prev state', 'color: #9E9E9E; font-weight: bold', Object{numberStack: [10], dictionary: Object{}, displayStack: []}[39m

HeadlessChrome 75.0.3770 (Linux 0.0.0) LOG: [36m'%c action    ', 'color: #03A9F4; font-weight: bold', Object{type: '0<>'}[39m

HeadlessChrome 75.0.3770 (Linux 0.0.0) LOG: [36m'%c next state', 'color: #4CAF50; font-weight: bold', Object{numberStack: [-1], dictionary: Object{}, displayStack: []}[39m

HeadlessChrome 75.0.3770 (Linux 0.0.0) LOG: [36m'%c prev state', 'color: #9E9E9E; font-weight: bold', Object{numberStack: [-1], dictionary: Object{}, displayStack: []}[39m

HeadlessChrome 75.0.3770 (Linux 0.0.0) LOG: [36m'%c action    ', 'color: #03A9F4; font-weight: bold', Object{type: 'CLEAR_INTEGER_STACK'}[39m

HeadlessChrome 75.0.3770 (Linux 0.0.0) LOG: [36m'%c next state', 'color: #4CAF50; font-weight: bold', Object{numberStack: [], dictionary: Object{}, displayStack: []}[39m

HeadlessChrome 75.0.3770 (Linux 0.0.0) LOG: [36m'%c prev state', 'color: #9E9E9E; font-weight: bold', Object{numberStack: [], dictionary: Object{}, displayStack: []}[39m

HeadlessChrome 75.0.3770 (Linux 0.0.0) LOG: [36m'%c action    ', 'color: #03A9F4; font-weight: bold', Object{type: 'CLEAR_DISPLAY_STACK'}[39m

HeadlessChrome 75.0.3770 (Linux 0.0.0) LOG: [36m'%c next state', 'color: #4CAF50; font-weight: bold', Object{numberStack: [], dictionary: Object{}, displayStack: []}[39m

HeadlessChrome 75.0.3770 (Linux 0.0.0) LOG: [36m'======', 0[39m

HeadlessChrome 75.0.3770 (Linux 0.0.0) LOG: [36m'%c prev state', 'color: #9E9E9E; font-weight: bold', Object{numberStack: [], dictionary: Object{}, displayStack: []}[39m

HeadlessChrome 75.0.3770 (Linux 0.0.0) LOG: [36m'%c action    ', 'color: #03A9F4; font-weight: bold', Object{type: 0}[39m

HeadlessChrome 75.0.3770 (Linux 0.0.0) LOG: [36m'%c next state', 'color: #4CAF50; font-weight: bold', Object{numberStack: [0], dictionary: Object{}, displayStack: []}[39m

HeadlessChrome 75.0.3770 (Linux 0.0.0) LOG: [36m'%c prev state', 'color: #9E9E9E; font-weight: bold', Object{numberStack: [0], dictionary: Object{}, displayStack: []}[39m

HeadlessChrome 75.0.3770 (Linux 0.0.0) LOG: [36m'%c action    ', 'color: #03A9F4; font-weight: bold', Object{type: '0='}[39m

HeadlessChrome 75.0.3770 (Linux 0.0.0) LOG: [36m'%c next state', 'color: #4CAF50; font-weight: bold', Object{numberStack: [-1], dictionary: Object{}, displayStack: []}[39m

HeadlessChrome 75.0.3770 (Linux 0.0.0) LOG: [36m'%c prev state', 'color: #9E9E9E; font-weight: bold', Object{numberStack: [-1], dictionary: Object{}, displayStack: []}[39m

HeadlessChrome 75.0.3770 (Linux 0.0.0) LOG: [36m'%c action    ', 'color: #03A9F4; font-weight: bold', Object{type: 'CLEAR_INTEGER_STACK'}[39m

HeadlessChrome 75.0.3770 (Linux 0.0.0) LOG: [36m'%c next state', 'color: #4CAF50; font-weight: bold', Object{numberStack: [], dictionary: Object{}, displayStack: []}[39m

HeadlessChrome 75.0.3770 (Linux 0.0.0) LOG: [36m'%c prev state', 'color: #9E9E9E; font-weight: bold', Object{numberStack: [], dictionary: Object{}, displayStack: []}[39m

HeadlessChrome 75.0.3770 (Linux 0.0.0) LOG: [36m'%c action    ', 'color: #03A9F4; font-weight: bold', Object{type: 'CLEAR_DISPLAY_STACK'}[39m

HeadlessChrome 75.0.3770 (Linux 0.0.0) LOG: [36m'%c next state', 'color: #4CAF50; font-weight: bold', Object{numberStack: [], dictionary: Object{}, displayStack: []}[39m

HeadlessChrome 75.0.3770 (Linux 0.0.0) LOG: [36m'======', 99[39m

HeadlessChrome 75.0.3770 (Linux 0.0.0) LOG: [36m'%c prev state', 'color: #9E9E9E; font-weight: bold', Object{numberStack: [], dictionary: Object{}, displayStack: []}[39m

HeadlessChrome 75.0.3770 (Linux 0.0.0) LOG: [36m'%c action    ', 'color: #03A9F4; font-weight: bold', Object{type: 99}[39m

HeadlessChrome 75.0.3770 (Linux 0.0.0) LOG: [36m'%c next state', 'color: #4CAF50; font-weight: bold', Object{numberStack: [99], dictionary: Object{}, displayStack: []}[39m

HeadlessChrome 75.0.3770 (Linux 0.0.0) LOG: [36m'%c prev state', 'color: #9E9E9E; font-weight: bold', Object{numberStack: [99], dictionary: Object{}, displayStack: []}[39m

HeadlessChrome 75.0.3770 (Linux 0.0.0) LOG: [36m'%c action    ', 'color: #03A9F4; font-weight: bold', Object{type: '0>'}[39m

HeadlessChrome 75.0.3770 (Linux 0.0.0) LOG: [36m'%c next state', 'color: #4CAF50; font-weight: bold', Object{numberStack: [-1], dictionary: Object{}, displayStack: []}[39m

HeadlessChrome 75.0.3770 (Linux 0.0.0) LOG: [36m'%c prev state', 'color: #9E9E9E; font-weight: bold', Object{numberStack: [-1], dictionary: Object{}, displayStack: []}[39m

HeadlessChrome 75.0.3770 (Linux 0.0.0) LOG: [36m'%c action    ', 'color: #03A9F4; font-weight: bold', Object{type: 'CLEAR_INTEGER_STACK'}[39m

HeadlessChrome 75.0.3770 (Linux 0.0.0) LOG: [36m'%c next state', 'color: #4CAF50; font-weight: bold', Object{numberStack: [], dictionary: Object{}, displayStack: []}[39m

HeadlessChrome 75.0.3770 (Linux 0.0.0) LOG: [36m'%c prev state', 'color: #9E9E9E; font-weight: bold', Object{numberStack: [], dictionary: Object{}, displayStack: []}[39m

HeadlessChrome 75.0.3770 (Linux 0.0.0) LOG: [36m'%c action    ', 'color: #03A9F4; font-weight: bold', Object{type: 'CLEAR_DISPLAY_STACK'}[39m

HeadlessChrome 75.0.3770 (Linux 0.0.0) LOG: [36m'%c next state', 'color: #4CAF50; font-weight: bold', Object{numberStack: [], dictionary: Object{}, displayStack: []}[39m

HeadlessChrome 75.0.3770 (Linux 0.0.0) LOG: [36m'======', 2[39m

HeadlessChrome 75.0.3770 (Linux 0.0.0) LOG: [36m'%c prev state', 'color: #9E9E9E; font-weight: bold', Object{numberStack: [], dictionary: Object{}, displayStack: []}[39m

HeadlessChrome 75.0.3770 (Linux 0.0.0) LOG: [36m'%c action    ', 'color: #03A9F4; font-weight: bold', Object{type: 2}[39m

HeadlessChrome 75.0.3770 (Linux 0.0.0) LOG: [36m'%c next state', 'color: #4CAF50; font-weight: bold', Object{numberStack: [2], dictionary: Object{}, displayStack: []}[39m

HeadlessChrome 75.0.3770 (Linux 0.0.0) LOG: [36m'======', 9[39m

HeadlessChrome 75.0.3770 (Linux 0.0.0) LOG: [36m'%c prev state', 'color: #9E9E9E; font-weight: bold', Object{numberStack: [2], dictionary: Object{}, displayStack: []}[39m

HeadlessChrome 75.0.3770 (Linux 0.0.0) LOG: [36m'%c action    ', 'color: #03A9F4; font-weight: bold', Object{type: 9}[39m

HeadlessChrome 75.0.3770 (Linux 0.0.0) LOG: [36m'%c next state', 'color: #4CAF50; font-weight: bold', Object{numberStack: [2, 9], dictionary: Object{}, displayStack: []}[39m

HeadlessChrome 75.0.3770 (Linux 0.0.0) LOG: [36m'======', 10[39m

HeadlessChrome 75.0.3770 (Linux 0.0.0) LOG: [36m'%c prev state', 'color: #9E9E9E; font-weight: bold', Object{numberStack: [2, 9], dictionary: Object{}, displayStack: []}[39m

HeadlessChrome 75.0.3770 (Linux 0.0.0) LOG: [36m'%c action    ', 'color: #03A9F4; font-weight: bold', Object{type: 10}[39m

HeadlessChrome 75.0.3770 (Linux 0.0.0) LOG: [36m'%c next state', 'color: #4CAF50; font-weight: bold', Object{numberStack: [2, 9, 10], dictionary: Object{}, displayStack: []}[39m

HeadlessChrome 75.0.3770 (Linux 0.0.0) LOG: [36m'%c prev state', 'color: #9E9E9E; font-weight: bold', Object{numberStack: [2, 9, 10], dictionary: Object{}, displayStack: []}[39m

HeadlessChrome 75.0.3770 (Linux 0.0.0) LOG: [36m'%c action    ', 'color: #03A9F4; font-weight: bold', Object{type: '*/'}[39m

HeadlessChrome 75.0.3770 (Linux 0.0.0) LOG: [36m'%c next state', 'color: #4CAF50; font-weight: bold', Object{numberStack: [1], dictionary: Object{}, displayStack: []}[39m

HeadlessChrome 75.0.3770 (Linux 0.0.0) LOG: [36m'%c prev state', 'color: #9E9E9E; font-weight: bold', Object{numberStack: [1], dictionary: Object{}, displayStack: []}[39m

HeadlessChrome 75.0.3770 (Linux 0.0.0) LOG: [36m'%c action    ', 'color: #03A9F4; font-weight: bold', Object{type: 'CLEAR_INTEGER_STACK'}[39m

HeadlessChrome 75.0.3770 (Linux 0.0.0) LOG: [36m'%c next state', 'color: #4CAF50; font-weight: bold', Object{numberStack: [], dictionary: Object{}, displayStack: []}[39m

HeadlessChrome 75.0.3770 (Linux 0.0.0) LOG: [36m'%c prev state', 'color: #9E9E9E; font-weight: bold', Object{numberStack: [], dictionary: Object{}, displayStack: []}[39m

HeadlessChrome 75.0.3770 (Linux 0.0.0) LOG: [36m'%c action    ', 'color: #03A9F4; font-weight: bold', Object{type: 'CLEAR_DISPLAY_STACK'}[39m

HeadlessChrome 75.0.3770 (Linux 0.0.0) LOG: [36m'%c next state', 'color: #4CAF50; font-weight: bold', Object{numberStack: [], dictionary: Object{}, displayStack: []}[39m

HeadlessChrome 75.0.3770 (Linux 0.0.0) LOG: [36m'======', 3[39m

HeadlessChrome 75.0.3770 (Linux 0.0.0) LOG: [36m'%c prev state', 'color: #9E9E9E; font-weight: bold', Object{numberStack: [], dictionary: Object{}, displayStack: []}[39m

HeadlessChrome 75.0.3770 (Linux 0.0.0) LOG: [36m'%c action    ', 'color: #03A9F4; font-weight: bold', Object{type: 3}[39m

HeadlessChrome 75.0.3770 (Linux 0.0.0) LOG: [36m'%c next state', 'color: #4CAF50; font-weight: bold', Object{numberStack: [3], dictionary: Object{}, displayStack: []}[39m

HeadlessChrome 75.0.3770 (Linux 0.0.0) LOG: [36m'======', 6[39m

HeadlessChrome 75.0.3770 (Linux 0.0.0) LOG: [36m'%c prev state', 'color: #9E9E9E; font-weight: bold', Object{numberStack: [3], dictionary: Object{}, displayStack: []}[39m

HeadlessChrome 75.0.3770 (Linux 0.0.0) LOG: [36m'%c action    ', 'color: #03A9F4; font-weight: bold', Object{type: 6}[39m

HeadlessChrome 75.0.3770 (Linux 0.0.0) LOG: [36m'%c next state', 'color: #4CAF50; font-weight: bold', Object{numberStack: [3, 6], dictionary: Object{}, displayStack: []}[39m

HeadlessChrome 75.0.3770 (Linux 0.0.0) LOG: [36m'======', 10[39m

HeadlessChrome 75.0.3770 (Linux 0.0.0) LOG: [36m'%c prev state', 'color: #9E9E9E; font-weight: bold', Object{numberStack: [3, 6], dictionary: Object{}, displayStack: []}[39m

HeadlessChrome 75.0.3770 (Linux 0.0.0) LOG: [36m'%c action    ', 'color: #03A9F4; font-weight: bold', Object{type: 10}[39m

HeadlessChrome 75.0.3770 (Linux 0.0.0) LOG: [36m'%c next state', 'color: #4CAF50; font-weight: bold', Object{numberStack: [3, 6, 10], dictionary: Object{}, displayStack: []}[39m

HeadlessChrome 75.0.3770 (Linux 0.0.0) LOG: [36m'%c prev state', 'color: #9E9E9E; font-weight: bold', Object{numberStack: [3, 6, 10], dictionary: Object{}, displayStack: []}[39m

HeadlessChrome 75.0.3770 (Linux 0.0.0) LOG: [36m'%c action    ', 'color: #03A9F4; font-weight: bold', Object{type: '*/MOD'}[39m

HeadlessChrome 75.0.3770 (Linux 0.0.0) LOG: [36m'%c next state', 'color: #4CAF50; font-weight: bold', Object{numberStack: [8, 1], dictionary: Object{}, displayStack: []}[39m

HeadlessChrome 75.0.3770 (Linux 0.0.0) LOG: [36mObject{numberStack: [8, 1], dictionary: Object{}, displayStack: []}[39m

HeadlessChrome 75.0.3770 (Linux 0.0.0) LOG: [36m'%c prev state', 'color: #9E9E9E; font-weight: bold', Object{numberStack: [8, 1], dictionary: Object{}, displayStack: []}[39m

HeadlessChrome 75.0.3770 (Linux 0.0.0) LOG: [36m'%c action    ', 'color: #03A9F4; font-weight: bold', Object{type: 'CLEAR_INTEGER_STACK'}[39m

HeadlessChrome 75.0.3770 (Linux 0.0.0) LOG: [36m'%c next state', 'color: #4CAF50; font-weight: bold', Object{numberStack: [], dictionary: Object{}, displayStack: []}[39m

HeadlessChrome 75.0.3770 (Linux 0.0.0) LOG: [36m'%c prev state', 'color: #9E9E9E; font-weight: bold', Object{numberStack: [], dictionary: Object{}, displayStack: []}[39m

HeadlessChrome 75.0.3770 (Linux 0.0.0) LOG: [36m'%c action    ', 'color: #03A9F4; font-weight: bold', Object{type: 'CLEAR_DISPLAY_STACK'}[39m

HeadlessChrome 75.0.3770 (Linux 0.0.0) LOG: [36m'%c next state', 'color: #4CAF50; font-weight: bold', Object{numberStack: [], dictionary: Object{}, displayStack: []}[39m

HeadlessChrome 75.0.3770 (Linux 0.0.0) LOG: [36m'%c prev state', 'color: #9E9E9E; font-weight: bold', Object{numberStack: [], dictionary: Object{}, displayStack: []}[39m

HeadlessChrome 75.0.3770 (Linux 0.0.0) LOG: [36m'%c action    ', 'color: #03A9F4; font-weight: bold', Object{type: -80}[39m

HeadlessChrome 75.0.3770 (Linux 0.0.0) LOG: [36m'%c next state', 'color: #4CAF50; font-weight: bold', Object{numberStack: [], dictionary: Object{}, displayStack: []}[39m

HeadlessChrome 75.0.3770 (Linux 0.0.0) LOG: [36m'%c prev state', 'color: #9E9E9E; font-weight: bold', Object{numberStack: [], dictionary: Object{}, displayStack: []}[39m

HeadlessChrome 75.0.3770 (Linux 0.0.0) LOG: [36m'%c action    ', 'color: #03A9F4; font-weight: bold', Object{type: 'ABS'}[39m

HeadlessChrome 75.0.3770 (Linux 0.0.0) LOG: [36m'%c next state', 'color: #4CAF50; font-weight: bold', Object{numberStack: [NaN], dictionary: Object{}, displayStack: []}[39m

HeadlessChrome 75.0.3770 (Linux 0.0.0) LOG: [36m'%c prev state', 'color: #9E9E9E; font-weight: bold', Object{numberStack: [NaN], dictionary: Object{}, displayStack: []}[39m

HeadlessChrome 75.0.3770 (Linux 0.0.0) LOG: [36m'%c action    ', 'color: #03A9F4; font-weight: bold', Object{type: 'CLEAR_INTEGER_STACK'}[39m

HeadlessChrome 75.0.3770 (Linux 0.0.0) LOG: [36m'%c next state', 'color: #4CAF50; font-weight: bold', Object{numberStack: [], dictionary: Object{}, displayStack: []}[39m

HeadlessChrome 75.0.3770 (Linux 0.0.0) LOG: [36m'%c prev state', 'color: #9E9E9E; font-weight: bold', Object{numberStack: [], dictionary: Object{}, displayStack: []}[39m

HeadlessChrome 75.0.3770 (Linux 0.0.0) LOG: [36m'%c action    ', 'color: #03A9F4; font-weight: bold', Object{type: 'CLEAR_DISPLAY_STACK'}[39m

HeadlessChrome 75.0.3770 (Linux 0.0.0) LOG: [36m'%c next state', 'color: #4CAF50; font-weight: bold', Object{numberStack: [], dictionary: Object{}, displayStack: []}[39m

HeadlessChrome 75.0.3770 (Linux 0.0.0) LOG: [36m'======', 30[39m

HeadlessChrome 75.0.3770 (Linux 0.0.0) LOG: [36m'%c prev state', 'color: #9E9E9E; font-weight: bold', Object{numberStack: [], dictionary: Object{}, displayStack: []}[39m

HeadlessChrome 75.0.3770 (Linux 0.0.0) LOG: [36m'%c action    ', 'color: #03A9F4; font-weight: bold', Object{type: 30}[39m

HeadlessChrome 75.0.3770 (Linux 0.0.0) LOG: [36m'%c next state', 'color: #4CAF50; font-weight: bold', Object{numberStack: [30], dictionary: Object{}, displayStack: []}[39m

HeadlessChrome 75.0.3770 (Linux 0.0.0) LOG: [36m'======', 20[39m

HeadlessChrome 75.0.3770 (Linux 0.0.0) LOG: [36m'%c prev state', 'color: #9E9E9E; font-weight: bold', Object{numberStack: [30], dictionary: Object{}, displayStack: []}[39m

HeadlessChrome 75.0.3770 (Linux 0.0.0) LOG: [36m'%c action    ', 'color: #03A9F4; font-weight: bold', Object{type: 20}[39m

HeadlessChrome 75.0.3770 (Linux 0.0.0) LOG: [36m'%c next state', 'color: #4CAF50; font-weight: bold', Object{numberStack: [30, 20], dictionary: Object{}, displayStack: []}[39m

HeadlessChrome 75.0.3770 (Linux 0.0.0) LOG: [36m'%c prev state', 'color: #9E9E9E; font-weight: bold', Object{numberStack: [30, 20], dictionary: Object{}, displayStack: []}[39m

HeadlessChrome 75.0.3770 (Linux 0.0.0) LOG: [36m'%c action    ', 'color: #03A9F4; font-weight: bold', Object{type: 'MAX'}[39m

HeadlessChrome 75.0.3770 (Linux 0.0.0) LOG: [36m'%c next state', 'color: #4CAF50; font-weight: bold', Object{numberStack: [30], dictionary: Object{}, displayStack: []}[39m

HeadlessChrome 75.0.3770 (Linux 0.0.0) LOG: [36m'%c prev state', 'color: #9E9E9E; font-weight: bold', Object{numberStack: [30], dictionary: Object{}, displayStack: []}[39m

HeadlessChrome 75.0.3770 (Linux 0.0.0) LOG: [36m'%c action    ', 'color: #03A9F4; font-weight: bold', Object{type: 'CLEAR_INTEGER_STACK'}[39m

HeadlessChrome 75.0.3770 (Linux 0.0.0) LOG: [36m'%c next state', 'color: #4CAF50; font-weight: bold', Object{numberStack: [], dictionary: Object{}, displayStack: []}[39m

HeadlessChrome 75.0.3770 (Linux 0.0.0) LOG: [36m'%c prev state', 'color: #9E9E9E; font-weight: bold', Object{numberStack: [], dictionary: Object{}, displayStack: []}[39m

HeadlessChrome 75.0.3770 (Linux 0.0.0) LOG: [36m'%c action    ', 'color: #03A9F4; font-weight: bold', Object{type: 'CLEAR_DISPLAY_STACK'}[39m

HeadlessChrome 75.0.3770 (Linux 0.0.0) LOG: [36m'%c next state', 'color: #4CAF50; font-weight: bold', Object{numberStack: [], dictionary: Object{}, displayStack: []}[39m

HeadlessChrome 75.0.3770 (Linux 0.0.0) LOG: [36m'======', 100[39m

HeadlessChrome 75.0.3770 (Linux 0.0.0) LOG: [36m'%c prev state', 'color: #9E9E9E; font-weight: bold', Object{numberStack: [], dictionary: Object{}, displayStack: []}[39m

HeadlessChrome 75.0.3770 (Linux 0.0.0) LOG: [36m'%c action    ', 'color: #03A9F4; font-weight: bold', Object{type: 100}[39m

HeadlessChrome 75.0.3770 (Linux 0.0.0) LOG: [36m'%c next state', 'color: #4CAF50; font-weight: bold', Object{numberStack: [100], dictionary: Object{}, displayStack: []}[39m

HeadlessChrome 75.0.3770 (Linux 0.0.0) LOG: [36m'======', 300[39m

HeadlessChrome 75.0.3770 (Linux 0.0.0) LOG: [36m'%c prev state', 'color: #9E9E9E; font-weight: bold', Object{numberStack: [100], dictionary: Object{}, displayStack: []}[39m

HeadlessChrome 75.0.3770 (Linux 0.0.0) LOG: [36m'%c action    ', 'color: #03A9F4; font-weight: bold', Object{type: 300}[39m

HeadlessChrome 75.0.3770 (Linux 0.0.0) LOG: [36m'%c next state', 'color: #4CAF50; font-weight: bold', Object{numberStack: [100, 300], dictionary: Object{}, displayStack: []}[39m

HeadlessChrome 75.0.3770 (Linux 0.0.0) LOG: [36m'%c prev state', 'color: #9E9E9E; font-weight: bold', Object{numberStack: [100, 300], dictionary: Object{}, displayStack: []}[39m

HeadlessChrome 75.0.3770 (Linux 0.0.0) LOG: [36m'%c action    ', 'color: #03A9F4; font-weight: bold', Object{type: 'MIN'}[39m

HeadlessChrome 75.0.3770 (Linux 0.0.0) LOG: [36m'%c next state', 'color: #4CAF50; font-weight: bold', Object{numberStack: [100], dictionary: Object{}, displayStack: []}[39m

HeadlessChrome 75.0.3770 (Linux 0.0.0) LOG: [36m'%c prev state', 'color: #9E9E9E; font-weight: bold', Object{numberStack: [100], dictionary: Object{}, displayStack: []}[39m

HeadlessChrome 75.0.3770 (Linux 0.0.0) LOG: [36m'%c action    ', 'color: #03A9F4; font-weight: bold', Object{type: 'CLEAR_INTEGER_STACK'}[39m

HeadlessChrome 75.0.3770 (Linux 0.0.0) LOG: [36m'%c next state', 'color: #4CAF50; font-weight: bold', Object{numberStack: [], dictionary: Object{}, displayStack: []}[39m

HeadlessChrome 75.0.3770 (Linux 0.0.0) LOG: [36m'%c prev state', 'color: #9E9E9E; font-weight: bold', Object{numberStack: [], dictionary: Object{}, displayStack: []}[39m

HeadlessChrome 75.0.3770 (Linux 0.0.0) LOG: [36m'%c action    ', 'color: #03A9F4; font-weight: bold', Object{type: 'CLEAR_DISPLAY_STACK'}[39m

HeadlessChrome 75.0.3770 (Linux 0.0.0) LOG: [36m'%c next state', 'color: #4CAF50; font-weight: bold', Object{numberStack: [], dictionary: Object{}, displayStack: []}[39m

HeadlessChrome 75.0.3770 (Linux 0.0.0) LOG: [36m'%c prev state', 'color: #9E9E9E; font-weight: bold', Object{numberStack: [], dictionary: Object{}, displayStack: []}[39m

HeadlessChrome 75.0.3770 (Linux 0.0.0) LOG: [36m'%c action    ', 'color: #03A9F4; font-weight: bold', Object{type: -10}[39m

HeadlessChrome 75.0.3770 (Linux 0.0.0) LOG: [36m'%c next state', 'color: #4CAF50; font-weight: bold', Object{numberStack: [], dictionary: Object{}, displayStack: []}[39m

HeadlessChrome 75.0.3770 (Linux 0.0.0) LOG: [36m'%c prev state', 'color: #9E9E9E; font-weight: bold', Object{numberStack: [], dictionary: Object{}, displayStack: []}[39m

HeadlessChrome 75.0.3770 (Linux 0.0.0) LOG: [36m'%c action    ', 'color: #03A9F4; font-weight: bold', Object{type: 'NEGATE'}[39m

HeadlessChrome 75.0.3770 (Linux 0.0.0) LOG: [36m'%c next state', 'color: #4CAF50; font-weight: bold', Object{numberStack: [NaN], dictionary: Object{}, displayStack: []}[39m

HeadlessChrome 75.0.3770 (Linux 0.0.0) LOG: [36m'%c prev state', 'color: #9E9E9E; font-weight: bold', Object{numberStack: [NaN], dictionary: Object{}, displayStack: []}[39m

HeadlessChrome 75.0.3770 (Linux 0.0.0) LOG: [36m'%c action    ', 'color: #03A9F4; font-weight: bold', Object{type: 'CLEAR_INTEGER_STACK'}[39m

HeadlessChrome 75.0.3770 (Linux 0.0.0) LOG: [36m'%c next state', 'color: #4CAF50; font-weight: bold', Object{numberStack: [], dictionary: Object{}, displayStack: []}[39m

HeadlessChrome 75.0.3770 (Linux 0.0.0) LOG: [36m'%c prev state', 'color: #9E9E9E; font-weight: bold', Object{numberStack: [], dictionary: Object{}, displayStack: []}[39m

HeadlessChrome 75.0.3770 (Linux 0.0.0) LOG: [36m'%c action    ', 'color: #03A9F4; font-weight: bold', Object{type: 'CLEAR_DISPLAY_STACK'}[39m

HeadlessChrome 75.0.3770 (Linux 0.0.0) LOG: [36m'%c next state', 'color: #4CAF50; font-weight: bold', Object{numberStack: [], dictionary: Object{}, displayStack: []}[39m

HeadlessChrome 75.0.3770 (Linux 0.0.0) LOG: [36m'======', 10[39m

HeadlessChrome 75.0.3770 (Linux 0.0.0) LOG: [36m'%c prev state', 'color: #9E9E9E; font-weight: bold', Object{numberStack: [], dictionary: Object{}, displayStack: []}[39m

HeadlessChrome 75.0.3770 (Linux 0.0.0) LOG: [36m'%c action    ', 'color: #03A9F4; font-weight: bold', Object{type: 10}[39m

HeadlessChrome 75.0.3770 (Linux 0.0.0) LOG: [36m'%c next state', 'color: #4CAF50; font-weight: bold', Object{numberStack: [10], dictionary: Object{}, displayStack: []}[39m

HeadlessChrome 75.0.3770 (Linux 0.0.0) LOG: [36m'%c prev state', 'color: #9E9E9E; font-weight: bold', Object{numberStack: [10], dictionary: Object{}, displayStack: []}[39m

HeadlessChrome 75.0.3770 (Linux 0.0.0) LOG: [36m'%c action    ', 'color: #03A9F4; font-weight: bold', Object{type: '.'}[39m

HeadlessChrome 75.0.3770 (Linux 0.0.0) LOG: [36m'%c next state', 'color: #4CAF50; font-weight: bold', Object{numberStack: [], dictionary: Object{}, displayStack: [10]}[39m

HeadlessChrome 75.0.3770 (Linux 0.0.0) LOG: [36m'%c prev state', 'color: #9E9E9E; font-weight: bold', Object{numberStack: [], dictionary: Object{}, displayStack: [10]}[39m

HeadlessChrome 75.0.3770 (Linux 0.0.0) LOG: [36m'%c action    ', 'color: #03A9F4; font-weight: bold', Object{type: 'CLEAR_INTEGER_STACK'}[39m

HeadlessChrome 75.0.3770 (Linux 0.0.0) LOG: [36m'%c next state', 'color: #4CAF50; font-weight: bold', Object{numberStack: [], dictionary: Object{}, displayStack: [10]}[39m

HeadlessChrome 75.0.3770 (Linux 0.0.0) LOG: [36m'%c prev state', 'color: #9E9E9E; font-weight: bold', Object{numberStack: [], dictionary: Object{}, displayStack: [10]}[39m

HeadlessChrome 75.0.3770 (Linux 0.0.0) LOG: [36m'%c action    ', 'color: #03A9F4; font-weight: bold', Object{type: 'CLEAR_DISPLAY_STACK'}[39m

HeadlessChrome 75.0.3770 (Linux 0.0.0) LOG: [36m'%c next state', 'color: #4CAF50; font-weight: bold', Object{numberStack: [], dictionary: Object{}, displayStack: []}[39m

HeadlessChrome 75.0.3770 (Linux 0.0.0) LOG: [36m'======', 38[39m

HeadlessChrome 75.0.3770 (Linux 0.0.0) LOG: [36m'%c prev state', 'color: #9E9E9E; font-weight: bold', Object{numberStack: [], dictionary: Object{}, displayStack: []}[39m

HeadlessChrome 75.0.3770 (Linux 0.0.0) LOG: [36m'%c action    ', 'color: #03A9F4; font-weight: bold', Object{type: 38}[39m

HeadlessChrome 75.0.3770 (Linux 0.0.0) LOG: [36m'%c next state', 'color: #4CAF50; font-weight: bold', Object{numberStack: [38], dictionary: Object{}, displayStack: []}[39m

HeadlessChrome 75.0.3770 (Linux 0.0.0) LOG: [36m'======', 46[39m

HeadlessChrome 75.0.3770 (Linux 0.0.0) LOG: [36m'%c prev state', 'color: #9E9E9E; font-weight: bold', Object{numberStack: [38], dictionary: Object{}, displayStack: []}[39m

HeadlessChrome 75.0.3770 (Linux 0.0.0) LOG: [36m'%c action    ', 'color: #03A9F4; font-weight: bold', Object{type: 46}[39m

HeadlessChrome 75.0.3770 (Linux 0.0.0) LOG: [36m'%c next state', 'color: #4CAF50; font-weight: bold', Object{numberStack: [38, 46], dictionary: Object{}, displayStack: []}[39m

HeadlessChrome 75.0.3770 (Linux 0.0.0) LOG: [36m'%c prev state', 'color: #9E9E9E; font-weight: bold', Object{numberStack: [38, 46], dictionary: Object{}, displayStack: []}[39m

HeadlessChrome 75.0.3770 (Linux 0.0.0) LOG: [36m'%c action    ', 'color: #03A9F4; font-weight: bold', Object{type: '.S'}[39m

HeadlessChrome 75.0.3770 (Linux 0.0.0) LOG: [36m'%c next state', 'color: #4CAF50; font-weight: bold', Object{numberStack: [38, 46], dictionary: Object{}, displayStack: [38, 46]}[39m

HeadlessChrome 75.0.3770 (Linux 0.0.0) LOG: [36m'%c prev state', 'color: #9E9E9E; font-weight: bold', Object{numberStack: [38, 46], dictionary: Object{}, displayStack: [38, 46]}[39m

HeadlessChrome 75.0.3770 (Linux 0.0.0) LOG: [36m'%c action    ', 'color: #03A9F4; font-weight: bold', Object{type: 'CLEAR_INTEGER_STACK'}[39m

HeadlessChrome 75.0.3770 (Linux 0.0.0) LOG: [36m'%c next state', 'color: #4CAF50; font-weight: bold', Object{numberStack: [], dictionary: Object{}, displayStack: [38, 46]}[39m

HeadlessChrome 75.0.3770 (Linux 0.0.0) LOG: [36m'%c prev state', 'color: #9E9E9E; font-weight: bold', Object{numberStack: [], dictionary: Object{}, displayStack: [38, 46]}[39m

HeadlessChrome 75.0.3770 (Linux 0.0.0) LOG: [36m'%c action    ', 'color: #03A9F4; font-weight: bold', Object{type: 'CLEAR_DISPLAY_STACK'}[39m

HeadlessChrome 75.0.3770 (Linux 0.0.0) LOG: [36m'%c next state', 'color: #4CAF50; font-weight: bold', Object{numberStack: [], dictionary: Object{}, displayStack: []}[39m

HeadlessChrome 75.0.3770 (Linux 0.0.0) LOG: [36m'======', 91[39m

HeadlessChrome 75.0.3770 (Linux 0.0.0) LOG: [36m'%c prev state', 'color: #9E9E9E; font-weight: bold', Object{numberStack: [], dictionary: Object{}, displayStack: []}[39m

HeadlessChrome 75.0.3770 (Linux 0.0.0) LOG: [36m'%c action    ', 'color: #03A9F4; font-weight: bold', Object{type: 91}[39m

HeadlessChrome 75.0.3770 (Linux 0.0.0) LOG: [36m'%c next state', 'color: #4CAF50; font-weight: bold', Object{numberStack: [91], dictionary: Object{}, displayStack: []}[39m

HeadlessChrome 75.0.3770 (Linux 0.0.0) LOG: [36m'======', 60[39m

HeadlessChrome 75.0.3770 (Linux 0.0.0) LOG: [36m'%c prev state', 'color: #9E9E9E; font-weight: bold', Object{numberStack: [91], dictionary: Object{}, displayStack: []}[39m

HeadlessChrome 75.0.3770 (Linux 0.0.0) LOG: [36m'%c action    ', 'color: #03A9F4; font-weight: bold', Object{type: 60}[39m

HeadlessChrome 75.0.3770 (Linux 0.0.0) LOG: [36m'%c next state', 'color: #4CAF50; font-weight: bold', Object{numberStack: [91, 60], dictionary: Object{}, displayStack: []}[39m

HeadlessChrome 75.0.3770 (Linux 0.0.0) LOG: [36m[91, 60, 60][39m

HeadlessChrome 75.0.3770 (Linux 0.0.0) LOG: [36m'%c prev state', 'color: #9E9E9E; font-weight: bold', Object{numberStack: [91, 60], dictionary: Object{}, displayStack: []}[39m

HeadlessChrome 75.0.3770 (Linux 0.0.0) LOG: [36m'%c action    ', 'color: #03A9F4; font-weight: bold', Object{type: 'DUP'}[39m

HeadlessChrome 75.0.3770 (Linux 0.0.0) LOG: [36m'%c next state', 'color: #4CAF50; font-weight: bold', Object{numberStack: [91, 60, 60], dictionary: Object{}, displayStack: []}[39m

HeadlessChrome 75.0.3770 (Linux 0.0.0) LOG: [36m'%c prev state', 'color: #9E9E9E; font-weight: bold', Object{numberStack: [91, 60, 60], dictionary: Object{}, displayStack: []}[39m

HeadlessChrome 75.0.3770 (Linux 0.0.0) LOG: [36m'%c action    ', 'color: #03A9F4; font-weight: bold', Object{type: 'CLEAR_INTEGER_STACK'}[39m

HeadlessChrome 75.0.3770 (Linux 0.0.0) LOG: [36m'%c next state', 'color: #4CAF50; font-weight: bold', Object{numberStack: [], dictionary: Object{}, displayStack: []}[39m

HeadlessChrome 75.0.3770 (Linux 0.0.0) LOG: [36m'%c prev state', 'color: #9E9E9E; font-weight: bold', Object{numberStack: [], dictionary: Object{}, displayStack: []}[39m

HeadlessChrome 75.0.3770 (Linux 0.0.0) LOG: [36m'%c action    ', 'color: #03A9F4; font-weight: bold', Object{type: 'CLEAR_DISPLAY_STACK'}[39m

HeadlessChrome 75.0.3770 (Linux 0.0.0) LOG: [36m'%c next state', 'color: #4CAF50; font-weight: bold', Object{numberStack: [], dictionary: Object{}, displayStack: []}[39m

HeadlessChrome 75.0.3770 (Linux 0.0.0) LOG: [36m'======', 37[39m

HeadlessChrome 75.0.3770 (Linux 0.0.0) LOG: [36m'%c prev state', 'color: #9E9E9E; font-weight: bold', Object{numberStack: [], dictionary: Object{}, displayStack: []}[39m

HeadlessChrome 75.0.3770 (Linux 0.0.0) LOG: [36m'%c action    ', 'color: #03A9F4; font-weight: bold', Object{type: 37}[39m

HeadlessChrome 75.0.3770 (Linux 0.0.0) LOG: [36m'%c next state', 'color: #4CAF50; font-weight: bold', Object{numberStack: [37], dictionary: Object{}, displayStack: []}[39m

HeadlessChrome 75.0.3770 (Linux 0.0.0) LOG: [36m'======', 110[39m

HeadlessChrome 75.0.3770 (Linux 0.0.0) LOG: [36m'%c prev state', 'color: #9E9E9E; font-weight: bold', Object{numberStack: [37], dictionary: Object{}, displayStack: []}[39m

HeadlessChrome 75.0.3770 (Linux 0.0.0) LOG: [36m'%c action    ', 'color: #03A9F4; font-weight: bold', Object{type: 110}[39m

HeadlessChrome 75.0.3770 (Linux 0.0.0) LOG: [36m'%c next state', 'color: #4CAF50; font-weight: bold', Object{numberStack: [37, 110], dictionary: Object{}, displayStack: []}[39m

HeadlessChrome 75.0.3770 (Linux 0.0.0) LOG: [36m'======', 16[39m

HeadlessChrome 75.0.3770 (Linux 0.0.0) LOG: [36m'%c prev state', 'color: #9E9E9E; font-weight: bold', Object{numberStack: [37, 110], dictionary: Object{}, displayStack: []}[39m

HeadlessChrome 75.0.3770 (Linux 0.0.0) LOG: [36m'%c action    ', 'color: #03A9F4; font-weight: bold', Object{type: 16}[39m

HeadlessChrome 75.0.3770 (Linux 0.0.0) LOG: [36m'%c next state', 'color: #4CAF50; font-weight: bold', Object{numberStack: [37, 110, 16], dictionary: Object{}, displayStack: []}[39m

HeadlessChrome 75.0.3770 (Linux 0.0.0) LOG: [36m'%c prev state', 'color: #9E9E9E; font-weight: bold', Object{numberStack: [37, 110, 16], dictionary: Object{}, displayStack: []}[39m

HeadlessChrome 75.0.3770 (Linux 0.0.0) LOG: [36m'%c action    ', 'color: #03A9F4; font-weight: bold', Object{type: 'DROP'}[39m

HeadlessChrome 75.0.3770 (Linux 0.0.0) LOG: [36m'%c next state', 'color: #4CAF50; font-weight: bold', Object{numberStack: [37, 110], dictionary: Object{}, displayStack: []}[39m

HeadlessChrome 75.0.3770 (Linux 0.0.0) LOG: [36m'%c prev state', 'color: #9E9E9E; font-weight: bold', Object{numberStack: [37, 110], dictionary: Object{}, displayStack: []}[39m

HeadlessChrome 75.0.3770 (Linux 0.0.0) LOG: [36m'%c action    ', 'color: #03A9F4; font-weight: bold', Object{type: 'CLEAR_INTEGER_STACK'}[39m

HeadlessChrome 75.0.3770 (Linux 0.0.0) LOG: [36m'%c next state', 'color: #4CAF50; font-weight: bold', Object{numberStack: [], dictionary: Object{}, displayStack: []}[39m

HeadlessChrome 75.0.3770 (Linux 0.0.0) LOG: [36m'%c prev state', 'color: #9E9E9E; font-weight: bold', Object{numberStack: [], dictionary: Object{}, displayStack: []}[39m

HeadlessChrome 75.0.3770 (Linux 0.0.0) LOG: [36m'%c action    ', 'color: #03A9F4; font-weight: bold', Object{type: 'CLEAR_DISPLAY_STACK'}[39m

HeadlessChrome 75.0.3770 (Linux 0.0.0) LOG: [36m'%c next state', 'color: #4CAF50; font-weight: bold', Object{numberStack: [], dictionary: Object{}, displayStack: []}[39m

HeadlessChrome 75.0.3770 (Linux 0.0.0) LOG: [36m'======', 1[39m

HeadlessChrome 75.0.3770 (Linux 0.0.0) LOG: [36m'%c prev state', 'color: #9E9E9E; font-weight: bold', Object{numberStack: [], dictionary: Object{}, displayStack: []}[39m

HeadlessChrome 75.0.3770 (Linux 0.0.0) LOG: [36m'%c action    ', 'color: #03A9F4; font-weight: bold', Object{type: 1}[39m

HeadlessChrome 75.0.3770 (Linux 0.0.0) LOG: [36m'%c next state', 'color: #4CAF50; font-weight: bold', Object{numberStack: [1], dictionary: Object{}, displayStack: []}[39m

HeadlessChrome 75.0.3770 (Linux 0.0.0) LOG: [36m'======', 2[39m

HeadlessChrome 75.0.3770 (Linux 0.0.0) LOG: [36m'%c prev state', 'color: #9E9E9E; font-weight: bold', Object{numberStack: [1], dictionary: Object{}, displayStack: []}[39m

HeadlessChrome 75.0.3770 (Linux 0.0.0) LOG: [36m'%c action    ', 'color: #03A9F4; font-weight: bold', Object{type: 2}[39m

HeadlessChrome 75.0.3770 (Linux 0.0.0) LOG: [36m'%c next state', 'color: #4CAF50; font-weight: bold', Object{numberStack: [1, 2], dictionary: Object{}, displayStack: []}[39m

HeadlessChrome 75.0.3770 (Linux 0.0.0) LOG: [36m'======', 3[39m

HeadlessChrome 75.0.3770 (Linux 0.0.0) LOG: [36m'%c prev state', 'color: #9E9E9E; font-weight: bold', Object{numberStack: [1, 2], dictionary: Object{}, displayStack: []}[39m

HeadlessChrome 75.0.3770 (Linux 0.0.0) LOG: [36m'%c action    ', 'color: #03A9F4; font-weight: bold', Object{type: 3}[39m

HeadlessChrome 75.0.3770 (Linux 0.0.0) LOG: [36m'%c next state', 'color: #4CAF50; font-weight: bold', Object{numberStack: [1, 2, 3], dictionary: Object{}, displayStack: []}[39m

HeadlessChrome 75.0.3770 (Linux 0.0.0) LOG: [36m'%c prev state', 'color: #9E9E9E; font-weight: bold', Object{numberStack: [1, 2, 3], dictionary: Object{}, displayStack: []}[39m

HeadlessChrome 75.0.3770 (Linux 0.0.0) LOG: [36m'%c action    ', 'color: #03A9F4; font-weight: bold', Object{type: 'SWAP'}[39m

HeadlessChrome 75.0.3770 (Linux 0.0.0) LOG: [36m'%c next state', 'color: #4CAF50; font-weight: bold', Object{numberStack: [1, 3, 2], dictionary: Object{}, displayStack: []}[39m

HeadlessChrome 75.0.3770 (Linux 0.0.0) LOG: [36mObject{numberStack: [1, 3, 2], dictionary: Object{}, displayStack: []}[39m

HeadlessChrome 75.0.3770 (Linux 0.0.0) LOG: [36m'%c prev state', 'color: #9E9E9E; font-weight: bold', Object{numberStack: [1, 3, 2], dictionary: Object{}, displayStack: []}[39m

HeadlessChrome 75.0.3770 (Linux 0.0.0) LOG: [36m'%c action    ', 'color: #03A9F4; font-weight: bold', Object{type: 'CLEAR_INTEGER_STACK'}[39m

HeadlessChrome 75.0.3770 (Linux 0.0.0) LOG: [36m'%c next state', 'color: #4CAF50; font-weight: bold', Object{numberStack: [], dictionary: Object{}, displayStack: []}[39m

HeadlessChrome 75.0.3770 (Linux 0.0.0) LOG: [36m'%c prev state', 'color: #9E9E9E; font-weight: bold', Object{numberStack: [], dictionary: Object{}, displayStack: []}[39m

HeadlessChrome 75.0.3770 (Linux 0.0.0) LOG: [36m'%c action    ', 'color: #03A9F4; font-weight: bold', Object{type: 'CLEAR_DISPLAY_STACK'}[39m

HeadlessChrome 75.0.3770 (Linux 0.0.0) LOG: [36m'%c next state', 'color: #4CAF50; font-weight: bold', Object{numberStack: [], dictionary: Object{}, displayStack: []}[39m

HeadlessChrome 75.0.3770 (Linux 0.0.0) LOG: [36m'======', 4[39m

HeadlessChrome 75.0.3770 (Linux 0.0.0) LOG: [36m'%c prev state', 'color: #9E9E9E; font-weight: bold', Object{numberStack: [], dictionary: Object{}, displayStack: []}[39m

HeadlessChrome 75.0.3770 (Linux 0.0.0) LOG: [36m'%c action    ', 'color: #03A9F4; font-weight: bold', Object{type: 4}[39m

HeadlessChrome 75.0.3770 (Linux 0.0.0) LOG: [36m'%c next state', 'color: #4CAF50; font-weight: bold', Object{numberStack: [4], dictionary: Object{}, displayStack: []}[39m

HeadlessChrome 75.0.3770 (Linux 0.0.0) LOG: [36m'======', 5[39m

HeadlessChrome 75.0.3770 (Linux 0.0.0) LOG: [36m'%c prev state', 'color: #9E9E9E; font-weight: bold', Object{numberStack: [4], dictionary: Object{}, displayStack: []}[39m

HeadlessChrome 75.0.3770 (Linux 0.0.0) LOG: [36m'%c action    ', 'color: #03A9F4; font-weight: bold', Object{type: 5}[39m

HeadlessChrome 75.0.3770 (Linux 0.0.0) LOG: [36m'%c next state', 'color: #4CAF50; font-weight: bold', Object{numberStack: [4, 5], dictionary: Object{}, displayStack: []}[39m

HeadlessChrome 75.0.3770 (Linux 0.0.0) LOG: [36m'======', 6[39m

HeadlessChrome 75.0.3770 (Linux 0.0.0) LOG: [36m'%c prev state', 'color: #9E9E9E; font-weight: bold', Object{numberStack: [4, 5], dictionary: Object{}, displayStack: []}[39m

HeadlessChrome 75.0.3770 (Linux 0.0.0) LOG: [36m'%c action    ', 'color: #03A9F4; font-weight: bold', Object{type: 6}[39m

HeadlessChrome 75.0.3770 (Linux 0.0.0) LOG: [36m'%c next state', 'color: #4CAF50; font-weight: bold', Object{numberStack: [4, 5, 6], dictionary: Object{}, displayStack: []}[39m

HeadlessChrome 75.0.3770 (Linux 0.0.0) LOG: [36m'%c prev state', 'color: #9E9E9E; font-weight: bold', Object{numberStack: [4, 5, 6], dictionary: Object{}, displayStack: []}[39m

HeadlessChrome 75.0.3770 (Linux 0.0.0) LOG: [36m'%c action    ', 'color: #03A9F4; font-weight: bold', Object{type: 'OVER'}[39m

HeadlessChrome 75.0.3770 (Linux 0.0.0) LOG: [36m'%c next state', 'color: #4CAF50; font-weight: bold', Object{numberStack: [4, 5, 6, 5], dictionary: Object{}, displayStack: []}[39m

HeadlessChrome 75.0.3770 (Linux 0.0.0) LOG: [36mObject{numberStack: [4, 5, 6, 5], dictionary: Object{}, displayStack: []}[39m

HeadlessChrome 75.0.3770 (Linux 0.0.0) LOG: [36m'%c prev state', 'color: #9E9E9E; font-weight: bold', Object{numberStack: [4, 5, 6, 5], dictionary: Object{}, displayStack: []}[39m

HeadlessChrome 75.0.3770 (Linux 0.0.0) LOG: [36m'%c action    ', 'color: #03A9F4; font-weight: bold', Object{type: 'CLEAR_INTEGER_STACK'}[39m

HeadlessChrome 75.0.3770 (Linux 0.0.0) LOG: [36m'%c next state', 'color: #4CAF50; font-weight: bold', Object{numberStack: [], dictionary: Object{}, displayStack: []}[39m

HeadlessChrome 75.0.3770 (Linux 0.0.0) LOG: [36m'%c prev state', 'color: #9E9E9E; font-weight: bold', Object{numberStack: [], dictionary: Object{}, displayStack: []}[39m

HeadlessChrome 75.0.3770 (Linux 0.0.0) LOG: [36m'%c action    ', 'color: #03A9F4; font-weight: bold', Object{type: 'CLEAR_DISPLAY_STACK'}[39m

HeadlessChrome 75.0.3770 (Linux 0.0.0) LOG: [36m'%c next state', 'color: #4CAF50; font-weight: bold', Object{numberStack: [], dictionary: Object{}, displayStack: []}[39m

HeadlessChrome 75.0.3770 (Linux 0.0.0) LOG: [36m'======', 1[39m

HeadlessChrome 75.0.3770 (Linux 0.0.0) LOG: [36m'%c prev state', 'color: #9E9E9E; font-weight: bold', Object{numberStack: [], dictionary: Object{}, displayStack: []}[39m

HeadlessChrome 75.0.3770 (Linux 0.0.0) LOG: [36m'%c action    ', 'color: #03A9F4; font-weight: bold', Object{type: 1}[39m

HeadlessChrome 75.0.3770 (Linux 0.0.0) LOG: [36m'%c next state', 'color: #4CAF50; font-weight: bold', Object{numberStack: [1], dictionary: Object{}, displayStack: []}[39m

HeadlessChrome 75.0.3770 (Linux 0.0.0) LOG: [36m'======', 2[39m

HeadlessChrome 75.0.3770 (Linux 0.0.0) LOG: [36m'%c prev state', 'color: #9E9E9E; font-weight: bold', Object{numberStack: [1], dictionary: Object{}, displayStack: []}[39m

HeadlessChrome 75.0.3770 (Linux 0.0.0) LOG: [36m'%c action    ', 'color: #03A9F4; font-weight: bold', Object{type: 2}[39m

HeadlessChrome 75.0.3770 (Linux 0.0.0) LOG: [36m'%c next state', 'color: #4CAF50; font-weight: bold', Object{numberStack: [1, 2], dictionary: Object{}, displayStack: []}[39m

HeadlessChrome 75.0.3770 (Linux 0.0.0) LOG: [36m'======', 3[39m

HeadlessChrome 75.0.3770 (Linux 0.0.0) LOG: [36m'%c prev state', 'color: #9E9E9E; font-weight: bold', Object{numberStack: [1, 2], dictionary: Object{}, displayStack: []}[39m

HeadlessChrome 75.0.3770 (Linux 0.0.0) LOG: [36m'%c action    ', 'color: #03A9F4; font-weight: bold', Object{type: 3}[39m

HeadlessChrome 75.0.3770 (Linux 0.0.0) LOG: [36m'%c next state', 'color: #4CAF50; font-weight: bold', Object{numberStack: [1, 2, 3], dictionary: Object{}, displayStack: []}[39m

HeadlessChrome 75.0.3770 (Linux 0.0.0) LOG: [36m'======', 4[39m

HeadlessChrome 75.0.3770 (Linux 0.0.0) LOG: [36m'%c prev state', 'color: #9E9E9E; font-weight: bold', Object{numberStack: [1, 2, 3], dictionary: Object{}, displayStack: []}[39m

HeadlessChrome 75.0.3770 (Linux 0.0.0) LOG: [36m'%c action    ', 'color: #03A9F4; font-weight: bold', Object{type: 4}[39m

HeadlessChrome 75.0.3770 (Linux 0.0.0) LOG: [36m'%c next state', 'color: #4CAF50; font-weight: bold', Object{numberStack: [1, 2, 3, 4], dictionary: Object{}, displayStack: []}[39m

HeadlessChrome 75.0.3770 (Linux 0.0.0) LOG: [36m'%c prev state', 'color: #9E9E9E; font-weight: bold', Object{numberStack: [1, 2, 3, 4], dictionary: Object{}, displayStack: []}[39m

HeadlessChrome 75.0.3770 (Linux 0.0.0) LOG: [36m'%c action    ', 'color: #03A9F4; font-weight: bold', Object{type: 'ROT'}[39m

HeadlessChrome 75.0.3770 (Linux 0.0.0) LOG: [36m'%c next state', 'color: #4CAF50; font-weight: bold', Object{numberStack: [1, 3, 4, 2], dictionary: Object{}, displayStack: []}[39m

HeadlessChrome 75.0.3770 (Linux 0.0.0) LOG: [36mObject{numberStack: [1, 3, 4, 2], dictionary: Object{}, displayStack: []}[39m

HeadlessChrome 75.0.3770 (Linux 0.0.0) LOG: [36m'%c prev state', 'color: #9E9E9E; font-weight: bold', Object{numberStack: [1, 3, 4, 2], dictionary: Object{}, displayStack: []}[39m

HeadlessChrome 75.0.3770 (Linux 0.0.0) LOG: [36m'%c action    ', 'color: #03A9F4; font-weight: bold', Object{type: 'CLEAR_INTEGER_STACK'}[39m

HeadlessChrome 75.0.3770 (Linux 0.0.0) LOG: [36m'%c next state', 'color: #4CAF50; font-weight: bold', Object{numberStack: [], dictionary: Object{}, displayStack: []}[39m

HeadlessChrome 75.0.3770 (Linux 0.0.0) LOG: [36m'%c prev state', 'color: #9E9E9E; font-weight: bold', Object{numberStack: [], dictionary: Object{}, displayStack: []}[39m

HeadlessChrome 75.0.3770 (Linux 0.0.0) LOG: [36m'%c action    ', 'color: #03A9F4; font-weight: bold', Object{type: 'CLEAR_DISPLAY_STACK'}[39m

HeadlessChrome 75.0.3770 (Linux 0.0.0) LOG: [36m'%c next state', 'color: #4CAF50; font-weight: bold', Object{numberStack: [], dictionary: Object{}, displayStack: []}[39m

HeadlessChrome 75.0.3770 (Linux 0.0.0) LOG: [36m'======', 4[39m

HeadlessChrome 75.0.3770 (Linux 0.0.0) LOG: [36m'%c prev state', 'color: #9E9E9E; font-weight: bold', Object{numberStack: [], dictionary: Object{}, displayStack: []}[39m

HeadlessChrome 75.0.3770 (Linux 0.0.0) LOG: [36m'%c action    ', 'color: #03A9F4; font-weight: bold', Object{type: 4}[39m

HeadlessChrome 75.0.3770 (Linux 0.0.0) LOG: [36m'%c next state', 'color: #4CAF50; font-weight: bold', Object{numberStack: [4], dictionary: Object{}, displayStack: []}[39m

HeadlessChrome 75.0.3770 (Linux 0.0.0) LOG: [36m'======', 5[39m

HeadlessChrome 75.0.3770 (Linux 0.0.0) LOG: [36m'%c prev state', 'color: #9E9E9E; font-weight: bold', Object{numberStack: [4], dictionary: Object{}, displayStack: []}[39m

HeadlessChrome 75.0.3770 (Linux 0.0.0) LOG: [36m'%c action    ', 'color: #03A9F4; font-weight: bold', Object{type: 5}[39m

HeadlessChrome 75.0.3770 (Linux 0.0.0) LOG: [36m'%c next state', 'color: #4CAF50; font-weight: bold', Object{numberStack: [4, 5], dictionary: Object{}, displayStack: []}[39m

HeadlessChrome 75.0.3770 (Linux 0.0.0) LOG: [36m'======', 6[39m

HeadlessChrome 75.0.3770 (Linux 0.0.0) LOG: [36m'%c prev state', 'color: #9E9E9E; font-weight: bold', Object{numberStack: [4, 5], dictionary: Object{}, displayStack: []}[39m

HeadlessChrome 75.0.3770 (Linux 0.0.0) LOG: [36m'%c action    ', 'color: #03A9F4; font-weight: bold', Object{type: 6}[39m

HeadlessChrome 75.0.3770 (Linux 0.0.0) LOG: [36m'%c next state', 'color: #4CAF50; font-weight: bold', Object{numberStack: [4, 5, 6], dictionary: Object{}, displayStack: []}[39m

HeadlessChrome 75.0.3770 (Linux 0.0.0) LOG: [36m'======', 7[39m

HeadlessChrome 75.0.3770 (Linux 0.0.0) LOG: [36m'%c prev state', 'color: #9E9E9E; font-weight: bold', Object{numberStack: [4, 5, 6], dictionary: Object{}, displayStack: []}[39m

HeadlessChrome 75.0.3770 (Linux 0.0.0) LOG: [36m'%c action    ', 'color: #03A9F4; font-weight: bold', Object{type: 7}[39m

HeadlessChrome 75.0.3770 (Linux 0.0.0) LOG: [36m'%c next state', 'color: #4CAF50; font-weight: bold', Object{numberStack: [4, 5, 6, 7], dictionary: Object{}, displayStack: []}[39m

HeadlessChrome 75.0.3770 (Linux 0.0.0) LOG: [36m'======', 2[39m

HeadlessChrome 75.0.3770 (Linux 0.0.0) LOG: [36m'%c prev state', 'color: #9E9E9E; font-weight: bold', Object{numberStack: [4, 5, 6, 7], dictionary: Object{}, displayStack: []}[39m

HeadlessChrome 75.0.3770 (Linux 0.0.0) LOG: [36m'%c action    ', 'color: #03A9F4; font-weight: bold', Object{type: 2}[39m

HeadlessChrome 75.0.3770 (Linux 0.0.0) LOG: [36m'%c next state', 'color: #4CAF50; font-weight: bold', Object{numberStack: [4, 5, 6, 7, 2], dictionary: Object{}, displayStack: []}[39m

HeadlessChrome 75.0.3770 (Linux 0.0.0) LOG: [36m'%c prev state', 'color: #9E9E9E; font-weight: bold', Object{numberStack: [4, 5, 6, 7, 2], dictionary: Object{}, displayStack: []}[39m

HeadlessChrome 75.0.3770 (Linux 0.0.0) LOG: [36m'%c action    ', 'color: #03A9F4; font-weight: bold', Object{type: 'PICK'}[39m

HeadlessChrome 75.0.3770 (Linux 0.0.0) LOG: [36m'%c next state', 'color: #4CAF50; font-weight: bold', Object{numberStack: [4, 5, 6, 7, 2, 6], dictionary: Object{}, displayStack: []}[39m

HeadlessChrome 75.0.3770 (Linux 0.0.0) LOG: [36mObject{numberStack: [4, 5, 6, 7, 2, 6], dictionary: Object{}, displayStack: []}[39m

HeadlessChrome 75.0.3770 (Linux 0.0.0) LOG: [36m'%c prev state', 'color: #9E9E9E; font-weight: bold', Object{numberStack: [4, 5, 6, 7, 2, 6], dictionary: Object{}, displayStack: []}[39m

HeadlessChrome 75.0.3770 (Linux 0.0.0) LOG: [36m'%c action    ', 'color: #03A9F4; font-weight: bold', Object{type: 'CLEAR_INTEGER_STACK'}[39m

HeadlessChrome 75.0.3770 (Linux 0.0.0) LOG: [36m'%c next state', 'color: #4CAF50; font-weight: bold', Object{numberStack: [], dictionary: Object{}, displayStack: []}[39m

HeadlessChrome 75.0.3770 (Linux 0.0.0) LOG: [36m'%c prev state', 'color: #9E9E9E; font-weight: bold', Object{numberStack: [], dictionary: Object{}, displayStack: []}[39m

HeadlessChrome 75.0.3770 (Linux 0.0.0) LOG: [36m'%c action    ', 'color: #03A9F4; font-weight: bold', Object{type: 'CLEAR_DISPLAY_STACK'}[39m

HeadlessChrome 75.0.3770 (Linux 0.0.0) LOG: [36m'%c next state', 'color: #4CAF50; font-weight: bold', Object{numberStack: [], dictionary: Object{}, displayStack: []}[39m

HeadlessChrome 75.0.3770 (Linux 0.0.0) LOG: [36m'%c prev state', 'color: #9E9E9E; font-weight: bold', Object{numberStack: [], dictionary: Object{}, displayStack: []}[39m

HeadlessChrome 75.0.3770 (Linux 0.0.0) LOG: [36m'%c action    ', 'color: #03A9F4; font-weight: bold', Object{type: 'TRUE'}[39m

HeadlessChrome 75.0.3770 (Linux 0.0.0) LOG: [36m'%c next state', 'color: #4CAF50; font-weight: bold', Object{numberStack: [-1], dictionary: Object{}, displayStack: []}[39m

HeadlessChrome 75.0.3770 (Linux 0.0.0) LOG: [36m'%c prev state', 'color: #9E9E9E; font-weight: bold', Object{numberStack: [-1], dictionary: Object{}, displayStack: []}[39m

HeadlessChrome 75.0.3770 (Linux 0.0.0) LOG: [36m'%c action    ', 'color: #03A9F4; font-weight: bold', Object{type: 'FALSE'}[39m

HeadlessChrome 75.0.3770 (Linux 0.0.0) LOG: [36m'%c next state', 'color: #4CAF50; font-weight: bold', Object{numberStack: [-1, 0], dictionary: Object{}, displayStack: []}[39m

HeadlessChrome 75.0.3770 (Linux 0.0.0) LOG: [36m'%c prev state', 'color: #9E9E9E; font-weight: bold', Object{numberStack: [-1, 0], dictionary: Object{}, displayStack: []}[39m

HeadlessChrome 75.0.3770 (Linux 0.0.0) LOG: [36m'%c action    ', 'color: #03A9F4; font-weight: bold', Object{type: 'NOT'}[39m

HeadlessChrome 75.0.3770 (Linux 0.0.0) LOG: [36m'%c next state', 'color: #4CAF50; font-weight: bold', Object{numberStack: [-1, -1], dictionary: Object{}, displayStack: []}[39m

HeadlessChrome 75.0.3770 (Linux 0.0.0) LOG: [36m'%c prev state', 'color: #9E9E9E; font-weight: bold', Object{numberStack: [-1, -1], dictionary: Object{}, displayStack: []}[39m

HeadlessChrome 75.0.3770 (Linux 0.0.0) LOG: [36m'%c action    ', 'color: #03A9F4; font-weight: bold', Object{type: 'CLEAR_INTEGER_STACK'}[39m

HeadlessChrome 75.0.3770 (Linux 0.0.0) LOG: [36m'%c next state', 'color: #4CAF50; font-weight: bold', Object{numberStack: [], dictionary: Object{}, displayStack: []}[39m

HeadlessChrome 75.0.3770 (Linux 0.0.0) LOG: [36m'%c prev state', 'color: #9E9E9E; font-weight: bold', Object{numberStack: [], dictionary: Object{}, displayStack: []}[39m

HeadlessChrome 75.0.3770 (Linux 0.0.0) LOG: [36m'%c action    ', 'color: #03A9F4; font-weight: bold', Object{type: 'CLEAR_DISPLAY_STACK'}[39m

HeadlessChrome 75.0.3770 (Linux 0.0.0) LOG: [36m'%c next state', 'color: #4CAF50; font-weight: bold', Object{numberStack: [], dictionary: Object{}, displayStack: []}[39m

HeadlessChrome 75.0.3770 (Linux 0.0.0) LOG: [36m'%c prev state', 'color: #9E9E9E; font-weight: bold', Object{numberStack: [], dictionary: Object{}, displayStack: []}[39m

HeadlessChrome 75.0.3770 (Linux 0.0.0) LOG: [36m'%c action    ', 'color: #03A9F4; font-weight: bold', Object{type: 'FALSE'}[39m

HeadlessChrome 75.0.3770 (Linux 0.0.0) LOG: [36m'%c next state', 'color: #4CAF50; font-weight: bold', Object{numberStack: [0], dictionary: Object{}, displayStack: []}[39m

HeadlessChrome 75.0.3770 (Linux 0.0.0) LOG: [36m'%c prev state', 'color: #9E9E9E; font-weight: bold', Object{numberStack: [0], dictionary: Object{}, displayStack: []}[39m

HeadlessChrome 75.0.3770 (Linux 0.0.0) LOG: [36m'%c action    ', 'color: #03A9F4; font-weight: bold', Object{type: 'TRUE'}[39m

HeadlessChrome 75.0.3770 (Linux 0.0.0) LOG: [36m'%c next state', 'color: #4CAF50; font-weight: bold', Object{numberStack: [0, -1], dictionary: Object{}, displayStack: []}[39m

HeadlessChrome 75.0.3770 (Linux 0.0.0) LOG: [36m'%c prev state', 'color: #9E9E9E; font-weight: bold', Object{numberStack: [0, -1], dictionary: Object{}, displayStack: []}[39m

HeadlessChrome 75.0.3770 (Linux 0.0.0) LOG: [36m'%c action    ', 'color: #03A9F4; font-weight: bold', Object{type: 'NOT'}[39m

HeadlessChrome 75.0.3770 (Linux 0.0.0) LOG: [36m'%c next state', 'color: #4CAF50; font-weight: bold', Object{numberStack: [0, 0], dictionary: Object{}, displayStack: []}[39m

HeadlessChrome 75.0.3770 (Linux 0.0.0) LOG: [36m'Failures:

[93mFeature: Fouth Emulator [33m(/base/src/test/resources/javascript/feature/redux.feature)[0m
1) Scenario: 0-less-than -5 by 0< leaving the true flag -1 # [90m/base/src/test/resources/javascript/feature/redux.feature:39[39m
   [32m✔ Before[39m # [90mhttp:/localhost:9877/base/node_modules/cucumber/dist/cucumber.js?d26dba2d243753ad877577bbe2ebb7a5ef1da337:66013[39m
   [32m✔ Given User has entered -5[39m # [90mhttp:/localhost:9877/base/node_modules/cucumber/dist/cucumber.js?d26dba2d243753ad877577bbe2ebb7a5ef1da337:66013[39m
   [32m✔ When User runs 0<[39m # [90mhttp:/localhost:9877/base/node_modules/cucumber/dist/cucumber.js?d26dba2d243753ad877577bbe2ebb7a5ef1da337:66013[39m
   [31m✖ Then -1 should be on top of NumberStack[39m # [90mhttp:/localhost:9877/base/node_modules/cucumber/dist/cucumber.js?d26dba2d243753ad877577bbe2ebb7a5ef1da337:66013[39m
       [31mAssertionError[39m
           [32m+ expected[39m [31m- actual[39m

           [31m-0[39m
           [32m+-1[39m
       [90m
           at World.<anonymous> (http://localhost:9877/base/src/test/javascript/feature/redux.steps.js:2733:68)
           at Function._callee$ (http://localhost:9877/base/node_modules/cucumber/dist/cucumber.js?d26dba2d243753ad877577bbe2ebb7a5ef1da337:66516:31)
           at tryCatch (http://localhost:9877/base/node_modules/cucumber/dist/cucumber.js?d26dba2d243753ad877577bbe2ebb7a5ef1da337:51935:40)
           at Generator.invoke [as _invoke] (http://localhost:9877/base/node_modules/cucumber/dist/cucumber.js?d26dba2d243753ad877577bbe2ebb7a5ef1da337:52161:22)
           at Generator.prototype.<computed> [as next] (http://localhost:9877/base/node_modules/cucumber/dist/cucumber.js?d26dba2d243753ad877577bbe2ebb7a5ef1da337:51987:21)
           at asyncGeneratorStep (http://localhost:9877/base/node_modules/cucumber/dist/cucumber.js?d26dba2d243753ad877577bbe2ebb7a5ef1da337:66476:103)
           at _next (http://localhost:9877/base/node_modules/cucumber/dist/cucumber.js?d26dba2d243753ad877577bbe2ebb7a5ef1da337:66478:194)
           at http://localhost:9877/base/node_modules/cucumber/dist/cucumber.js?d26dba2d243753ad877577bbe2ebb7a5ef1da337:66478:364
           at new Promise (<anonymous>)
           at Function.<anonymous> (http://localhost:9877/base/node_modules/cucumber/dist/cucumber.js?d26dba2d243753ad877577bbe2ebb7a5ef1da337:66478:97)
           at Function.run (http://localhost:9877/base/node_modules/cucumber/dist/cucumber.js?d26dba2d243753ad877577bbe2ebb7a5ef1da337:66625:21)
           at Object._callee$ (http://localhost:9877/base/node_modules/cucumber/dist/cucumber.js?d26dba2d243753ad877577bbe2ebb7a5ef1da337:65099:46)
           at tryCatch (http://localhost:9877/base/node_modules/cucumber/dist/cucumber.js?d26dba2d243753ad877577bbe2ebb7a5ef1da337:51935:40)
           at Generator.invoke [as _invoke] (http://localhost:9877/base/node_modules/cucumber/dist/cucumber.js?d26dba2d243753ad877577bbe2ebb7a5ef1da337:52161:22)
           at Generator.prototype.<computed> [as next] (http://localhost:9877/base/node_modules/cucumber/dist/cucumber.js?d26dba2d243753ad877577bbe2ebb7a5ef1da337:51987:21)
           at asyncGeneratorStep (http://localhost:9877/base/node_modules/cucumber/dist/cucumber.js?d26dba2d243753ad877577bbe2ebb7a5ef1da337:65044:103)[39m
   [36m- And NumberStack should only have 1 number[39m # [90mhttp:/localhost:9877/base/node_modules/cucumber/dist/cucumber.js?d26dba2d243753ad877577bbe2ebb7a5ef1da337:66013[39m

[93mFeature: Fouth Emulator [33m(/base/src/test/resources/javascript/feature/redux.feature)[0m
2) Scenario: Give me the absolute value of integer 1, leaving integer 2 # [90m/base/src/test/resources/javascript/feature/redux.feature:61[39m
   [32m✔ Before[39m # [90mhttp:/localhost:9877/base/node_modules/cucumber/dist/cucumber.js?d26dba2d243753ad877577bbe2ebb7a5ef1da337:66013[39m
   [32m✔ Given User has entered -80[39m # [90mhttp:/localhost:9877/base/node_modules/cucumber/dist/cucumber.js?d26dba2d243753ad877577bbe2ebb7a5ef1da337:66013[39m
   [32m✔ When User runs ABS[39m # [90mhttp:/localhost:9877/base/node_modules/cucumber/dist/cucumber.js?d26dba2d243753ad877577bbe2ebb7a5ef1da337:66013[39m
   [31m✖ Then 80 should be on top of NumberStack[39m # [90mhttp:/localhost:9877/base/node_modules/cucumber/dist/cucumber.js?d26dba2d243753ad877577bbe2ebb7a5ef1da337:66013[39m
       [31mAssertionError[39m
           [32m+ expected[39m [31m- actual[39m

           [31m-NaN[39m
           [32m+80[39m
       [90m
           at World.<anonymous> (http://localhost:9877/base/src/test/javascript/feature/redux.steps.js:2733:68)
           at Function._callee$ (http://localhost:9877/base/node_modules/cucumber/dist/cucumber.js?d26dba2d243753ad877577bbe2ebb7a5ef1da337:66516:31)
           at tryCatch (http://localhost:9877/base/node_modules/cucumber/dist/cucumber.js?d26dba2d243753ad877577bbe2ebb7a5ef1da337:51935:40)
           at Generator.invoke [as _invoke] (http://localhost:9877/base/node_modules/cucumber/dist/cucumber.js?d26dba2d243753ad877577bbe2ebb7a5ef1da337:52161:22)
           at Generator.prototype.<computed> [as next] (http://localhost:9877/base/node_modules/cucumber/dist/cucumber.js?d26dba2d243753ad877577bbe2ebb7a5ef1da337:51987:21)
           at asyncGeneratorStep (http://localhost:9877/base/node_modules/cucumber/dist/cucumber.js?d26dba2d243753ad877577bbe2ebb7a5ef1da337:66476:103)
           at _next (http://localhost:9877/base/node_modules/cucumber/dist/cucumber.js?d26dba2d243753ad877577bbe2ebb7a5ef1da337:66478:194)
           at http://localhost:9877/base/node_modules/cucumber/dist/cucumber.js?d26dba2d243753ad877577bbe2ebb7a5ef1da337:66478:364
           at new Promise (<anonymous>)
           at Function.<anonymous> (http://localhost:9877/base/node_modules/cucumber/dist/cucumber.js?d26dba2d243753ad877577bbe2ebb7a5ef1da337:66478:97)
           at Function.run (http://localhost:9877/base/node_modules/cucumber/dist/cucumber.js?d26dba2d243753ad877577bbe2ebb7a5ef1da337:66625:21)
           at Object._callee$ (http://localhost:9877/base/node_modules/cucumber/dist/cucumber.js?d26dba2d243753ad877577bbe2ebb7a5ef1da337:65099:46)
           at tryCatch (http://localhost:9877/base/node_modules/cucumber/dist/cucumber.js?d26dba2d243753ad877577bbe2ebb7a5ef1da337:51935:40)
           at Generator.invoke [as _invoke] (http://localhost:9877/base/node_modules/cucumber/dist/cucumber.js?d26dba2d243753ad877577bbe2ebb7a5ef1da337:52161:22)
           at Generator.prototype.<computed> [as next] (http://localhost:9877/base/node_modules/cucumber/dist/cucumber.js?d26dba2d243753ad877577bbe2ebb7a5ef1da337:51987:21)
           at asyncGeneratorStep (http://localhost:9877/base/node_modules/cucumber/dist/cucumber.js?d26dba2d243753ad877577bbe2ebb7a5ef1da337:65044:103)[39m
   [36m- And NumberStack should only have 1 number[39m # [90mhttp:/localhost:9877/base/node_modules/cucumber/dist/cucumber.js?d26dba2d243753ad877577bbe2ebb7a5ef1da337:66013[39m

[93mFeature: Fouth Emulator [33m(/base/src/test/resources/javascript/feature/redux.feature)[0m
3) Scenario: Negate the top integer, leaving the changed integer # [90m/base/src/test/resources/javascript/feature/redux.feature:81[39m
   [32m✔ Before[39m # [90mhttp:/localhost:9877/base/node_modules/cucumber/dist/cucumber.js?d26dba2d243753ad877577bbe2ebb7a5ef1da337:66013[39m
   [32m✔ Given User has entered -10[39m # [90mhttp:/localhost:9877/base/node_modules/cucumber/dist/cucumber.js?d26dba2d243753ad877577bbe2ebb7a5ef1da337:66013[39m
   [32m✔ When User runs NEGATE[39m # [90mhttp:/localhost:9877/base/node_modules/cucumber/dist/cucumber.js?d26dba2d243753ad877577bbe2ebb7a5ef1da337:66013[39m
   [31m✖ Then 10 should be on top of NumberStack[39m # [90mhttp:/localhost:9877/base/node_modules/cucumber/dist/cucumber.js?d26dba2d243753ad877577bbe2ebb7a5ef1da337:66013[39m
       [31mAssertionError[39m
           [32m+ expected[39m [31m- actual[39m

           [31m-NaN[39m
           [32m+10[39m
       [90m
           at World.<anonymous> (http://localhost:9877/base/src/test/javascript/feature/redux.steps.js:2733:68)
           at Function._callee$ (http://localhost:9877/base/node_modules/cucumber/dist/cucumber.js?d26dba2d243753ad877577bbe2ebb7a5ef1da337:66516:31)
           at tryCatch (http://localhost:9877/base/node_modules/cucumber/dist/cucumber.js?d26dba2d243753ad877577bbe2ebb7a5ef1da337:51935:40)
           at Generator.invoke [as _invoke] (http://localhost:9877/base/node_modules/cucumber/dist/cucumber.js?d26dba2d243753ad877577bbe2ebb7a5ef1da337:52161:22)
           at Generator.prototype.<computed> [as next] (http://localhost:9877/base/node_modules/cucumber/dist/cucumber.js?d26dba2d243753ad877577bbe2ebb7a5ef1da337:51987:21)
           at asyncGeneratorStep (http://localhost:9877/base/node_modules/cucumber/dist/cucumber.js?d26dba2d243753ad877577bbe2ebb7a5ef1da337:66476:103)
           at _next (http://localhost:9877/base/node_modules/cucumber/dist/cucumber.js?d26dba2d243753ad877577bbe2ebb7a5ef1da337:66478:194)
           at http://localhost:9877/base/node_modules/cucumber/dist/cucumber.js?d26dba2d243753ad877577bbe2ebb7a5ef1da337:66478:364
           at new Promise (<anonymous>)
           at Function.<anonymous> (http://localhost:9877/base/node_modules/cucumber/dist/cucumber.js?d26dba2d243753ad877577bbe2ebb7a5ef1da337:66478:97)
           at Function.run (http://localhost:9877/base/node_modules/cucumber/dist/cucumber.js?d26dba2d243753ad877577bbe2ebb7a5ef1da337:66625:21)
           at Object._callee$ (http://localhost:9877/base/node_modules/cucumber/dist/cucumber.js?d26dba2d243753ad877577bbe2ebb7a5ef1da337:65099:46)
           at tryCatch (http://localhost:9877/base/node_modules/cucumber/dist/cucumber.js?d26dba2d243753ad877577bbe2ebb7a5ef1da337:51935:40)
           at Generator.invoke [as _invoke] (http://localhost:9877/base/node_modules/cucumber/dist/cucumber.js?d26dba2d243753ad877577bbe2ebb7a5ef1da337:52161:22)
           at Generator.prototype.<computed> [as next] (http://localhost:9877/base/node_modules/cucumber/dist/cucumber.js?d26dba2d243753ad877577bbe2ebb7a5ef1da337:51987:21)
           at asyncGeneratorStep (http://localhost:9877/base/node_modules/cucumber/dist/cucumber.js?d26dba2d243753ad877577bbe2ebb7a5ef1da337:65044:103)[39m
   [36m- And NumberStack should only have 1 number[39m # [90mhttp:/localhost:9877/base/node_modules/cucumber/dist/cucumber.js?d26dba2d243753ad877577bbe2ebb7a5ef1da337:66013[39m

[93mFeature: Fouth Emulator [33m(/base/src/test/resources/javascript/feature/redux.feature)[0m
38 scenarios ([31m3 failed[39m, [32m35 passed[39m)
198 steps ([31m3 failed[39m, [36m3 skipped[39m, [32m192 passed[39m)
0m00.195s'[39m


[1A[2KHeadlessChrome 75.0.3770 (Linux 0.0.0): Executed 0 of 236[32m SUCCESS[39m (0 secs / 0 secs)
[1A[2KHeadlessChrome 75.0.3770 (Linux 0.0.0): Executed 1 of 236[32m SUCCESS[39m (0 secs / 0.011 secs)
[1A[2KHeadlessChrome 75.0.3770 (Linux 0.0.0): Executed 2 of 236[32m SUCCESS[39m (0 secs / 0.015 secs)
[1A[2KHeadlessChrome 75.0.3770 (Linux 0.0.0): Executed 3 of 236[32m SUCCESS[39m (0 secs / 0.016 secs)
[1A[2KHeadlessChrome 75.0.3770 (Linux 0.0.0): Executed 4 of 236[32m SUCCESS[39m (0 secs / 0.017 secs)
[1A[2KHeadlessChrome 75.0.3770 (Linux 0.0.0): Executed 5 of 236[32m SUCCESS[39m (0 secs / 0.019 secs)
[1A[2KHeadlessChrome 75.0.3770 (Linux 0.0.0): Executed 6 of 236[32m SUCCESS[39m (0 secs / 0.021 secs)
[1A[2KHeadlessChrome 75.0.3770 (Linux 0.0.0): Executed 7 of 236[32m SUCCESS[39m (0 secs / 0.023 secs)
[1A[2KHeadlessChrome 75.0.3770 (Linux 0.0.0): Executed 8 of 236[32m SUCCESS[39m (0 secs / 0.024 secs)
[1A[2KHeadlessChrome 75.0.3770 (Linux 0.0.0): Executed 9 of 236[32m SUCCESS[39m (0 secs / 0.025 secs)
[1A[2KHeadlessChrome 75.0.3770 (Linux 0.0.0): Executed 10 of 236[32m SUCCESS[39m (0 secs / 0.026 secs)
[1A[2KHeadlessChrome 75.0.3770 (Linux 0.0.0): Executed 11 of 236[32m SUCCESS[39m (0 secs / 0.026 secs)
[1A[2KHeadlessChrome 75.0.3770 (Linux 0.0.0): Executed 12 of 236[32m SUCCESS[39m (0 secs / 0.027 secs)
[1A[2KHeadlessChrome 75.0.3770 (Linux 0.0.0): Executed 13 of 236[32m SUCCESS[39m (0 secs / 0.028 secs)
[1A[2KHeadlessChrome 75.0.3770 (Linux 0.0.0): Executed 14 of 236[32m SUCCESS[39m (0 secs / 0.028 secs)
[1A[2KHeadlessChrome 75.0.3770 (Linux 0.0.0): Executed 15 of 236[32m SUCCESS[39m (0 secs / 0.028 secs)
[1A[2KHeadlessChrome 75.0.3770 (Linux 0.0.0): Executed 16 of 236[32m SUCCESS[39m (0 secs / 0.028 secs)
[1A[2KHeadlessChrome 75.0.3770 (Linux 0.0.0): Executed 17 of 236[32m SUCCESS[39m (0 secs / 0.028 secs)
[1A[2KHeadlessChrome 75.0.3770 (Linux 0.0.0): Executed 18 of 236[32m SUCCESS[39m (0 secs / 0.028 secs)
[1A[2KHeadlessChrome 75.0.3770 (Linux 0.0.0): Executed 19 of 236[32m SUCCESS[39m (0 secs / 0.03 secs)
[1A[2KHeadlessChrome 75.0.3770 (Linux 0.0.0): Executed 20 of 236[32m SUCCESS[39m (0 secs / 0.031 secs)
[1A[2KHeadlessChrome 75.0.3770 (Linux 0.0.0): Executed 21 of 236[32m SUCCESS[39m (0 secs / 0.033 secs)
[1A[2KHeadlessChrome 75.0.3770 (Linux 0.0.0): Executed 22 of 236[32m SUCCESS[39m (0 secs / 0.033 secs)
[1A[2KHeadlessChrome 75.0.3770 (Linux 0.0.0): Executed 23 of 236[32m SUCCESS[39m (0 secs / 0.033 secs)
[1A[2KHeadlessChrome 75.0.3770 (Linux 0.0.0): Executed 24 of 236[32m SUCCESS[39m (0 secs / 0.034 secs)
[1A[2KHeadlessChrome 75.0.3770 (Linux 0.0.0): Executed 25 of 236[32m SUCCESS[39m (0 secs / 0.036 secs)
[1A[2KHeadlessChrome 75.0.3770 (Linux 0.0.0): Executed 26 of 236[32m SUCCESS[39m (0 secs / 0.037 secs)
[1A[2KHeadlessChrome 75.0.3770 (Linux 0.0.0): Executed 27 of 236[32m SUCCESS[39m (0 secs / 0.038 secs)
[1A[2KHeadlessChrome 75.0.3770 (Linux 0.0.0): Executed 28 of 236[32m SUCCESS[39m (0 secs / 0.038 secs)
[1A[2KHeadlessChrome 75.0.3770 (Linux 0.0.0): Executed 29 of 236[32m SUCCESS[39m (0 secs / 0.038 secs)
[1A[2KHeadlessChrome 75.0.3770 (Linux 0.0.0): Executed 30 of 236[32m SUCCESS[39m (0 secs / 0.039 secs)
[1A[2KHeadlessChrome 75.0.3770 (Linux 0.0.0): Executed 31 of 236[32m SUCCESS[39m (0 secs / 0.04 secs)
[1A[2KHeadlessChrome 75.0.3770 (Linux 0.0.0): Executed 32 of 236[32m SUCCESS[39m (0 secs / 0.041 secs)
[1A[2KHeadlessChrome 75.0.3770 (Linux 0.0.0): Executed 33 of 236[32m SUCCESS[39m (0 secs / 0.042 secs)
[1A[2KHeadlessChrome 75.0.3770 (Linux 0.0.0): Executed 34 of 236[32m SUCCESS[39m (0 secs / 0.043 secs)
[1A[2KHeadlessChrome 75.0.3770 (Linux 0.0.0): Executed 35 of 236[32m SUCCESS[39m (0 secs / 0.043 secs)
[1A[2KHeadlessChrome 75.0.3770 (Linux 0.0.0): Executed 36 of 236[32m SUCCESS[39m (0 secs / 0.044 secs)
[1A[2KHeadlessChrome 75.0.3770 (Linux 0.0.0): Executed 37 of 236[32m SUCCESS[39m (0 secs / 0.046 secs)
[1A[2KHeadlessChrome 75.0.3770 (Linux 0.0.0): Executed 38 of 236[32m SUCCESS[39m (0 secs / 0.046 secs)
[1A[2KHeadlessChrome 75.0.3770 (Linux 0.0.0): Executed 39 of 236[32m SUCCESS[39m (0 secs / 0.046 secs)
[1A[2KHeadlessChrome 75.0.3770 (Linux 0.0.0): Executed 40 of 236[32m SUCCESS[39m (0 secs / 0.046 secs)
[1A[2KHeadlessChrome 75.0.3770 (Linux 0.0.0): Executed 41 of 236[32m SUCCESS[39m (0 secs / 0.046 secs)
[1A[2KHeadlessChrome 75.0.3770 (Linux 0.0.0): Executed 42 of 236[32m SUCCESS[39m (0 secs / 0.046 secs)
[1A[2KHeadlessChrome 75.0.3770 (Linux 0.0.0): Executed 43 of 236[32m SUCCESS[39m (0 secs / 0.048 secs)
[1A[2KHeadlessChrome 75.0.3770 (Linux 0.0.0): Executed 44 of 236[32m SUCCESS[39m (0 secs / 0.049 secs)
[1A[2KHeadlessChrome 75.0.3770 (Linux 0.0.0): Executed 45 of 236[32m SUCCESS[39m (0 secs / 0.05 secs)
[1A[2KHeadlessChrome 75.0.3770 (Linux 0.0.0): Executed 46 of 236[32m SUCCESS[39m (0 secs / 0.05 secs)
[1A[2KHeadlessChrome 75.0.3770 (Linux 0.0.0): Executed 47 of 236[32m SUCCESS[39m (0 secs / 0.05 secs)
[1A[2KHeadlessChrome 75.0.3770 (Linux 0.0.0): Executed 48 of 236[32m SUCCESS[39m (0 secs / 0.051 secs)
[1A[2KHeadlessChrome 75.0.3770 (Linux 0.0.0): Executed 49 of 236[32m SUCCESS[39m (0 secs / 0.052 secs)
[1A[2KHeadlessChrome 75.0.3770 (Linux 0.0.0): Executed 50 of 236[32m SUCCESS[39m (0 secs / 0.054 secs)
[1A[2KHeadlessChrome 75.0.3770 (Linux 0.0.0): Executed 51 of 236[32m SUCCESS[39m (0 secs / 0.055 secs)
[1A[2KHeadlessChrome 75.0.3770 (Linux 0.0.0): Executed 52 of 236[32m SUCCESS[39m (0 secs / 0.055 secs)
[1A[2KHeadlessChrome 75.0.3770 (Linux 0.0.0): Executed 53 of 236[32m SUCCESS[39m (0 secs / 0.056 secs)
[1A[2KHeadlessChrome 75.0.3770 (Linux 0.0.0): Executed 54 of 236[32m SUCCESS[39m (0 secs / 0.056 secs)
[1A[2KHeadlessChrome 75.0.3770 (Linux 0.0.0): Executed 55 of 236[32m SUCCESS[39m (0 secs / 0.057 secs)
[1A[2KHeadlessChrome 75.0.3770 (Linux 0.0.0): Executed 56 of 236[32m SUCCESS[39m (0 secs / 0.057 secs)
[1A[2KHeadlessChrome 75.0.3770 (Linux 0.0.0): Executed 57 of 236[32m SUCCESS[39m (0 secs / 0.057 secs)
[1A[2KHeadlessChrome 75.0.3770 (Linux 0.0.0): Executed 58 of 236[32m SUCCESS[39m (0 secs / 0.058 secs)
[1A[2KHeadlessChrome 75.0.3770 (Linux 0.0.0): Executed 59 of 236[32m SUCCESS[39m (0 secs / 0.058 secs)
[1A[2KHeadlessChrome 75.0.3770 (Linux 0.0.0): Executed 60 of 236[32m SUCCESS[39m (0 secs / 0.059 secs)
[1A[2KHeadlessChrome 75.0.3770 (Linux 0.0.0): Executed 61 of 236[32m SUCCESS[39m (0 secs / 0.062 secs)
[1A[2KHeadlessChrome 75.0.3770 (Linux 0.0.0): Executed 62 of 236[32m SUCCESS[39m (0 secs / 0.063 secs)
[1A[2KHeadlessChrome 75.0.3770 (Linux 0.0.0): Executed 63 of 236[32m SUCCESS[39m (0 secs / 0.065 secs)
[1A[2KHeadlessChrome 75.0.3770 (Linux 0.0.0): Executed 64 of 236[32m SUCCESS[39m (0 secs / 0.066 secs)
[1A[2KHeadlessChrome 75.0.3770 (Linux 0.0.0): Executed 65 of 236[32m SUCCESS[39m (0 secs / 0.066 secs)
[1A[2KHeadlessChrome 75.0.3770 (Linux 0.0.0): Executed 66 of 236[32m SUCCESS[39m (0 secs / 0.066 secs)
[1A[2KHeadlessChrome 75.0.3770 (Linux 0.0.0): Executed 67 of 236[32m SUCCESS[39m (0 secs / 0.069 secs)
[1A[2KHeadlessChrome 75.0.3770 (Linux 0.0.0): Executed 68 of 236[32m SUCCESS[39m (0 secs / 0.07 secs)
[1A[2KHeadlessChrome 75.0.3770 (Linux 0.0.0): Executed 69 of 236[32m SUCCESS[39m (0 secs / 0.071 secs)
[1A[2KHeadlessChrome 75.0.3770 (Linux 0.0.0): Executed 70 of 236[32m SUCCESS[39m (0 secs / 0.072 secs)
[1A[2KHeadlessChrome 75.0.3770 (Linux 0.0.0): Executed 71 of 236[32m SUCCESS[39m (0 secs / 0.072 secs)
[1A[2KHeadlessChrome 75.0.3770 (Linux 0.0.0): Executed 72 of 236[32m SUCCESS[39m (0 secs / 0.072 secs)
[1A[2KHeadlessChrome 75.0.3770 (Linux 0.0.0): Executed 73 of 236[32m SUCCESS[39m (0 secs / 0.073 secs)
[1A[2KHeadlessChrome 75.0.3770 (Linux 0.0.0): Executed 74 of 236[32m SUCCESS[39m (0 secs / 0.074 secs)
[1A[2KHeadlessChrome 75.0.3770 (Linux 0.0.0): Executed 75 of 236[32m SUCCESS[39m (0 secs / 0.075 secs)
[1A[2KHeadlessChrome 75.0.3770 (Linux 0.0.0): Executed 76 of 236[32m SUCCESS[39m (0 secs / 0.075 secs)
[1A[2KHeadlessChrome 75.0.3770 (Linux 0.0.0): Executed 77 of 236[32m SUCCESS[39m (0 secs / 0.076 secs)
[1A[2KHeadlessChrome 75.0.3770 (Linux 0.0.0): Executed 78 of 236[32m SUCCESS[39m (0 secs / 0.077 secs)
[1A[2KHeadlessChrome 75.0.3770 (Linux 0.0.0): Executed 79 of 236[32m SUCCESS[39m (0 secs / 0.078 secs)
[1A[2KHeadlessChrome 75.0.3770 (Linux 0.0.0): Executed 80 of 236[32m SUCCESS[39m (0 secs / 0.079 secs)
[1A[2KHeadlessChrome 75.0.3770 (Linux 0.0.0): Executed 81 of 236[32m SUCCESS[39m (0 secs / 0.079 secs)
[1A[2KHeadlessChrome 75.0.3770 (Linux 0.0.0): Executed 82 of 236[32m SUCCESS[39m (0 secs / 0.08 secs)
[1A[2KHeadlessChrome 75.0.3770 (Linux 0.0.0): Executed 83 of 236[32m SUCCESS[39m (0 secs / 0.081 secs)
[1A[2KHeadlessChrome 75.0.3770 (Linux 0.0.0): Executed 84 of 236[32m SUCCESS[39m (0 secs / 0.082 secs)
[1A[2KHeadlessChrome 75.0.3770 (Linux 0.0.0): Executed 85 of 236[32m SUCCESS[39m (0 secs / 0.083 secs)
[1A[2KHeadlessChrome 75.0.3770 (Linux 0.0.0): Executed 86 of 236[32m SUCCESS[39m (0 secs / 0.083 secs)
[1A[2KHeadlessChrome 75.0.3770 (Linux 0.0.0): Executed 87 of 236[32m SUCCESS[39m (0 secs / 0.083 secs)
[1A[2KHeadlessChrome 75.0.3770 (Linux 0.0.0): Executed 88 of 236[32m SUCCESS[39m (0 secs / 0.084 secs)
[1A[2KHeadlessChrome 75.0.3770 (Linux 0.0.0): Executed 89 of 236[32m SUCCESS[39m (0 secs / 0.085 secs)
[1A[2KHeadlessChrome 75.0.3770 (Linux 0.0.0): Executed 90 of 236[32m SUCCESS[39m (0 secs / 0.086 secs)
[1A[2KHeadlessChrome 75.0.3770 (Linux 0.0.0): Executed 91 of 236[32m SUCCESS[39m (0 secs / 0.086 secs)
[1A[2KHeadlessChrome 75.0.3770 (Linux 0.0.0): Executed 92 of 236[32m SUCCESS[39m (0 secs / 0.086 secs)
[1A[2KHeadlessChrome 75.0.3770 (Linux 0.0.0): Executed 93 of 236[32m SUCCESS[39m (0 secs / 0.087 secs)
[1A[2KHeadlessChrome 75.0.3770 (Linux 0.0.0): Executed 94 of 236[32m SUCCESS[39m (0 secs / 0.088 secs)
[1A[2KHeadlessChrome 75.0.3770 (Linux 0.0.0): Executed 95 of 236[32m SUCCESS[39m (0 secs / 0.088 secs)
[1A[2KHeadlessChrome 75.0.3770 (Linux 0.0.0): Executed 96 of 236[32m SUCCESS[39m (0 secs / 0.088 secs)
[1A[2KHeadlessChrome 75.0.3770 (Linux 0.0.0): Executed 97 of 236[32m SUCCESS[39m (0 secs / 0.089 secs)
[1A[2KHeadlessChrome 75.0.3770 (Linux 0.0.0): Executed 98 of 236[32m SUCCESS[39m (0 secs / 0.09 secs)
[1A[2KHeadlessChrome 75.0.3770 (Linux 0.0.0): Executed 99 of 236[32m SUCCESS[39m (0 secs / 0.091 secs)
[1A[2KHeadlessChrome 75.0.3770 (Linux 0.0.0): Executed 100 of 236[32m SUCCESS[39m (0 secs / 0.091 secs)
[1A[2KHeadlessChrome 75.0.3770 (Linux 0.0.0): Executed 101 of 236[32m SUCCESS[39m (0 secs / 0.091 secs)
[1A[2KHeadlessChrome 75.0.3770 (Linux 0.0.0): Executed 102 of 236[32m SUCCESS[39m (0 secs / 0.091 secs)
[1A[2KHeadlessChrome 75.0.3770 (Linux 0.0.0): Executed 103 of 236[32m SUCCESS[39m (0 secs / 0.092 secs)
[1A[2KHeadlessChrome 75.0.3770 (Linux 0.0.0): Executed 104 of 236[32m SUCCESS[39m (0 secs / 0.093 secs)
[1A[2KHeadlessChrome 75.0.3770 (Linux 0.0.0): Executed 105 of 236[32m SUCCESS[39m (0 secs / 0.093 secs)
[1A[2K[31mHeadlessChrome 75.0.3770 (Linux 0.0.0) Fouth Emulator 	| 0-less-than	 | 0<      | -5   | true flag	| -1	    | | 0-less-than	 | 0<      | -5   | true flag	| -1	    | FAILED[39m
	Step: | 0-less-than	 | 0<      | -5   | true flag	| -1	    | <- src/test/resources/javascript/feature/redux.feature:43
HeadlessChrome 75.0.3770 (Linux 0.0.0): Executed 106 of 236[31m (1 FAILED)[39m (0 secs / 0.094 secs)
[1A[2KHeadlessChrome 75.0.3770 (Linux 0.0.0): Executed 107 of 236[31m (1 FAILED)[39m (skipped 1) (0 secs / 0.095 secs)
[1A[2KHeadlessChrome 75.0.3770 (Linux 0.0.0): Executed 108 of 236[31m (1 FAILED)[39m (skipped 1) (0 secs / 0.095 secs)
[1A[2KHeadlessChrome 75.0.3770 (Linux 0.0.0): Executed 109 of 236[31m (1 FAILED)[39m (skipped 1) (0 secs / 0.095 secs)
[1A[2KHeadlessChrome 75.0.3770 (Linux 0.0.0): Executed 110 of 236[31m (1 FAILED)[39m (skipped 1) (0 secs / 0.096 secs)
[1A[2KHeadlessChrome 75.0.3770 (Linux 0.0.0): Executed 111 of 236[31m (1 FAILED)[39m (skipped 1) (0 secs / 0.097 secs)
[1A[2KHeadlessChrome 75.0.3770 (Linux 0.0.0): Executed 112 of 236[31m (1 FAILED)[39m (skipped 1) (0 secs / 0.098 secs)
[1A[2KHeadlessChrome 75.0.3770 (Linux 0.0.0): Executed 113 of 236[31m (1 FAILED)[39m (skipped 1) (0 secs / 0.099 secs)
[1A[2KHeadlessChrome 75.0.3770 (Linux 0.0.0): Executed 114 of 236[31m (1 FAILED)[39m (skipped 1) (0 secs / 0.1 secs)
[1A[2KHeadlessChrome 75.0.3770 (Linux 0.0.0): Executed 115 of 236[31m (1 FAILED)[39m (skipped 1) (0 secs / 0.1 secs)
[1A[2KHeadlessChrome 75.0.3770 (Linux 0.0.0): Executed 116 of 236[31m (1 FAILED)[39m (skipped 1) (0 secs / 0.1 secs)
[1A[2KHeadlessChrome 75.0.3770 (Linux 0.0.0): Executed 117 of 236[31m (1 FAILED)[39m (skipped 1) (0 secs / 0.1 secs)
[1A[2KHeadlessChrome 75.0.3770 (Linux 0.0.0): Executed 118 of 236[31m (1 FAILED)[39m (skipped 1) (0 secs / 0.101 secs)
[1A[2KHeadlessChrome 75.0.3770 (Linux 0.0.0): Executed 119 of 236[31m (1 FAILED)[39m (skipped 1) (0 secs / 0.101 secs)
[1A[2KHeadlessChrome 75.0.3770 (Linux 0.0.0): Executed 120 of 236[31m (1 FAILED)[39m (skipped 1) (0 secs / 0.102 secs)
[1A[2KHeadlessChrome 75.0.3770 (Linux 0.0.0): Executed 121 of 236[31m (1 FAILED)[39m (skipped 1) (0 secs / 0.102 secs)
[1A[2KHeadlessChrome 75.0.3770 (Linux 0.0.0): Executed 122 of 236[31m (1 FAILED)[39m (skipped 1) (0 secs / 0.103 secs)
[1A[2KHeadlessChrome 75.0.3770 (Linux 0.0.0): Executed 123 of 236[31m (1 FAILED)[39m (skipped 1) (0 secs / 0.104 secs)
[1A[2KHeadlessChrome 75.0.3770 (Linux 0.0.0): Executed 124 of 236[31m (1 FAILED)[39m (skipped 1) (0 secs / 0.105 secs)
[1A[2KHeadlessChrome 75.0.3770 (Linux 0.0.0): Executed 125 of 236[31m (1 FAILED)[39m (skipped 1) (0 secs / 0.107 secs)
[1A[2KHeadlessChrome 75.0.3770 (Linux 0.0.0): Executed 126 of 236[31m (1 FAILED)[39m (skipped 1) (0 secs / 0.108 secs)
[1A[2KHeadlessChrome 75.0.3770 (Linux 0.0.0): Executed 127 of 236[31m (1 FAILED)[39m (skipped 1) (0 secs / 0.109 secs)
[1A[2KHeadlessChrome 75.0.3770 (Linux 0.0.0): Executed 128 of 236[31m (1 FAILED)[39m (skipped 1) (0 secs / 0.109 secs)
[1A[2KHeadlessChrome 75.0.3770 (Linux 0.0.0): Executed 129 of 236[31m (1 FAILED)[39m (skipped 1) (0 secs / 0.112 secs)
[1A[2KHeadlessChrome 75.0.3770 (Linux 0.0.0): Executed 130 of 236[31m (1 FAILED)[39m (skipped 1) (0 secs / 0.113 secs)
[1A[2KHeadlessChrome 75.0.3770 (Linux 0.0.0): Executed 131 of 236[31m (1 FAILED)[39m (skipped 1) (0 secs / 0.115 secs)
[1A[2KHeadlessChrome 75.0.3770 (Linux 0.0.0): Executed 132 of 236[31m (1 FAILED)[39m (skipped 1) (0 secs / 0.116 secs)
[1A[2KHeadlessChrome 75.0.3770 (Linux 0.0.0): Executed 133 of 236[31m (1 FAILED)[39m (skipped 1) (0 secs / 0.117 secs)
[1A[2KHeadlessChrome 75.0.3770 (Linux 0.0.0): Executed 134 of 236[31m (1 FAILED)[39m (skipped 1) (0 secs / 0.117 secs)
[1A[2KHeadlessChrome 75.0.3770 (Linux 0.0.0): Executed 135 of 236[31m (1 FAILED)[39m (skipped 1) (0 secs / 0.118 secs)
[1A[2KHeadlessChrome 75.0.3770 (Linux 0.0.0): Executed 136 of 236[31m (1 FAILED)[39m (skipped 1) (0 secs / 0.118 secs)
[1A[2KHeadlessChrome 75.0.3770 (Linux 0.0.0): Executed 137 of 236[31m (1 FAILED)[39m (skipped 1) (0 secs / 0.121 secs)
[1A[2KHeadlessChrome 75.0.3770 (Linux 0.0.0): Executed 138 of 236[31m (1 FAILED)[39m (skipped 1) (0 secs / 0.124 secs)
[1A[2KHeadlessChrome 75.0.3770 (Linux 0.0.0): Executed 139 of 236[31m (1 FAILED)[39m (skipped 1) (0 secs / 0.125 secs)
[1A[2K[31mHeadlessChrome 75.0.3770 (Linux 0.0.0) Fouth Emulator Give me the absolute value of integer 1, leaving integer 2 And NumberStack should only have 1 number FAILED[39m
	Step: And NumberStack should only have 1 number <- src/test/resources/javascript/feature/redux.feature:65
HeadlessChrome 75.0.3770 (Linux 0.0.0): Executed 140 of 236[31m (2 FAILED)[39m (skipped 1) (0 secs / 0.125 secs)
[1A[2KHeadlessChrome 75.0.3770 (Linux 0.0.0): Executed 141 of 236[31m (2 FAILED)[39m (skipped 2) (0 secs / 0.126 secs)
[1A[2KHeadlessChrome 75.0.3770 (Linux 0.0.0): Executed 142 of 236[31m (2 FAILED)[39m (skipped 2) (0 secs / 0.126 secs)
[1A[2KHeadlessChrome 75.0.3770 (Linux 0.0.0): Executed 143 of 236[31m (2 FAILED)[39m (skipped 2) (0 secs / 0.126 secs)
[1A[2KHeadlessChrome 75.0.3770 (Linux 0.0.0): Executed 144 of 236[31m (2 FAILED)[39m (skipped 2) (0 secs / 0.127 secs)
[1A[2KHeadlessChrome 75.0.3770 (Linux 0.0.0): Executed 145 of 236[31m (2 FAILED)[39m (skipped 2) (0 secs / 0.127 secs)
[1A[2KHeadlessChrome 75.0.3770 (Linux 0.0.0): Executed 146 of 236[31m (2 FAILED)[39m (skipped 2) (0 secs / 0.128 secs)
[1A[2KHeadlessChrome 75.0.3770 (Linux 0.0.0): Executed 147 of 236[31m (2 FAILED)[39m (skipped 2) (0 secs / 0.129 secs)
[1A[2KHeadlessChrome 75.0.3770 (Linux 0.0.0): Executed 148 of 236[31m (2 FAILED)[39m (skipped 2) (0 secs / 0.129 secs)
[1A[2KHeadlessChrome 75.0.3770 (Linux 0.0.0): Executed 149 of 236[31m (2 FAILED)[39m (skipped 2) (0 secs / 0.13 secs)
[1A[2KHeadlessChrome 75.0.3770 (Linux 0.0.0): Executed 150 of 236[31m (2 FAILED)[39m (skipped 2) (0 secs / 0.131 secs)
[1A[2KHeadlessChrome 75.0.3770 (Linux 0.0.0): Executed 151 of 236[31m (2 FAILED)[39m (skipped 2) (0 secs / 0.131 secs)
[1A[2KHeadlessChrome 75.0.3770 (Linux 0.0.0): Executed 152 of 236[31m (2 FAILED)[39m (skipped 2) (0 secs / 0.132 secs)
[1A[2KHeadlessChrome 75.0.3770 (Linux 0.0.0): Executed 153 of 236[31m (2 FAILED)[39m (skipped 2) (0 secs / 0.134 secs)
[1A[2KHeadlessChrome 75.0.3770 (Linux 0.0.0): Executed 154 of 236[31m (2 FAILED)[39m (skipped 2) (0 secs / 0.134 secs)
[1A[2KHeadlessChrome 75.0.3770 (Linux 0.0.0): Executed 155 of 236[31m (2 FAILED)[39m (skipped 2) (0 secs / 0.135 secs)
[1A[2K[31mHeadlessChrome 75.0.3770 (Linux 0.0.0) Fouth Emulator Negate the top integer, leaving the changed integer And NumberStack should only have 1 number FAILED[39m
	Step: And NumberStack should only have 1 number <- src/test/resources/javascript/feature/redux.feature:85
HeadlessChrome 75.0.3770 (Linux 0.0.0): Executed 156 of 236[31m (3 FAILED)[39m (skipped 2) (0 secs / 0.135 secs)
[1A[2KHeadlessChrome 75.0.3770 (Linux 0.0.0): Executed 157 of 236[31m (3 FAILED)[39m (skipped 3) (0 secs / 0.136 secs)
[1A[2KHeadlessChrome 75.0.3770 (Linux 0.0.0): Executed 158 of 236[31m (3 FAILED)[39m (skipped 3) (0 secs / 0.137 secs)
[1A[2KHeadlessChrome 75.0.3770 (Linux 0.0.0): Executed 159 of 236[31m (3 FAILED)[39m (skipped 3) (0 secs / 0.138 secs)
[1A[2KHeadlessChrome 75.0.3770 (Linux 0.0.0): Executed 160 of 236[31m (3 FAILED)[39m (skipped 3) (0 secs / 0.139 secs)
[1A[2KHeadlessChrome 75.0.3770 (Linux 0.0.0): Executed 161 of 236[31m (3 FAILED)[39m (skipped 3) (0 secs / 0.14 secs)
[1A[2KHeadlessChrome 75.0.3770 (Linux 0.0.0): Executed 162 of 236[31m (3 FAILED)[39m (skipped 3) (0 secs / 0.14 secs)
[1A[2KHeadlessChrome 75.0.3770 (Linux 0.0.0): Executed 163 of 236[31m (3 FAILED)[39m (skipped 3) (0 secs / 0.141 secs)
[1A[2KHeadlessChrome 75.0.3770 (Linux 0.0.0): Executed 164 of 236[31m (3 FAILED)[39m (skipped 3) (0 secs / 0.142 secs)
[1A[2KHeadlessChrome 75.0.3770 (Linux 0.0.0): Executed 165 of 236[31m (3 FAILED)[39m (skipped 3) (0 secs / 0.143 secs)
[1A[2KHeadlessChrome 75.0.3770 (Linux 0.0.0): Executed 166 of 236[31m (3 FAILED)[39m (skipped 3) (0 secs / 0.143 secs)
[1A[2KHeadlessChrome 75.0.3770 (Linux 0.0.0): Executed 167 of 236[31m (3 FAILED)[39m (skipped 3) (0 secs / 0.143 secs)
[1A[2KHeadlessChrome 75.0.3770 (Linux 0.0.0): Executed 168 of 236[31m (3 FAILED)[39m (skipped 3) (0 secs / 0.143 secs)
[1A[2KHeadlessChrome 75.0.3770 (Linux 0.0.0): Executed 169 of 236[31m (3 FAILED)[39m (skipped 3) (0 secs / 0.144 secs)
[1A[2KHeadlessChrome 75.0.3770 (Linux 0.0.0): Executed 170 of 236[31m (3 FAILED)[39m (skipped 3) (0 secs / 0.144 secs)
[1A[2KHeadlessChrome 75.0.3770 (Linux 0.0.0): Executed 171 of 236[31m (3 FAILED)[39m (skipped 3) (0 secs / 0.144 secs)
[1A[2KHeadlessChrome 75.0.3770 (Linux 0.0.0): Executed 172 of 236[31m (3 FAILED)[39m (skipped 3) (0 secs / 0.145 secs)
[1A[2KHeadlessChrome 75.0.3770 (Linux 0.0.0): Executed 173 of 236[31m (3 FAILED)[39m (skipped 3) (0 secs / 0.146 secs)
[1A[2KHeadlessChrome 75.0.3770 (Linux 0.0.0): Executed 174 of 236[31m (3 FAILED)[39m (skipped 3) (0 secs / 0.146 secs)
[1A[2KHeadlessChrome 75.0.3770 (Linux 0.0.0): Executed 175 of 236[31m (3 FAILED)[39m (skipped 3) (0 secs / 0.147 secs)
[1A[2KHeadlessChrome 75.0.3770 (Linux 0.0.0): Executed 176 of 236[31m (3 FAILED)[39m (skipped 3) (0 secs / 0.148 secs)
[1A[2KHeadlessChrome 75.0.3770 (Linux 0.0.0): Executed 177 of 236[31m (3 FAILED)[39m (skipped 3) (0 secs / 0.149 secs)
[1A[2KHeadlessChrome 75.0.3770 (Linux 0.0.0): Executed 178 of 236[31m (3 FAILED)[39m (skipped 3) (0 secs / 0.15 secs)
[1A[2KHeadlessChrome 75.0.3770 (Linux 0.0.0): Executed 179 of 236[31m (3 FAILED)[39m (skipped 3) (0 secs / 0.151 secs)
[1A[2KHeadlessChrome 75.0.3770 (Linux 0.0.0): Executed 180 of 236[31m (3 FAILED)[39m (skipped 3) (0 secs / 0.152 secs)
[1A[2KHeadlessChrome 75.0.3770 (Linux 0.0.0): Executed 181 of 236[31m (3 FAILED)[39m (skipped 3) (0 secs / 0.152 secs)
[1A[2KHeadlessChrome 75.0.3770 (Linux 0.0.0): Executed 182 of 236[31m (3 FAILED)[39m (skipped 3) (0 secs / 0.152 secs)
[1A[2KHeadlessChrome 75.0.3770 (Linux 0.0.0): Executed 183 of 236[31m (3 FAILED)[39m (skipped 3) (0 secs / 0.152 secs)
[1A[2KHeadlessChrome 75.0.3770 (Linux 0.0.0): Executed 184 of 236[31m (3 FAILED)[39m (skipped 3) (0 secs / 0.152 secs)
[1A[2KHeadlessChrome 75.0.3770 (Linux 0.0.0): Executed 185 of 236[31m (3 FAILED)[39m (skipped 3) (0 secs / 0.152 secs)
[1A[2KHeadlessChrome 75.0.3770 (Linux 0.0.0): Executed 186 of 236[31m (3 FAILED)[39m (skipped 3) (0 secs / 0.153 secs)
[1A[2KHeadlessChrome 75.0.3770 (Linux 0.0.0): Executed 187 of 236[31m (3 FAILED)[39m (skipped 3) (0 secs / 0.154 secs)
[1A[2KHeadlessChrome 75.0.3770 (Linux 0.0.0): Executed 188 of 236[31m (3 FAILED)[39m (skipped 3) (0 secs / 0.154 secs)
[1A[2KHeadlessChrome 75.0.3770 (Linux 0.0.0): Executed 189 of 236[31m (3 FAILED)[39m (skipped 3) (0 secs / 0.155 secs)
[1A[2KHeadlessChrome 75.0.3770 (Linux 0.0.0): Executed 190 of 236[31m (3 FAILED)[39m (skipped 3) (0 secs / 0.156 secs)
[1A[2KHeadlessChrome 75.0.3770 (Linux 0.0.0): Executed 191 of 236[31m (3 FAILED)[39m (skipped 3) (0 secs / 0.157 secs)
[1A[2KHeadlessChrome 75.0.3770 (Linux 0.0.0): Executed 192 of 236[31m (3 FAILED)[39m (skipped 3) (0 secs / 0.158 secs)
[1A[2KHeadlessChrome 75.0.3770 (Linux 0.0.0): Executed 193 of 236[31m (3 FAILED)[39m (skipped 3) (0 secs / 0.158 secs)
[1A[2KHeadlessChrome 75.0.3770 (Linux 0.0.0): Executed 194 of 236[31m (3 FAILED)[39m (skipped 3) (0 secs / 0.158 secs)
[1A[2KHeadlessChrome 75.0.3770 (Linux 0.0.0): Executed 195 of 236[31m (3 FAILED)[39m (skipped 3) (0 secs / 0.158 secs)
[1A[2KHeadlessChrome 75.0.3770 (Linux 0.0.0): Executed 196 of 236[31m (3 FAILED)[39m (skipped 3) (0 secs / 0.159 secs)
[1A[2KHeadlessChrome 75.0.3770 (Linux 0.0.0): Executed 197 of 236[31m (3 FAILED)[39m (skipped 3) (0 secs / 0.159 secs)
[1A[2KHeadlessChrome 75.0.3770 (Linux 0.0.0): Executed 198 of 236[31m (3 FAILED)[39m (skipped 3) (0 secs / 0.159 secs)
[1A[2KHeadlessChrome 75.0.3770 (Linux 0.0.0): Executed 199 of 236[31m (3 FAILED)[39m (skipped 3) (0 secs / 0.163 secs)
[1A[2KHeadlessChrome 75.0.3770 (Linux 0.0.0): Executed 200 of 236[31m (3 FAILED)[39m (skipped 3) (0 secs / 0.164 secs)
[1A[2KHeadlessChrome 75.0.3770 (Linux 0.0.0): Executed 201 of 236[31m (3 FAILED)[39m (skipped 3) (0 secs / 0.166 secs)
[1A[2KHeadlessChrome 75.0.3770 (Linux 0.0.0): Executed 202 of 236[31m (3 FAILED)[39m (skipped 3) (0 secs / 0.168 secs)
[1A[2KHeadlessChrome 75.0.3770 (Linux 0.0.0): Executed 203 of 236[31m (3 FAILED)[39m (skipped 3) (0 secs / 0.17 secs)
[1A[2KHeadlessChrome 75.0.3770 (Linux 0.0.0): Executed 204 of 236[31m (3 FAILED)[39m (skipped 3) (0 secs / 0.172 secs)
[1A[2KHeadlessChrome 75.0.3770 (Linux 0.0.0): Executed 205 of 236[31m (3 FAILED)[39m (skipped 3) (0 secs / 0.172 secs)
[1A[2KHeadlessChrome 75.0.3770 (Linux 0.0.0): Executed 206 of 236[31m (3 FAILED)[39m (skipped 3) (0 secs / 0.172 secs)
[1A[2KHeadlessChrome 75.0.3770 (Linux 0.0.0): Executed 207 of 236[31m (3 FAILED)[39m (skipped 3) (0 secs / 0.178 secs)
[1A[2KHeadlessChrome 75.0.3770 (Linux 0.0.0): Executed 208 of 236[31m (3 FAILED)[39m (skipped 3) (0 secs / 0.179 secs)
[1A[2KHeadlessChrome 75.0.3770 (Linux 0.0.0): Executed 209 of 236[31m (3 FAILED)[39m (skipped 3) (0 secs / 0.182 secs)
[1A[2KHeadlessChrome 75.0.3770 (Linux 0.0.0): Executed 210 of 236[31m (3 FAILED)[39m (skipped 3) (0 secs / 0.183 secs)
[1A[2KHeadlessChrome 75.0.3770 (Linux 0.0.0): Executed 211 of 236[31m (3 FAILED)[39m (skipped 3) (0 secs / 0.184 secs)
[1A[2KHeadlessChrome 75.0.3770 (Linux 0.0.0): Executed 212 of 236[31m (3 FAILED)[39m (skipped 3) (0 secs / 0.185 secs)
[1A[2KHeadlessChrome 75.0.3770 (Linux 0.0.0): Executed 213 of 236[31m (3 FAILED)[39m (skipped 3) (0 secs / 0.186 secs)
[1A[2KHeadlessChrome 75.0.3770 (Linux 0.0.0): Executed 214 of 236[31m (3 FAILED)[39m (skipped 3) (0 secs / 0.187 secs)
[1A[2KHeadlessChrome 75.0.3770 (Linux 0.0.0): Executed 215 of 236[31m (3 FAILED)[39m (skipped 3) (0 secs / 0.188 secs)
[1A[2KHeadlessChrome 75.0.3770 (Linux 0.0.0): Executed 216 of 236[31m (3 FAILED)[39m (skipped 3) (0 secs / 0.188 secs)
[1A[2KHeadlessChrome 75.0.3770 (Linux 0.0.0): Executed 217 of 236[31m (3 FAILED)[39m (skipped 3) (0 secs / 0.188 secs)
[1A[2KHeadlessChrome 75.0.3770 (Linux 0.0.0): Executed 218 of 236[31m (3 FAILED)[39m (skipped 3) (0 secs / 0.188 secs)
[1A[2KHeadlessChrome 75.0.3770 (Linux 0.0.0): Executed 219 of 236[31m (3 FAILED)[39m (skipped 3) (0 secs / 0.189 secs)
[1A[2KHeadlessChrome 75.0.3770 (Linux 0.0.0): Executed 220 of 236[31m (3 FAILED)[39m (skipped 3) (0 secs / 0.19 secs)
[1A[2KHeadlessChrome 75.0.3770 (Linux 0.0.0): Executed 221 of 236[31m (3 FAILED)[39m (skipped 3) (0 secs / 0.191 secs)
[1A[2KHeadlessChrome 75.0.3770 (Linux 0.0.0): Executed 222 of 236[31m (3 FAILED)[39m (skipped 3) (0 secs / 0.191 secs)
[1A[2KHeadlessChrome 75.0.3770 (Linux 0.0.0): Executed 223 of 236[31m (3 FAILED)[39m (skipped 3) (0 secs / 0.191 secs)
[1A[2KHeadlessChrome 75.0.3770 (Linux 0.0.0): Executed 224 of 236[31m (3 FAILED)[39m (skipped 3) (0 secs / 0.191 secs)
[1A[2KHeadlessChrome 75.0.3770 (Linux 0.0.0): Executed 225 of 236[31m (3 FAILED)[39m (skipped 3) (0 secs / 0.191 secs)
[1A[2KHeadlessChrome 75.0.3770 (Linux 0.0.0): Executed 226 of 236[31m (3 FAILED)[39m (skipped 3) (0 secs / 0.191 secs)
[1A[2KHeadlessChrome 75.0.3770 (Linux 0.0.0): Executed 227 of 236[31m (3 FAILED)[39m (skipped 3) (0 secs / 0.193 secs)
[1A[2KHeadlessChrome 75.0.3770 (Linux 0.0.0): Executed 228 of 236[31m (3 FAILED)[39m (skipped 3) (0 secs / 0.194 secs)
[1A[2KHeadlessChrome 75.0.3770 (Linux 0.0.0): Executed 229 of 236[31m (3 FAILED)[39m (skipped 3) (0 secs / 0.194 secs)
[1A[2KHeadlessChrome 75.0.3770 (Linux 0.0.0): Executed 230 of 236[31m (3 FAILED)[39m (skipped 3) (0 secs / 0.194 secs)
[1A[2KHeadlessChrome 75.0.3770 (Linux 0.0.0): Executed 231 of 236[31m (3 FAILED)[39m (skipped 3) (0 secs / 0.194 secs)
[1A[2KHeadlessChrome 75.0.3770 (Linux 0.0.0): Executed 232 of 236[31m (3 FAILED)[39m (skipped 3) (0 secs / 0.194 secs)
[1A[2KHeadlessChrome 75.0.3770 (Linux 0.0.0): Executed 233 of 236[31m (3 FAILED)[39m (skipped 3) (0 secs / 0.195 secs)
[1A[2KHeadlessChrome 75.0.3770 (Linux 0.0.0): Executed 233 of 236[31m (3 FAILED)[39m (skipped 3) (0.421 secs / 0.195 secs)
[31mTOTAL: 3 FAILED, 230 SUCCESS[39m
